<html>
<body>
<pre>
<h1>µVision Build Log</h1>
<h2>Tool Versions:</h2>
IDE-Version: ¦ÌVision V5.18.0.0
Copyright (C) 2016 ARM Ltd and ARM Germany GmbH. All rights reserved.
License Information: w AutoBVT, Microsoft, LIC=S5ITG-V64VF-24PSS-LCJML-UMX31-LS9PD
 
Tool Versions:
Toolchain:       MDK-ARM Professional  Version: 5.18
Toolchain Path:  d:\Keil\ARM\ARMCC\Bin
C Compiler:      Armcc.exe V5.06 update 1 (build 61)
Assembler:       Armasm.exe V5.06 update 1 (build 61)
Linker/Locator:  ArmLink.exe V5.06 update 1 (build 61)
Library Manager: ArmAr.exe V5.06 update 1 (build 61)
Hex Converter:   FromElf.exe V5.06 update 1 (build 61)
CPU DLL:         SARMCM3.DLL V5.18
Dialog DLL:      DCM.DLL V1.13.6.0
Target DLL:      Segger\JL2CM3.dll V2.99.18.0
Dialog DLL:      TCM.DLL V1.14.8.0
 
<h2>Project:</h2>
C:\Users\Administrator\Desktop\PM2.5\Projects\SensorTile\Applications\DataLog\MDK-ARM\Project.uvprojx
Project File Date:  04/24/2017

<h2>Output:</h2>
*** Using Compiler 'V5.06 update 1 (build 61)', folder: 'd:\Keil\ARM\ARMCC\Bin'
Build target 'DataLog_STM32L476RG_SensorTile'
compiling datalog_application.c...
compiling main.c...
linking...
Program Size: Code=68656 RO-data=2348 RW-data=804 ZI-data=26084  
FromELF: creating hex file...
After Build - User command #1: d:\Keil\\ARM\ARMCC\bin\fromelf.exe --bin --output=STM32L476JG_SensorTile.bin .\STM32L476RG_NUCLEO\STM32L476JG_SensorTile.axf
".\STM32L476RG_NUCLEO\STM32L476JG_SensorTile.axf" - 0 Error(s), 0 Warning(s).

<h2>Software Packages used:</h2>

Package Vendor: ARM
                http://www.keil.com/pack/ARM.CMSIS.4.5.0.pack
                ARM::CMSIS:CORE:4.3.0
                CMSIS (Cortex Microcontroller Software Interface Standard)
   * Component: CORE Version: 4.3.0

<h2>Collection of Component include folders:</h2>
  C:\Users\Administrator\Desktop\PM2.5\Projects\SensorTile\Applications\DataLog\MDK-ARM\RTE
  d:\Keil\ARM\PACK\ARM\CMSIS\4.5.0\CMSIS\Include
  d:\Keil\ARM\PACK\Keil\STM32L4xx_DFP\1.3.0\Device\Include

<h2>Collection of Component Files used:</h2>

   * Component: ARM::CMSIS:CORE:4.3.0
Build Time Elapsed:  00:00:31
</pre>
</body>
</html>
