Component: ARM Compiler 5.06 update 1 (build 61) Tool: armlink [4d35a8]

==============================================================================

Section Cross References

    startup_stm32l476xx.o(RESET) refers to startup_stm32l476xx.o(STACK) for __initial_sp
    startup_stm32l476xx.o(RESET) refers to startup_stm32l476xx.o(.text) for Reset_Handler
    startup_stm32l476xx.o(RESET) refers to stm32l4xx_it.o(i.NMI_Handler) for NMI_Handler
    startup_stm32l476xx.o(RESET) refers to stm32l4xx_it.o(i.HardFault_Handler) for HardFault_Handler
    startup_stm32l476xx.o(RESET) refers to stm32l4xx_it.o(i.DebugMon_Handler) for DebugMon_Handler
    startup_stm32l476xx.o(RESET) refers to stm32l4xx_it.o(i.SysTick_Handler) for SysTick_Handler
    startup_stm32l476xx.o(RESET) refers to stm32l4xx_it.o(i.EXTI2_IRQHandler) for EXTI2_IRQHandler
    startup_stm32l476xx.o(RESET) refers to stm32l4xx_it.o(i.TIM3_IRQHandler) for TIM3_IRQHandler
    startup_stm32l476xx.o(RESET) refers to main.o(i.UART5_IRQHandler) for UART5_IRQHandler
    startup_stm32l476xx.o(RESET) refers to stm32l4xx_it.o(i.OTG_FS_IRQHandler) for OTG_FS_IRQHandler
    startup_stm32l476xx.o(.text) refers to system_stm32l4xx.o(i.SystemInit) for SystemInit
    startup_stm32l476xx.o(.text) refers to entry.o(.ARM.Collect$$$$00000000) for __main
    usbd_core.o(i.USBD_DeInit) refers to usbd_conf.o(i.USBD_LL_Stop) for USBD_LL_Stop
    usbd_core.o(i.USBD_DeInit) refers to usbd_conf.o(i.USBD_LL_DeInit) for USBD_LL_DeInit
    usbd_core.o(i.USBD_Init) refers to usbd_conf.o(i.USBD_LL_Init) for USBD_LL_Init
    usbd_core.o(i.USBD_LL_DataInStage) refers to usbd_ioreq.o(i.USBD_CtlContinueSendData) for USBD_CtlContinueSendData
    usbd_core.o(i.USBD_LL_DataInStage) refers to usbd_conf.o(i.USBD_LL_PrepareReceive) for USBD_LL_PrepareReceive
    usbd_core.o(i.USBD_LL_DataInStage) refers to usbd_ioreq.o(i.USBD_CtlReceiveStatus) for USBD_CtlReceiveStatus
    usbd_core.o(i.USBD_LL_DataInStage) refers to usbd_core.o(i.USBD_RunTestMode) for USBD_RunTestMode
    usbd_core.o(i.USBD_LL_DataOutStage) refers to usbd_ioreq.o(i.USBD_CtlContinueRx) for USBD_CtlContinueRx
    usbd_core.o(i.USBD_LL_DataOutStage) refers to usbd_ioreq.o(i.USBD_CtlSendStatus) for USBD_CtlSendStatus
    usbd_core.o(i.USBD_LL_Reset) refers to usbd_conf.o(i.USBD_LL_OpenEP) for USBD_LL_OpenEP
    usbd_core.o(i.USBD_LL_SetupStage) refers to usbd_ctlreq.o(i.USBD_ParseSetupRequest) for USBD_ParseSetupRequest
    usbd_core.o(i.USBD_LL_SetupStage) refers to usbd_ctlreq.o(i.USBD_StdDevReq) for USBD_StdDevReq
    usbd_core.o(i.USBD_LL_SetupStage) refers to usbd_ctlreq.o(i.USBD_StdItfReq) for USBD_StdItfReq
    usbd_core.o(i.USBD_LL_SetupStage) refers to usbd_ctlreq.o(i.USBD_StdEPReq) for USBD_StdEPReq
    usbd_core.o(i.USBD_LL_SetupStage) refers to usbd_conf.o(i.USBD_LL_StallEP) for USBD_LL_StallEP
    usbd_core.o(i.USBD_Start) refers to usbd_conf.o(i.USBD_LL_Start) for USBD_LL_Start
    usbd_core.o(i.USBD_Stop) refers to usbd_conf.o(i.USBD_LL_Stop) for USBD_LL_Stop
    usbd_ctlreq.o(i.USBD_ClrFeature) refers to usbd_ioreq.o(i.USBD_CtlSendStatus) for USBD_CtlSendStatus
    usbd_ctlreq.o(i.USBD_ClrFeature) refers to usbd_ctlreq.o(i.USBD_CtlError) for USBD_CtlError
    usbd_ctlreq.o(i.USBD_CtlError) refers to usbd_conf.o(i.USBD_LL_StallEP) for USBD_LL_StallEP
    usbd_ctlreq.o(i.USBD_GetConfig) refers to usbd_ctlreq.o(i.USBD_CtlError) for USBD_CtlError
    usbd_ctlreq.o(i.USBD_GetConfig) refers to usbd_ioreq.o(i.USBD_CtlSendData) for USBD_CtlSendData
    usbd_ctlreq.o(i.USBD_GetDescriptor) refers to usbd_ctlreq.o(i.USBD_CtlError) for USBD_CtlError
    usbd_ctlreq.o(i.USBD_GetDescriptor) refers to usbd_ioreq.o(i.USBD_CtlSendData) for USBD_CtlSendData
    usbd_ctlreq.o(i.USBD_GetStatus) refers to usbd_ioreq.o(i.USBD_CtlSendData) for USBD_CtlSendData
    usbd_ctlreq.o(i.USBD_GetStatus) refers to usbd_ctlreq.o(i.USBD_CtlError) for USBD_CtlError
    usbd_ctlreq.o(i.USBD_GetString) refers to usbd_ctlreq.o(i.USBD_GetLen) for USBD_GetLen
    usbd_ctlreq.o(i.USBD_SetAddress) refers to usbd_ctlreq.o(i.USBD_CtlError) for USBD_CtlError
    usbd_ctlreq.o(i.USBD_SetAddress) refers to usbd_conf.o(i.USBD_LL_SetUSBAddress) for USBD_LL_SetUSBAddress
    usbd_ctlreq.o(i.USBD_SetAddress) refers to usbd_ioreq.o(i.USBD_CtlSendStatus) for USBD_CtlSendStatus
    usbd_ctlreq.o(i.USBD_SetConfig) refers to usbd_ctlreq.o(i.USBD_CtlError) for USBD_CtlError
    usbd_ctlreq.o(i.USBD_SetConfig) refers to usbd_core.o(i.USBD_SetClassConfig) for USBD_SetClassConfig
    usbd_ctlreq.o(i.USBD_SetConfig) refers to usbd_ioreq.o(i.USBD_CtlSendStatus) for USBD_CtlSendStatus
    usbd_ctlreq.o(i.USBD_SetConfig) refers to usbd_core.o(i.USBD_ClrClassConfig) for USBD_ClrClassConfig
    usbd_ctlreq.o(i.USBD_SetConfig) refers to usbd_ctlreq.o(.data) for cfgidx
    usbd_ctlreq.o(i.USBD_SetFeature) refers to usbd_ioreq.o(i.USBD_CtlSendStatus) for USBD_CtlSendStatus
    usbd_ctlreq.o(i.USBD_StdDevReq) refers to usbd_ctlreq.o(i.USBD_GetDescriptor) for USBD_GetDescriptor
[...]
    setCursor                                0x08014b0d   Thumb Code    34  1602_iic_sw.o(i.setCursor)
    sqrt                                     0x08014b2f   Thumb Code   110  sqrt.o(i.sqrt)
    writeOneChar                             0x08014d65   Thumb Code    80  1602_iic_sw.o(i.writeOneChar)
    AHBPrescTable                            0x08014db8   Data          16  system_stm32l4xx.o(.constdata)
    APBPrescTable                            0x08014dc8   Data           8  system_stm32l4xx.o(.constdata)
    MSIRangeTable                            0x08014dd0   Data          48  system_stm32l4xx.o(.constdata)
    LSM303AGR_ACC_Sensitivity_List           0x08014e00   Data          96  lsm303agr_acc_driver.o(.constdata)
    GPIO_PIN                                 0x08014e60   Data           8  sensortile.o(.constdata)
    Ainit                                    0x08014e68   Data          42  1602_iic_sw.o(.constdata)
    SD_Driver                                0x0801540c   Data          20  sd_diskio.o(.constdata)
    __mathlib_zero                           0x080154a8   Data           8  qnan.o(.constdata)
    Region$$Table$$Base                      0x0801553c   Number         0  anon$$obj.o(Region$$Table)
    Region$$Table$$Limit                     0x0801555c   Number         0  anon$$obj.o(Region$$Table)
    uwTick                                   0x20000004   Data           4  stm32l4xx_hal.o(.data)
    SystemCoreClock                          0x20000008   Data           4  system_stm32l4xx.o(.data)
    LPS22HB_P_Drv                            0x2000000c   Data          40  lps22hb_driver_hl.o(.data)
    LPS22HB_T_Drv                            0x20000034   Data          40  lps22hb_driver_hl.o(.data)
    LPS22HB_ExtDrv                           0x2000005c   Data          60  lps22hb_driver_hl.o(.data)
    LPS22HB_Combo_Data                       0x20000098   Data           8  lps22hb_driver_hl.o(.data)
    LSM6DSM_X_ExtDrv                         0x200000a0   Data         148  lsm6dsm_acc_gyro_driver_hl.o(.data)
    LSM6DSM_X_Drv                            0x20000134   Data          68  lsm6dsm_acc_gyro_driver_hl.o(.data)
    LSM6DSM_G_Drv                            0x20000178   Data          68  lsm6dsm_acc_gyro_driver_hl.o(.data)
    LSM6DSM_Combo_Data                       0x200001bc   Data           2  lsm6dsm_acc_gyro_driver_hl.o(.data)
    LSM303AGR_X_Drv                          0x200001c0   Data          68  lsm303agr_acc_driver_hl.o(.data)
    LSM303AGR_Combo_Data                     0x20000204   Data           2  lsm303agr_acc_driver_hl.o(.data)
    LSM303AGR_M_Drv                          0x20000208   Data          60  lsm303agr_mag_driver_hl.o(.data)
    GPIO_PORT                                0x20000248   Data           8  sensortile.o(.data)
    SpixTimeout                              0x20000250   Data           4  sensortile.o(.data)
    SdStatus                                 0x20000284   Data           1  sensortile_sd.o(.data)
    SD_CardType                              0x20000285   Data           1  sensortile_sd.o(.data)
    res                                      0x20000288   Data           1  datalog_application.o(.data)
    byteswritten                             0x2000028c   Data           4  datalog_application.o(.data)
    bytesread                                0x20000290   Data           4  datalog_application.o(.data)
    SDPath                                   0x20000294   Data           4  datalog_application.o(.data)
    SD_Log_Enabled                           0x20000298   Data           1  datalog_application.o(.data)
    pressure                                 0x2000029c   Data           4  datalog_application.o(.data)
    newLine                                  0x200002a0   Data           3  datalog_application.o(.data)
    SendOverUSB                              0x200002a8   Data           1  main.o(.data)
    pRxData                                  0x200002a9   Data           1  main.o(.data)
    flag                                     0x200002aa   Data           1  main.o(.data)
    start                                    0x200002ab   Data           1  main.o(.data)
    i                                        0x200002ac   Data           1  main.o(.data)
    air                                      0x200002ad   Data           1  main.o(.data)
    j                                        0x200002ae   Data           1  main.o(.data)
    onerun                                   0x200002af   Data           1  main.o(.data)
    sdcount                                  0x200002b0   Data           1  main.o(.data)
    itflag                                   0x200002b1   Data           1  main.o(.data)
    count                                    0x200002b2   Data           1  main.o(.data)
    pressfloat                               0x200002b4   Data           2  main.o(.data)
    LineCoding                               0x200002e0   Data           8  usbd_cdc_interface.o(.data)
    BuffLength                               0x200002e8   Data           4  usbd_cdc_interface.o(.data)
    UserTxBufPtrIn                           0x200002ec   Data           4  usbd_cdc_interface.o(.data)
    UserTxBufPtrOut                          0x200002f0   Data           4  usbd_cdc_interface.o(.data)
    USB_RxBufferStart_idx                    0x200002f4   Data           2  usbd_cdc_interface.o(.data)
    USBD_CDC_fops                            0x200002f8   Data          16  usbd_cdc_interface.o(.data)
    __stdout                                 0x20000314   Data           4  stdout.o(.data)
    __microlib_freelist                      0x20000318   Data           4  mvars.o(.data)
    __microlib_freelist_initialised          0x2000031c   Data           4  mvars.o(.data)
    SDFatFs                                  0x200004bc   Data         560  datalog_application.o(.bss)
    MyFile                                   0x200006ec   Data         556  datalog_application.o(.bss)
    huart5                                   0x20000a18   Data         112  main.o(.bss)
    pmbuff                                   0x20000a88   Data           9  main.o(.bss)
    UserRxBuffer                             0x20000ab8   Data        2048  usbd_cdc_interface.o(.bss)
    UserTxBuffer                             0x200012b8   Data        2048  usbd_cdc_interface.o(.bss)
    USB_RxBuffer                             0x20001ab8   Data        2048  usbd_cdc_interface.o(.bss)
    TimHandle                                0x200022b8   Data          60  usbd_cdc_interface.o(.bss)
    USBD_Device                              0x200022f4   Data         548  usbd_cdc_interface.o(.bss)
    hpcd                                     0x20002518   Data         972  usbd_conf.o(.bss)
    disk                                     0x200028fc   Data          12  ff_gen_drv.o(.bss)
    __heap_base                              0x20002908   Data           0  startup_stm32l476xx.o(HEAP)
    __heap_limit                             0x20004908   Data           0  startup_stm32l476xx.o(HEAP)
    __initial_sp                             0x20006908   Data           0  startup_stm32l476xx.o(STACK)



==============================================================================

Memory Map of the image

  Image Entry point : 0x08004189

  Load Region LR_IROM1 (Base: 0x08004000, Size: 0x00011880, Max: 0x00100000, ABSOLUTE, COMPRESSED[0x00011744])

    Execution Region ER_IROM1 (Base: 0x08004000, Size: 0x0001155c, Max: 0x00100000, ABSOLUTE)

    Base Addr    Size         Type   Attr      Idx    E Section Name        Object

    0x08004000   0x00000188   Data   RO            3    RESET               startup_stm32l476xx.o
    0x08004188   0x00000000   Code   RO        13122  * .ARM.Collect$$$$00000000  mc_w.l(entry.o)
    0x08004188   0x00000004   Code   RO        13471    .ARM.Collect$$$$00000001  mc_w.l(entry2.o)
    0x0800418c   0x00000004   Code   RO        13474    .ARM.Collect$$$$00000004  mc_w.l(entry5.o)
    0x08004190   0x00000000   Code   RO        13476    .ARM.Collect$$$$00000008  mc_w.l(entry7b.o)
    0x08004190   0x00000000   Code   RO        13478    .ARM.Collect$$$$0000000A  mc_w.l(entry8b.o)
    0x08004190   0x00000008   Code   RO        13479    .ARM.Collect$$$$0000000B  mc_w.l(entry9a.o)
    0x08004198   0x00000000   Code   RO        13481    .ARM.Collect$$$$0000000D  mc_w.l(entry10a.o)
    0x08004198   0x00000000   Code   RO        13483    .ARM.Collect$$$$0000000F  mc_w.l(entry11a.o)
    0x08004198   0x00000004   Code   RO        13472    .ARM.Collect$$$$00002712  mc_w.l(entry2.o)
    0x0800419c   0x00000024   Code   RO            4    .text               startup_stm32l476xx.o
    0x080041c0   0x00000068   Code   RO        13125    .text               mc_w.l(uldiv.o)
    0x08004228   0x00000062   Code   RO        13127    .text               mc_w.l(ldiv.o)
    0x0800428a   0x00000024   Code   RO        13129    .text               mc_w.l(memcpya.o)
    0x080042ae   0x00000024   Code   RO        13131    .text               mc_w.l(memseta.o)
    0x080042d2   0x0000000e   Code   RO        13133    .text               mc_w.l(strlen.o)
    0x080042e0   0x000000ea   Code   RO        13426    .text               mf_w.l(dmul.o)
    0x080043ca   0x00000022   Code   RO        13428    .text               mf_w.l(dflti.o)
    0x080043ec   0x0000003e   Code   RO        13430    .text               mf_w.l(dfixi.o)
    0x0800442a   0x00000026   Code   RO        13432    .text               mf_w.l(f2d.o)
    0x08004450   0x0000002c   Code   RO        13486    .text               mc_w.l(uidiv.o)
    0x0800447c   0x0000001e   Code   RO        13488    .text               mc_w.l(llshl.o)
    0x0800449a   0x00000020   Code   RO        13490    .text               mc_w.l(llushr.o)
    0x080044ba   0x00000000   Code   RO        13501    .text               mc_w.l(iusefp.o)
    0x080044ba   0x000000ba   Code   RO        13502    .text               mf_w.l(depilogue.o)
    0x08004574   0x0000015e   Code   RO        13504    .text               mf_w.l(dadd.o)
    0x080046d2   0x000000de   Code   RO        13506    .text               mf_w.l(ddiv.o)
    0x080047b0   0x0000002e   Code   RO        13510    .text               mf_w.l(dscalb.o)
    0x080047de   0x00000002   PAD
    0x080047e0   0x00000088   Code   RO        13512    .text               mf_w.l(drnd.o)
    0x08004868   0x00000030   Code   RO        13514    .text               mf_w.l(dfixul.o)
    0x08004898   0x00000030   Code   RO        13516    .text               mf_w.l(cdcmple.o)
    0x080048c8   0x00000030   Code   RO        13518    .text               mf_w.l(cdrcmple.o)
    0x080048f8   0x00000024   Code   RO        13520    .text               mc_w.l(init.o)
    0x0800491c   0x00000024   Code   RO        13522    .text               mc_w.l(llsshr.o)
    0x08004940   0x000000a2   Code   RO        13524    .text               mf_w.l(dsqrt.o)
    0x080049e2   0x00000056   Code   RO        13534    .text               mc_w.l(__dczerorl2.o)
    0x08004a38   0x000000b8   Code   RO        11633    i.Accelero_Sensor_Handler  datalog_application.o
    0x08004af0   0x00000036   Code   RO        10259    i.BSP_ACCELERO_Get_Axes  sensortile_accelero.o
    0x08004b26   0x00000018   Code   RO        10265    i.BSP_ACCELERO_Get_Instance  sensortile_accelero.o
    0x08004b3e   0x00000052   Code   RO        10274    i.BSP_ACCELERO_Init  sensortile_accelero.o
    0x08004b90   0x00000018   Code   RO        10277    i.BSP_ACCELERO_IsInitialized  sensortile_accelero.o
    0x08004ba8   0x00000028   Code   RO        10280    i.BSP_ACCELERO_Sensor_Enable  sensortile_accelero.o
    0x08004bd0   0x00000036   Code   RO        10629    i.BSP_GYRO_Get_Axes  sensortile_gyro.o
    0x08004c06   0x00000018   Code   RO        10633    i.BSP_GYRO_Get_Instance  sensortile_gyro.o
    0x08004c1e   0x00000036   Code   RO        10637    i.BSP_GYRO_Init     sensortile_gyro.o
    0x08004c54   0x00000018   Code   RO        10640    i.BSP_GYRO_IsInitialized  sensortile_gyro.o
    0x08004c6c   0x00000028   Code   RO        10642    i.BSP_GYRO_Sensor_Enable  sensortile_gyro.o
    0x08004c94   0x00000098   Code   RO         9971    i.BSP_LED_Init      sensortile.o
    0x08004d2c   0x00000040   Code   RO         9972    i.BSP_LED_Off       sensortile.o
    0x08004d6c   0x00000040   Code   RO         9973    i.BSP_LED_On        sensortile.o
    0x08004dac   0x000000ec   Code   RO        11046    i.BSP_LPS22HB_PRESSURE_Init  sensortile_pressure.o
    0x08004e98   0x000000d4   Code   RO        10293    i.BSP_LSM303AGR_ACCELERO_Init  sensortile_accelero.o
    0x08004f6c   0x000000c4   Code   RO        10899    i.BSP_LSM303AGR_MAGNETO_Init  sensortile_magneto.o
    0x08005030   0x000000cc   Code   RO        10294    i.BSP_LSM6DSM_ACCELERO_Init  sensortile_accelero.o
    0x080050fc   0x000000c4   Code   RO        10648    i.BSP_LSM6DSM_GYRO_Init  sensortile_gyro.o
    0x080051c0   0x00000036   Code   RO        10902    i.BSP_MAGNETO_Get_Axes  sensortile_magneto.o
    0x080051f6   0x00000036   Code   RO        10904    i.BSP_MAGNETO_Get_FS  sensortile_magneto.o
    0x0800522c   0x00000018   Code   RO        10905    i.BSP_MAGNETO_Get_Instance  sensortile_magneto.o
    0x08005244   0x00000036   Code   RO        10906    i.BSP_MAGNETO_Get_ODR  sensortile_magneto.o
    0x0800527a   0x00000036   Code   RO        10908    i.BSP_MAGNETO_Get_WhoAmI  sensortile_magneto.o
    0x080052b0   0x00000036   Code   RO        10909    i.BSP_MAGNETO_Init  sensortile_magneto.o
    0x080052e6   0x00000018   Code   RO        10912    i.BSP_MAGNETO_IsInitialized  sensortile_magneto.o
    0x080052fe   0x00000028   Code   RO        10914    i.BSP_MAGNETO_Sensor_Enable  sensortile_magneto.o
    0x08005326   0x00000018   Code   RO        11049    i.BSP_PRESSURE_Get_Instance  sensortile_pressure.o
    0x0800533e   0x00000036   Code   RO        11051    i.BSP_PRESSURE_Get_Press  sensortile_pressure.o
    0x08005374   0x00000036   Code   RO        11053    i.BSP_PRESSURE_Init  sensortile_pressure.o
    0x080053aa   0x00000018   Code   RO        11056    i.BSP_PRESSURE_IsInitialized  sensortile_pressure.o
    0x080053c2   0x00000028   Code   RO        11058    i.BSP_PRESSURE_Sensor_Enable  sensortile_pressure.o
    0x080053ea   0x0000003e   Code   RO        11282    i.BSP_SD_GetCardInfo  sensortile_sd.o
    0x08005428   0x00000004   Code   RO        11283    i.BSP_SD_GetStatus  sensortile_sd.o
    0x0800542c   0x0000003c   Code   RO        11284    i.BSP_SD_Init       sensortile_sd.o
    0x08005468   0x000000ca   Code   RO        11285    i.BSP_SD_ReadBlocks  sensortile_sd.o
    0x08005532   0x00000002   PAD
    0x08005534   0x000000ba   Code   RO        11286    i.BSP_SD_WriteBlocks  sensortile_sd.o
    0x080055ee   0x00000002   PAD
    0x080055f0   0x000000a0   Code   RO        12018    i.CDC_Itf_Control   usbd_cdc_interface.o
    0x08005690   0x00000004   Code   RO        12019    i.CDC_Itf_DeInit    usbd_cdc_interface.o
    0x08005694   0x00000068   Code   RO        12020    i.CDC_Itf_Init      usbd_cdc_interface.o
    0x080056fc   0x00000006   Code   RO        12021    i.CDC_Itf_Receive   usbd_cdc_interface.o
    0x08005702   0x00000002   PAD
    0x08005704   0x00000040   Code   RO        11634    i.DATALOG_SD_Init   datalog_application.o
    0x08005744   0x00000014   Code   RO        11635    i.DATALOG_SD_Log_Disable  datalog_application.o
    0x08005758   0x00000098   Code   RO        11636    i.DATALOG_SD_Log_Enable  datalog_application.o
    0x080057f0   0x00000002   Code   RO        11953    i.DebugMon_Handler  stm32l4xx_it.o
    0x080057f2   0x0000000a   Code   RO        11954    i.EXTI2_IRQHandler  stm32l4xx_it.o
    0x080057fc   0x00000004   Code   RO        11601    i.Error_Handler     cube_hal_l4.o
    0x08005800   0x00000004   Code   RO        11784    i.Error_Handler     main.o
    0x08005804   0x00000002   Code   RO        12022    i.Error_Handler     usbd_cdc_interface.o
    0x08005806   0x00000012   Code   RO        12924    i.FATFS_LinkDriver  ff_gen_drv.o
    0x08005818   0x00000054   Code   RO        12925    i.FATFS_LinkDriverEx  ff_gen_drv.o
    0x0800586c   0x000000b8   Code   RO        11639    i.Gyro_Sensor_Handler  datalog_application.o
    0x08005924   0x0000005e   Code   RO          779    i.HAL_DMA_Abort_IT  stm32l4xx_hal_dma.o
    0x08005982   0x0000001a   Code   RO          461    i.HAL_Delay         stm32l4xx_hal.o
    0x0800599c   0x0000000c   Code   RO        11785    i.HAL_GPIO_EXTI_Callback  main.o
    0x080059a8   0x0000001c   Code   RO          874    i.HAL_GPIO_EXTI_IRQHandler  stm32l4xx_hal_gpio.o
    0x080059c4   0x00000208   Code   RO          875    i.HAL_GPIO_Init     stm32l4xx_hal_gpio.o
    0x08005bcc   0x00000010   Code   RO          877    i.HAL_GPIO_ReadPin  stm32l4xx_hal_gpio.o
    0x08005bdc   0x0000000a   Code   RO          879    i.HAL_GPIO_WritePin  stm32l4xx_hal_gpio.o
    0x08005be6   0x00000002   PAD
    0x08005be8   0x0000000c   Code   RO          465    i.HAL_GetTick       stm32l4xx_hal.o
    0x08005bf4   0x0000003c   Code   RO          940    i.HAL_I2C_DeInit    stm32l4xx_hal_i2c.o
    0x08005c30   0x00000008   Code   RO          948    i.HAL_I2C_GetState  stm32l4xx_hal_i2c.o
    0x08005c38   0x000000bc   Code   RO          949    i.HAL_I2C_Init      stm32l4xx_hal_i2c.o
    0x08005cf4   0x000001c2   Code   RO          965    i.HAL_I2C_Mem_Read  stm32l4xx_hal_i2c.o
    0x08005eb6   0x00000002   PAD
    0x08005eb8   0x000001be   Code   RO          968    i.HAL_I2C_Mem_Write  stm32l4xx_hal_i2c.o
    0x08006076   0x00000002   Code   RO          971    i.HAL_I2C_MspDeInit  stm32l4xx_hal_i2c.o
    0x08006078   0x00000002   Code   RO          972    i.HAL_I2C_MspInit   stm32l4xx_hal_i2c.o
    0x0800607a   0x00000002   PAD
    0x0800607c   0x00000010   Code   RO          466    i.HAL_IncTick       stm32l4xx_hal.o
    0x0800608c   0x00000028   Code   RO          467    i.HAL_Init          stm32l4xx_hal.o
    0x080060b4   0x00000028   Code   RO          468    i.HAL_InitTick      stm32l4xx_hal.o
    0x080060dc   0x00000002   Code   RO          470    i.HAL_MspInit       stm32l4xx_hal.o
    0x080060de   0x0000001a   Code   RO          652    i.HAL_NVIC_EnableIRQ  stm32l4xx_hal_cortex.o
    0x080060f8   0x00000082   Code   RO          658    i.HAL_NVIC_SetPriority  stm32l4xx_hal_cortex.o
    0x0800617a   0x00000002   PAD
    0x0800617c   0x00000028   Code   RO          659    i.HAL_NVIC_SetPriorityGrouping  stm32l4xx_hal_cortex.o
    0x080061a4   0x00000002   Code   RO         4147    i.HAL_PCDEx_LPM_Callback  stm32l4xx_hal_pcd_ex.o
    0x080061a6   0x0000000e   Code   RO        12084    i.HAL_PCD_ConnectCallback  usbd_conf.o
    0x080061b4   0x00000020   Code   RO        12085    i.HAL_PCD_DataInStageCallback  usbd_conf.o
    0x080061d4   0x00000020   Code   RO        12086    i.HAL_PCD_DataOutStageCallback  usbd_conf.o
    0x080061f4   0x0000000e   Code   RO        12087    i.HAL_PCD_DisconnectCallback  usbd_conf.o
    0x08006202   0x0000006a   Code   RO         3936    i.HAL_PCD_EP_ClrStall  stm32l4xx_hal_pcd.o
    0x0800626c   0x0000007e   Code   RO         3939    i.HAL_PCD_EP_Open   stm32l4xx_hal_pcd.o
    0x080062ea   0x00000072   Code   RO         3940    i.HAL_PCD_EP_Receive  stm32l4xx_hal_pcd.o
    0x0800635c   0x0000007c   Code   RO         3941    i.HAL_PCD_EP_SetStall  stm32l4xx_hal_pcd.o
    0x080063d8   0x00000074   Code   RO         3942    i.HAL_PCD_EP_Transmit  stm32l4xx_hal_pcd.o
    0x0800644c   0x000006f6   Code   RO         3944    i.HAL_PCD_IRQHandler  stm32l4xx_hal_pcd.o
    0x08006b42   0x00000012   Code   RO        12088    i.HAL_PCD_ISOINIncompleteCallback  usbd_conf.o
    0x08006b54   0x00000012   Code   RO        12089    i.HAL_PCD_ISOOUTIncompleteCallback  usbd_conf.o
    0x08006b66   0x00000018   Code   RO        12092    i.HAL_PCD_ResetCallback  usbd_conf.o
    0x08006b7e   0x0000000e   Code   RO        12093    i.HAL_PCD_ResumeCallback  usbd_conf.o
    0x08006b8c   0x0000000e   Code   RO        12094    i.HAL_PCD_SOFCallback  usbd_conf.o
    0x08006b9a   0x00000036   Code   RO         3953    i.HAL_PCD_SetAddress  stm32l4xx_hal_pcd.o
    0x08006bd0   0x00000012   Code   RO        12095    i.HAL_PCD_SetupStageCallback  usbd_conf.o
    0x08006be2   0x0000000e   Code   RO        12096    i.HAL_PCD_SuspendCallback  usbd_conf.o
    0x08006bf0   0x00000014   Code   RO         1560    i.HAL_PWREx_EnableVddIO2  stm32l4xx_hal_pwr_ex.o
    0x08006c04   0x00000010   Code   RO         1566    i.HAL_PWREx_GetVoltageRange  stm32l4xx_hal_pwr_ex.o
    0x08006c14   0x00000014   Code   RO         1427    i.HAL_PWR_EnableBkUpAccess  stm32l4xx_hal_pwr.o
    0x08006c28   0x00000020   Code   RO         1882    i.HAL_RCCEx_DisableLSECSS  stm32l4xx_hal_rcc_ex.o
    0x08006c48   0x00000014   Code   RO         1889    i.HAL_RCCEx_EnableMSIPLLMode  stm32l4xx_hal_rcc_ex.o
    0x08006c5c   0x000004d4   Code   RO         1896    i.HAL_RCCEx_PeriphCLKConfig  stm32l4xx_hal_rcc_ex.o
    0x08007130   0x000001e8   Code   RO         1781    i.HAL_RCC_ClockConfig  stm32l4xx_hal_rcc.o
    0x08007318   0x0000000c   Code   RO         1785    i.HAL_RCC_GetHCLKFreq  stm32l4xx_hal_rcc.o
    0x08007324   0x0000002c   Code   RO         1787    i.HAL_RCC_GetPCLK1Freq  stm32l4xx_hal_rcc.o
    0x08007350   0x0000002c   Code   RO         1788    i.HAL_RCC_GetPCLK2Freq  stm32l4xx_hal_rcc.o
    0x0800737c   0x00000174   Code   RO         1789    i.HAL_RCC_GetSysClockFreq  stm32l4xx_hal_rcc.o
    0x080074f0   0x00000654   Code   RO         1792    i.HAL_RCC_OscConfig  stm32l4xx_hal_rcc.o
    0x08007b44   0x0000004c   Code   RO         2022    i.HAL_RTC_GetDate   stm32l4xx_hal_rtc.o
    0x08007b90   0x00000060   Code   RO         2024    i.HAL_RTC_GetTime   stm32l4xx_hal_rtc.o
    0x08007bf0   0x000000c4   Code   RO         2025    i.HAL_RTC_Init      stm32l4xx_hal_rtc.o
    0x08007cb4   0x0000002c   Code   RO        11918    i.HAL_RTC_MspInit   stm32l4xx_hal_msp.o
    0x08007ce0   0x00000124   Code   RO         2031    i.HAL_RTC_SetDate   stm32l4xx_hal_rtc.o
    0x08007e04   0x00000148   Code   RO         2032    i.HAL_RTC_SetTime   stm32l4xx_hal_rtc.o
    0x08007f4c   0x0000003a   Code   RO         2033    i.HAL_RTC_WaitForSynchro  stm32l4xx_hal_rtc.o
    0x08007f86   0x00000036   Code   RO         2398    i.HAL_SPI_DeInit    stm32l4xx_hal_spi.o
    0x08007fbc   0x00000008   Code   RO         2401    i.HAL_SPI_GetState  stm32l4xx_hal_spi.o
    0x08007fc4   0x000000ce   Code   RO         2403    i.HAL_SPI_Init      stm32l4xx_hal_spi.o
    0x08008092   0x00000002   Code   RO         2404    i.HAL_SPI_MspDeInit  stm32l4xx_hal_spi.o
    0x08008094   0x00000002   Code   RO         2405    i.HAL_SPI_MspInit   stm32l4xx_hal_spi.o
    0x08008096   0x000001b0   Code   RO         2411    i.HAL_SPI_Transmit  stm32l4xx_hal_spi.o
    0x08008246   0x00000306   Code   RO         2412    i.HAL_SPI_TransmitReceive  stm32l4xx_hal_spi.o
    0x0800854c   0x00000028   Code   RO          661    i.HAL_SYSTICK_CLKSourceConfig  stm32l4xx_hal_cortex.o
    0x08008574   0x00000034   Code   RO          663    i.HAL_SYSTICK_Config  stm32l4xx_hal_cortex.o
    0x080085a8   0x00000002   Code   RO         3375    i.HAL_TIMEx_BreakCallback  stm32l4xx_hal_tim_ex.o
    0x080085aa   0x00000002   Code   RO         3376    i.HAL_TIMEx_CommutationCallback  stm32l4xx_hal_tim_ex.o
    0x080085ac   0x00000034   Code   RO         2725    i.HAL_TIM_Base_Init  stm32l4xx_hal_tim.o
    0x080085e0   0x00000002   Code   RO         2727    i.HAL_TIM_Base_MspInit  stm32l4xx_hal_tim.o
    0x080085e2   0x0000001e   Code   RO         2730    i.HAL_TIM_Base_Start_IT  stm32l4xx_hal_tim.o
    0x08008600   0x00000002   Code   RO         2754    i.HAL_TIM_IC_CaptureCallback  stm32l4xx_hal_tim.o
    0x08008602   0x00000196   Code   RO         2767    i.HAL_TIM_IRQHandler  stm32l4xx_hal_tim.o
    0x08008798   0x00000002   Code   RO         2770    i.HAL_TIM_OC_DelayElapsedCallback  stm32l4xx_hal_tim.o
    0x0800879a   0x00000002   Code   RO         2797    i.HAL_TIM_PWM_PulseFinishedCallback  stm32l4xx_hal_tim.o
    0x0800879c   0x00000074   Code   RO        12023    i.HAL_TIM_PeriodElapsedCallback  usbd_cdc_interface.o
    0x08008810   0x00000002   Code   RO         2808    i.HAL_TIM_TriggerCallback  stm32l4xx_hal_tim.o
    0x08008812   0x00000002   Code   RO         4495    i.HAL_UARTEx_WakeupCallback  stm32l4xx_hal_uart_ex.o
    0x08008814   0x00000002   Code   RO         4226    i.HAL_UART_ErrorCallback  stm32l4xx_hal_uart.o
    0x08008816   0x00000002   PAD
    0x08008818   0x0000018c   Code   RO         4229    i.HAL_UART_IRQHandler  stm32l4xx_hal_uart.o
    0x080089a4   0x00000078   Code   RO         4230    i.HAL_UART_Init     stm32l4xx_hal_uart.o
    0x08008a1c   0x00000088   Code   RO        11919    i.HAL_UART_MspInit  stm32l4xx_hal_msp.o
    0x08008aa4   0x000000c8   Code   RO         4235    i.HAL_UART_Receive_IT  stm32l4xx_hal_uart.o
    0x08008b6c   0x000000d0   Code   RO        11786    i.HAL_UART_RxCpltCallback  main.o
    0x08008c3c   0x000000c6   Code   RO         4238    i.HAL_UART_Transmit  stm32l4xx_hal_uart.o
    0x08008d02   0x00000002   Code   RO         4241    i.HAL_UART_TxCpltCallback  stm32l4xx_hal_uart.o
    0x08008d04   0x00000004   Code   RO        11955    i.HardFault_Handler  stm32l4xx_it.o
    0x08008d08   0x00000028   Code   RO          991    i.I2C_Flush_TXDR    stm32l4xx_hal_i2c.o
    0x08008d30   0x0000008c   Code   RO          999    i.I2C_IsAcknowledgeFailed  stm32l4xx_hal_i2c.o
    0x08008dbc   0x0000008c   Code   RO         1002    i.I2C_RequestMemoryRead  stm32l4xx_hal_i2c.o
    0x08008e48   0x0000008c   Code   RO         1003    i.I2C_RequestMemoryWrite  stm32l4xx_hal_i2c.o
    0x08008ed4   0x00000014   Code   RO         9975    i.I2C_SENSORTILE_Error  sensortile.o
    0x08008ee8   0x00000048   Code   RO         9976    i.I2C_SENSORTILE_Init  sensortile.o
    0x08008f30   0x000000a8   Code   RO         9977    i.I2C_SENSORTILE_MspInit  sensortile.o
    0x08008fd8   0x0000004e   Code   RO         9978    i.I2C_SENSORTILE_ReadData  sensortile.o
    0x08009026   0x00000002   PAD
    0x08009028   0x0000004e   Code   RO         9979    i.I2C_SENSORTILE_WriteData  sensortile.o
    0x08009076   0x00000002   PAD
    0x08009078   0x00000030   Code   RO         1006    i.I2C_TransferConfig  stm32l4xx_hal_i2c.o
    0x080090a8   0x00000056   Code   RO         1007    i.I2C_WaitOnFlagUntilTimeout  stm32l4xx_hal_i2c.o
    0x080090fe   0x00000056   Code   RO         1009    i.I2C_WaitOnSTOPFlagUntilTimeout  stm32l4xx_hal_i2c.o
    0x08009154   0x0000005a   Code   RO         1010    i.I2C_WaitOnTXISFlagUntilTimeout  stm32l4xx_hal_i2c.o
    0x080091ae   0x00000002   PAD
    0x080091b0   0x00000080   Code   RO        12411    i.IIC_Send_Byte     moniiic.o
    0x08009230   0x00000058   Code   RO        12412    i.IIC_Start         moniiic.o
    0x08009288   0x00000058   Code   RO        12413    i.IIC_Stop          moniiic.o
    0x080092e0   0x00000070   Code   RO        12414    i.IIC_Wait_Ack      moniiic.o
    0x08009350   0x00000028   Code   RO         5408    i.LPS22HB_Check_WhoAmI  lps22hb_driver_hl.o
    0x08009378   0x00000028   Code   RO         5409    i.LPS22HB_FIFO_Get_Data  lps22hb_driver_hl.o
    0x080093a0   0x0000001e   Code   RO         5410    i.LPS22HB_FIFO_Get_Empty_Status  lps22hb_driver_hl.o
    0x080093be   0x0000001e   Code   RO         5411    i.LPS22HB_FIFO_Get_Fth_Status  lps22hb_driver_hl.o
    0x080093dc   0x0000001e   Code   RO         5412    i.LPS22HB_FIFO_Get_Full_Status  lps22hb_driver_hl.o
    0x080093fa   0x0000001e   Code   RO         5413    i.LPS22HB_FIFO_Get_Mode  lps22hb_driver_hl.o
    0x08009418   0x0000001e   Code   RO         5414    i.LPS22HB_FIFO_Get_Num_Of_Samples  lps22hb_driver_hl.o
    0x08009436   0x0000001e   Code   RO         5415    i.LPS22HB_FIFO_Get_Ovr_Status  lps22hb_driver_hl.o
    0x08009454   0x00000018   Code   RO         5416    i.LPS22HB_FIFO_Get_Watermark_Level  lps22hb_driver_hl.o
    0x0800946c   0x0000004c   Code   RO         5417    i.LPS22HB_FIFO_Reset_Interrupt  lps22hb_driver_hl.o
    0x080094b8   0x0000004c   Code   RO         5418    i.LPS22HB_FIFO_Set_Interrupt  lps22hb_driver_hl.o
    0x08009504   0x00000046   Code   RO         5419    i.LPS22HB_FIFO_Set_Mode  lps22hb_driver_hl.o
    0x0800954a   0x00000018   Code   RO         5420    i.LPS22HB_FIFO_Set_Watermark_Level  lps22hb_driver_hl.o
    0x08009562   0x0000002a   Code   RO         5421    i.LPS22HB_FIFO_Stop_On_Fth  lps22hb_driver_hl.o
    0x0800958c   0x0000002a   Code   RO         5422    i.LPS22HB_FIFO_Usage  lps22hb_driver_hl.o
    0x080095b6   0x0000002a   Code   RO         5423    i.LPS22HB_FIFO_Watermark_Usage  lps22hb_driver_hl.o
    0x080095e0   0x0000001c   Code   RO         5020    i.LPS22HB_Get_DeviceID  lps22hb_driver.o
    0x080095fc   0x0000002c   Code   RO         5023    i.LPS22HB_Get_FifoMode  lps22hb_driver.o
    0x08009628   0x00000056   Code   RO         5024    i.LPS22HB_Get_FifoStatus  lps22hb_driver.o
    0x0800967e   0x00000024   Code   RO         5025    i.LPS22HB_Get_FifoWatermarkLevel  lps22hb_driver.o
    0x080096a2   0x00000002   PAD
    0x080096a4   0x00000090   Code   RO         5424    i.LPS22HB_Get_ODR   lps22hb_driver_hl.o
    0x08009734   0x00000026   Code   RO         5031    i.LPS22HB_Get_Odr   lps22hb_driver.o
    0x0800975a   0x00000002   PAD
    0x0800975c   0x00000034   Code   RO         5425    i.LPS22HB_Get_Press  lps22hb_driver_hl.o
    0x08009790   0x0000002a   Code   RO         5033    i.LPS22HB_Get_Pressure  lps22hb_driver.o
    0x080097ba   0x00000040   Code   RO         5036    i.LPS22HB_Get_RawPressure  lps22hb_driver.o
    0x080097fa   0x0000002e   Code   RO         5037    i.LPS22HB_Get_RawTemperature  lps22hb_driver.o
    0x08009828   0x00000034   Code   RO         5426    i.LPS22HB_Get_Temp  lps22hb_driver_hl.o
    0x0800985c   0x0000002c   Code   RO         5040    i.LPS22HB_Get_Temperature  lps22hb_driver.o
    0x08009888   0x00000018   Code   RO         5427    i.LPS22HB_Get_WhoAmI  lps22hb_driver_hl.o
    0x080098a0   0x00000072   Code   RO         5428    i.LPS22HB_Initialize  lps22hb_driver_hl.o
    0x08009912   0x0000000c   Code   RO         5429    i.LPS22HB_P_Check_WhoAmI  lps22hb_driver_hl.o
    0x0800991e   0x00000024   Code   RO         5430    i.LPS22HB_P_DeInit  lps22hb_driver_hl.o
    0x08009942   0x00000010   Code   RO         5431    i.LPS22HB_P_Get_ODR  lps22hb_driver_hl.o
    0x08009952   0x00000010   Code   RO         5432    i.LPS22HB_P_Get_Press  lps22hb_driver_hl.o
    0x08009962   0x00000010   Code   RO         5433    i.LPS22HB_P_Get_WhoAmI  lps22hb_driver_hl.o
    0x08009972   0x00000026   Code   RO         5434    i.LPS22HB_P_Init    lps22hb_driver_hl.o
    0x08009998   0x0000002e   Code   RO         5435    i.LPS22HB_P_Sensor_Disable  lps22hb_driver_hl.o
    0x080099c6   0x00000034   Code   RO         5436    i.LPS22HB_P_Sensor_Enable  lps22hb_driver_hl.o
    0x080099fa   0x00000036   Code   RO         5437    i.LPS22HB_P_Set_ODR  lps22hb_driver_hl.o
    0x08009a30   0x00000044   Code   RO         5438    i.LPS22HB_P_Set_ODR_Value  lps22hb_driver_hl.o
    0x08009a74   0x00000024   Code   RO         5045    i.LPS22HB_ReadReg   lps22hb_driver.o
    0x08009a98   0x00000044   Code   RO         5050    i.LPS22HB_Set_AutomaticIncrementRegAddress  lps22hb_driver.o
    0x08009adc   0x00000040   Code   RO         5051    i.LPS22HB_Set_Bdu   lps22hb_driver.o
    0x08009b1c   0x00000044   Code   RO         5054    i.LPS22HB_Set_FIFO_FTH_Interrupt  lps22hb_driver.o
    0x08009b60   0x00000044   Code   RO         5055    i.LPS22HB_Set_FIFO_FULL_Interrupt  lps22hb_driver.o
    0x08009ba4   0x00000044   Code   RO         5056    i.LPS22HB_Set_FIFO_OVR_Interrupt  lps22hb_driver.o
    0x08009be8   0x00000040   Code   RO         5058    i.LPS22HB_Set_FifoMode  lps22hb_driver.o
    0x08009c28   0x00000044   Code   RO         5059    i.LPS22HB_Set_FifoModeUse  lps22hb_driver.o
    0x08009c6c   0x00000040   Code   RO         5060    i.LPS22HB_Set_FifoWatermarkLevel  lps22hb_driver.o
    0x08009cac   0x00000044   Code   RO         5061    i.LPS22HB_Set_FifoWatermarkLevelUse  lps22hb_driver.o
    0x08009cf0   0x00000044   Code   RO         5069    i.LPS22HB_Set_LowPassFilter  lps22hb_driver.o
    0x08009d34   0x00000040   Code   RO         5070    i.LPS22HB_Set_LowPassFilterCutoff  lps22hb_driver.o
    0x08009d74   0x00000060   Code   RO         5439    i.LPS22HB_Set_ODR_Value_When_Disabled  lps22hb_driver_hl.o
    0x08009dd4   0x00000084   Code   RO         5440    i.LPS22HB_Set_ODR_Value_When_Enabled  lps22hb_driver_hl.o
    0x08009e58   0x00000054   Code   RO         5441    i.LPS22HB_Set_ODR_When_Disabled  lps22hb_driver_hl.o
    0x08009eac   0x00000054   Code   RO         5442    i.LPS22HB_Set_ODR_When_Enabled  lps22hb_driver_hl.o
    0x08009f00   0x00000040   Code   RO         5071    i.LPS22HB_Set_Odr   lps22hb_driver.o
    0x08009f40   0x00000040   Code   RO         5074    i.LPS22HB_Set_PowerMode  lps22hb_driver.o
    0x08009f80   0x00000036   Code   RO         5079    i.LPS22HB_SwResetAndMemoryBoot  lps22hb_driver.o
    0x08009fb6   0x0000000c   Code   RO         5443    i.LPS22HB_T_Check_WhoAmI  lps22hb_driver_hl.o
    0x08009fc2   0x00000024   Code   RO         5444    i.LPS22HB_T_DeInit  lps22hb_driver_hl.o
    0x08009fe6   0x00000010   Code   RO         5445    i.LPS22HB_T_Get_ODR  lps22hb_driver_hl.o
    0x08009ff6   0x00000010   Code   RO         5446    i.LPS22HB_T_Get_Temp  lps22hb_driver_hl.o
    0x0800a006   0x00000010   Code   RO         5447    i.LPS22HB_T_Get_WhoAmI  lps22hb_driver_hl.o
    0x0800a016   0x00000026   Code   RO         5448    i.LPS22HB_T_Init    lps22hb_driver_hl.o
    0x0800a03c   0x0000002e   Code   RO         5449    i.LPS22HB_T_Sensor_Disable  lps22hb_driver_hl.o
    0x0800a06a   0x00000034   Code   RO         5450    i.LPS22HB_T_Sensor_Enable  lps22hb_driver_hl.o
    0x0800a09e   0x00000036   Code   RO         5451    i.LPS22HB_T_Set_ODR  lps22hb_driver_hl.o
    0x0800a0d4   0x00000044   Code   RO         5452    i.LPS22HB_T_Set_ODR_Value  lps22hb_driver_hl.o
    0x0800a118   0x00000024   Code   RO         5080    i.LPS22HB_WriteReg  lps22hb_driver.o
    0x0800a13c   0x0000017a   Code   RO         5648    i.LSM303AGR_ACC_Get_Acceleration  lsm303agr_acc_driver.o
    0x0800a2b6   0x00000014   Code   RO         5649    i.LSM303AGR_ACC_Get_Raw_Acceleration  lsm303agr_acc_driver.o
    0x0800a2ca   0x00000028   Code   RO         5651    i.LSM303AGR_ACC_MultiRead  lsm303agr_acc_driver.o
    0x0800a2f2   0x00000022   Code   RO         5687    i.LSM303AGR_ACC_R_FullScale  lsm303agr_acc_driver.o
    0x0800a314   0x00000022   Code   RO         5688    i.LSM303AGR_ACC_R_HiRes  lsm303agr_acc_driver.o
    0x0800a336   0x00000022   Code   RO         5726    i.LSM303AGR_ACC_R_LOWPWR_EN  lsm303agr_acc_driver.o
    0x0800a358   0x00000022   Code   RO         5730    i.LSM303AGR_ACC_R_ODR  lsm303agr_acc_driver.o
    0x0800a37a   0x00000022   Code   RO         5739    i.LSM303AGR_ACC_R_WHO_AM_I  lsm303agr_acc_driver.o
    0x0800a39c   0x00000022   Code   RO         5744    i.LSM303AGR_ACC_R_XEN  lsm303agr_acc_driver.o
    0x0800a3be   0x00000022   Code   RO         5751    i.LSM303AGR_ACC_R_YEN  lsm303agr_acc_driver.o
    0x0800a3e0   0x00000022   Code   RO         5756    i.LSM303AGR_ACC_R_ZEN  lsm303agr_acc_driver.o
    0x0800a402   0x0000001e   Code   RO         5768    i.LSM303AGR_ACC_ReadReg  lsm303agr_acc_driver.o
    0x0800a420   0x0000003e   Code   RO         5773    i.LSM303AGR_ACC_W_BlockDataUpdate  lsm303agr_acc_driver.o
    0x0800a45e   0x0000003e   Code   RO         5789    i.LSM303AGR_ACC_W_FifoMode  lsm303agr_acc_driver.o
    0x0800a49c   0x0000003e   Code   RO         5791    i.LSM303AGR_ACC_W_FullScale  lsm303agr_acc_driver.o
    0x0800a4da   0x0000003e   Code   RO         5820    i.LSM303AGR_ACC_W_ODR  lsm303agr_acc_driver.o
    0x0800a518   0x0000003e   Code   RO         5829    i.LSM303AGR_ACC_W_XEN  lsm303agr_acc_driver.o
    0x0800a556   0x0000003e   Code   RO         5832    i.LSM303AGR_ACC_W_YEN  lsm303agr_acc_driver.o
    0x0800a594   0x0000003e   Code   RO         5835    i.LSM303AGR_ACC_W_ZEN  lsm303agr_acc_driver.o
    0x0800a5d2   0x0000001c   Code   RO         5842    i.LSM303AGR_ACC_WriteReg  lsm303agr_acc_driver.o
    0x0800a5ee   0x00000014   Code   RO         6831    i.LSM303AGR_MAG_Get_Raw_Magnetic  lsm303agr_mag_driver.o
    0x0800a602   0x00000024   Code   RO         6832    i.LSM303AGR_MAG_MultiRead  lsm303agr_mag_driver.o
    0x0800a626   0x00000022   Code   RO         6851    i.LSM303AGR_MAG_R_ODR  lsm303agr_mag_driver.o
    0x0800a648   0x00000022   Code   RO         6865    i.LSM303AGR_MAG_R_WHO_AM_I  lsm303agr_mag_driver.o
    0x0800a66a   0x0000001e   Code   RO         6877    i.LSM303AGR_MAG_ReadReg  lsm303agr_mag_driver.o
    0x0800a688   0x0000003e   Code   RO         6881    i.LSM303AGR_MAG_W_BDU  lsm303agr_mag_driver.o
    0x0800a6c6   0x0000003e   Code   RO         6892    i.LSM303AGR_MAG_W_MD  lsm303agr_mag_driver.o
    0x0800a704   0x0000003e   Code   RO         6893    i.LSM303AGR_MAG_W_ODR  lsm303agr_mag_driver.o
    0x0800a742   0x0000003e   Code   RO         6903    i.LSM303AGR_MAG_W_ST  lsm303agr_mag_driver.o
    0x0800a780   0x0000001c   Code   RO         6907    i.LSM303AGR_MAG_WriteReg  lsm303agr_mag_driver.o
    0x0800a79c   0x00000028   Code   RO         9695    i.LSM303AGR_M_Check_WhoAmI  lsm303agr_mag_driver_hl.o
    0x0800a7c4   0x00000030   Code   RO         9696    i.LSM303AGR_M_DeInit  lsm303agr_mag_driver_hl.o
    0x0800a7f4   0x00000088   Code   RO         9697    i.LSM303AGR_M_Get_Axes  lsm303agr_mag_driver_hl.o
    0x0800a87c   0x0000002a   Code   RO         9698    i.LSM303AGR_M_Get_AxesRaw  lsm303agr_mag_driver_hl.o
    0x0800a8a6   0x0000002c   Code   RO         9699    i.LSM303AGR_M_Get_Axes_Raw  lsm303agr_mag_driver_hl.o
    0x0800a8d2   0x00000002   PAD
    0x0800a8d4   0x00000014   Code   RO         9700    i.LSM303AGR_M_Get_FS  lsm303agr_mag_driver_hl.o
    0x0800a8e8   0x0000006c   Code   RO         9701    i.LSM303AGR_M_Get_ODR  lsm303agr_mag_driver_hl.o
    0x0800a954   0x0000000e   Code   RO         9702    i.LSM303AGR_M_Get_Sensitivity  lsm303agr_mag_driver_hl.o
    0x0800a962   0x00000018   Code   RO         9703    i.LSM303AGR_M_Get_WhoAmI  lsm303agr_mag_driver_hl.o
    0x0800a97a   0x0000006a   Code   RO         9704    i.LSM303AGR_M_Init  lsm303agr_mag_driver_hl.o
    0x0800a9e4   0x00000022   Code   RO         9705    i.LSM303AGR_M_Sensor_Disable  lsm303agr_mag_driver_hl.o
    0x0800aa06   0x00000024   Code   RO         9706    i.LSM303AGR_M_Sensor_Enable  lsm303agr_mag_driver_hl.o
    0x0800aa2a   0x00000006   Code   RO         9707    i.LSM303AGR_M_Set_FS  lsm303agr_mag_driver_hl.o
    0x0800aa30   0x00000006   Code   RO         9708    i.LSM303AGR_M_Set_FS_Value  lsm303agr_mag_driver_hl.o
    0x0800aa36   0x00000040   Code   RO         9709    i.LSM303AGR_M_Set_ODR  lsm303agr_mag_driver_hl.o
    0x0800aa76   0x00000002   PAD
    0x0800aa78   0x00000060   Code   RO         9710    i.LSM303AGR_M_Set_ODR_Value  lsm303agr_mag_driver_hl.o
    0x0800aad8   0x00000028   Code   RO         9555    i.LSM303AGR_X_Check_WhoAmI  lsm303agr_acc_driver_hl.o
    0x0800ab00   0x0000003c   Code   RO         9556    i.LSM303AGR_X_DeInit  lsm303agr_acc_driver_hl.o
    0x0800ab3c   0x00000024   Code   RO         9557    i.LSM303AGR_X_Get_Axes  lsm303agr_acc_driver_hl.o
    0x0800ab60   0x0000002a   Code   RO         9558    i.LSM303AGR_X_Get_AxesRaw  lsm303agr_acc_driver_hl.o
    0x0800ab8a   0x00000088   Code   RO         9559    i.LSM303AGR_X_Get_Axes_Raw  lsm303agr_acc_driver_hl.o
    0x0800ac12   0x00000062   Code   RO         9560    i.LSM303AGR_X_Get_Axes_Status  lsm303agr_acc_driver_hl.o
    0x0800ac74   0x00000062   Code   RO         9561    i.LSM303AGR_X_Get_FS  lsm303agr_acc_driver_hl.o
    0x0800acd6   0x00000002   PAD
    0x0800acd8   0x000000a8   Code   RO         9562    i.LSM303AGR_X_Get_ODR  lsm303agr_acc_driver_hl.o
    0x0800ad80   0x0000006c   Code   RO         9563    i.LSM303AGR_X_Get_Sensitivity  lsm303agr_acc_driver_hl.o
    0x0800adec   0x00000074   Code   RO         9564    i.LSM303AGR_X_Get_Sensitivity_HR_Mode  lsm303agr_acc_driver_hl.o
    0x0800ae60   0x00000074   Code   RO         9565    i.LSM303AGR_X_Get_Sensitivity_LP_Mode  lsm303agr_acc_driver_hl.o
    0x0800aed4   0x00000074   Code   RO         9566    i.LSM303AGR_X_Get_Sensitivity_Normal_Mode  lsm303agr_acc_driver_hl.o
    0x0800af48   0x00000018   Code   RO         9567    i.LSM303AGR_X_Get_WhoAmI  lsm303agr_acc_driver_hl.o
    0x0800af60   0x0000007c   Code   RO         9568    i.LSM303AGR_X_Init  lsm303agr_acc_driver_hl.o
    0x0800afdc   0x00000034   Code   RO         9569    i.LSM303AGR_X_Sensor_Disable  lsm303agr_acc_driver_hl.o
    0x0800b010   0x0000002e   Code   RO         9570    i.LSM303AGR_X_Sensor_Enable  lsm303agr_acc_driver_hl.o
    0x0800b03e   0x00000056   Code   RO         9571    i.LSM303AGR_X_Set_Axes_Status  lsm303agr_acc_driver_hl.o
    0x0800b094   0x00000036   Code   RO         9572    i.LSM303AGR_X_Set_FS  lsm303agr_acc_driver_hl.o
    0x0800b0ca   0x0000005c   Code   RO         9573    i.LSM303AGR_X_Set_FS_Value  lsm303agr_acc_driver_hl.o
    0x0800b126   0x0000002c   Code   RO         9574    i.LSM303AGR_X_Set_ODR  lsm303agr_acc_driver_hl.o
    0x0800b152   0x0000003a   Code   RO         9575    i.LSM303AGR_X_Set_ODR_Value  lsm303agr_acc_driver_hl.o
    0x0800b18c   0x0000009c   Code   RO         9576    i.LSM303AGR_X_Set_ODR_Value_When_Disabled  lsm303agr_acc_driver_hl.o
    0x0800b228   0x000000a0   Code   RO         9577    i.LSM303AGR_X_Set_ODR_Value_When_Enabled  lsm303agr_acc_driver_hl.o
    0x0800b2c8   0x0000005c   Code   RO         9578    i.LSM303AGR_X_Set_ODR_When_Disabled  lsm303agr_acc_driver_hl.o
    0x0800b324   0x00000040   Code   RO         9579    i.LSM303AGR_X_Set_ODR_When_Enabled  lsm303agr_acc_driver_hl.o
    0x0800b364   0x00000044   Code   RO         7731    i.LSM6DSM_ACC_GYRO_GetRawAccData  lsm6dsm_acc_gyro_driver.o
    0x0800b3a8   0x00000044   Code   RO         7732    i.LSM6DSM_ACC_GYRO_GetRawGyroData  lsm6dsm_acc_gyro_driver.o
    0x0800b3ec   0x00000044   Code   RO         7734    i.LSM6DSM_ACC_GYRO_Get_GetStepCounter  lsm6dsm_acc_gyro_driver.o
    0x0800b430   0x00000022   Code   RO         7746    i.LSM6DSM_ACC_GYRO_R_D6D_EV_STATUS  lsm6dsm_acc_gyro_driver.o
    0x0800b452   0x00000022   Code   RO         7755    i.LSM6DSM_ACC_GYRO_R_DOUBLE_TAP_EV_STATUS  lsm6dsm_acc_gyro_driver.o
    0x0800b474   0x00000022   Code   RO         7764    i.LSM6DSM_ACC_GYRO_R_DSD_XH  lsm6dsm_acc_gyro_driver.o
    0x0800b496   0x00000022   Code   RO         7765    i.LSM6DSM_ACC_GYRO_R_DSD_XL  lsm6dsm_acc_gyro_driver.o
    0x0800b4b8   0x00000022   Code   RO         7766    i.LSM6DSM_ACC_GYRO_R_DSD_YH  lsm6dsm_acc_gyro_driver.o
    0x0800b4da   0x00000022   Code   RO         7767    i.LSM6DSM_ACC_GYRO_R_DSD_YL  lsm6dsm_acc_gyro_driver.o
    0x0800b4fc   0x00000022   Code   RO         7768    i.LSM6DSM_ACC_GYRO_R_DSD_ZH  lsm6dsm_acc_gyro_driver.o
    0x0800b51e   0x00000022   Code   RO         7769    i.LSM6DSM_ACC_GYRO_R_DSD_ZL  lsm6dsm_acc_gyro_driver.o
    0x0800b540   0x00000022   Code   RO         7776    i.LSM6DSM_ACC_GYRO_R_FF_EV_STATUS  lsm6dsm_acc_gyro_driver.o
    0x0800b562   0x00000022   Code   RO         7787    i.LSM6DSM_ACC_GYRO_R_FS_125  lsm6dsm_acc_gyro_driver.o
    0x0800b584   0x00000022   Code   RO         7788    i.LSM6DSM_ACC_GYRO_R_FS_G  lsm6dsm_acc_gyro_driver.o
    0x0800b5a6   0x00000022   Code   RO         7789    i.LSM6DSM_ACC_GYRO_R_FS_XL  lsm6dsm_acc_gyro_driver.o
    0x0800b5c8   0x00000022   Code   RO         7818    i.LSM6DSM_ACC_GYRO_R_ODR_G  lsm6dsm_acc_gyro_driver.o
    0x0800b5ea   0x00000022   Code   RO         7819    i.LSM6DSM_ACC_GYRO_R_ODR_XL  lsm6dsm_acc_gyro_driver.o
    0x0800b60c   0x00000022   Code   RO         7825    i.LSM6DSM_ACC_GYRO_R_PEDO_EV_STATUS  lsm6dsm_acc_gyro_driver.o
    0x0800b62e   0x00000022   Code   RO         7837    i.LSM6DSM_ACC_GYRO_R_SINGLE_TAP_EV_STATUS  lsm6dsm_acc_gyro_driver.o
    0x0800b650   0x00000022   Code   RO         7871    i.LSM6DSM_ACC_GYRO_R_TILT_EV_STATUS  lsm6dsm_acc_gyro_driver.o
    0x0800b672   0x00000022   Code   RO         7883    i.LSM6DSM_ACC_GYRO_R_WHO_AM_I  lsm6dsm_acc_gyro_driver.o
    0x0800b694   0x00000022   Code   RO         7887    i.LSM6DSM_ACC_GYRO_R_WU_EV_STATUS  lsm6dsm_acc_gyro_driver.o
    0x0800b6b6   0x0000001e   Code   RO         7897    i.LSM6DSM_ACC_GYRO_ReadReg  lsm6dsm_acc_gyro_driver.o
    0x0800b6d4   0x0000003e   Code   RO         7904    i.LSM6DSM_ACC_GYRO_W_6DEvOnInt2  lsm6dsm_acc_gyro_driver.o
    0x0800b712   0x0000003e   Code   RO         7905    i.LSM6DSM_ACC_GYRO_W_BASIC_INT  lsm6dsm_acc_gyro_driver.o
    0x0800b750   0x0000003e   Code   RO         7906    i.LSM6DSM_ACC_GYRO_W_BDU  lsm6dsm_acc_gyro_driver.o
    0x0800b78e   0x00000046   Code   RO         7931    i.LSM6DSM_ACC_GYRO_W_DUR  lsm6dsm_acc_gyro_driver.o
    0x0800b7d4   0x0000003e   Code   RO         7932    i.LSM6DSM_ACC_GYRO_W_EmbeddedAccess  lsm6dsm_acc_gyro_driver.o
    0x0800b812   0x0000003e   Code   RO         7935    i.LSM6DSM_ACC_GYRO_W_FFEvOnInt2  lsm6dsm_acc_gyro_driver.o
    0x0800b850   0x00000088   Code   RO         7936    i.LSM6DSM_ACC_GYRO_W_FF_Duration  lsm6dsm_acc_gyro_driver.o
    0x0800b8d8   0x0000003e   Code   RO         7937    i.LSM6DSM_ACC_GYRO_W_FF_THS  lsm6dsm_acc_gyro_driver.o
    0x0800b916   0x0000003e   Code   RO         7938    i.LSM6DSM_ACC_GYRO_W_FIFO_MODE  lsm6dsm_acc_gyro_driver.o
    0x0800b954   0x0000003e   Code   RO         7943    i.LSM6DSM_ACC_GYRO_W_FS_125  lsm6dsm_acc_gyro_driver.o
    0x0800b992   0x0000003e   Code   RO         7944    i.LSM6DSM_ACC_GYRO_W_FS_G  lsm6dsm_acc_gyro_driver.o
    0x0800b9d0   0x0000003e   Code   RO         7945    i.LSM6DSM_ACC_GYRO_W_FS_XL  lsm6dsm_acc_gyro_driver.o
    0x0800ba0e   0x0000003e   Code   RO         7948    i.LSM6DSM_ACC_GYRO_W_FUNC_EN  lsm6dsm_acc_gyro_driver.o
    0x0800ba4c   0x0000003e   Code   RO         7958    i.LSM6DSM_ACC_GYRO_W_IF_Addr_Incr  lsm6dsm_acc_gyro_driver.o
    0x0800ba8a   0x0000003e   Code   RO         7972    i.LSM6DSM_ACC_GYRO_W_ODR_G  lsm6dsm_acc_gyro_driver.o
    0x0800bac8   0x0000003e   Code   RO         7973    i.LSM6DSM_ACC_GYRO_W_ODR_XL  lsm6dsm_acc_gyro_driver.o
    0x0800bb06   0x0000003e   Code   RO         7977    i.LSM6DSM_ACC_GYRO_W_PEDO  lsm6dsm_acc_gyro_driver.o
    0x0800bb44   0x0000003e   Code   RO         7980    i.LSM6DSM_ACC_GYRO_W_PedoStepReset  lsm6dsm_acc_gyro_driver.o
    0x0800bb82   0x0000005e   Code   RO         7981    i.LSM6DSM_ACC_GYRO_W_PedoThreshold  lsm6dsm_acc_gyro_driver.o
    0x0800bbe0   0x00000046   Code   RO         7982    i.LSM6DSM_ACC_GYRO_W_QUIET_Duration  lsm6dsm_acc_gyro_driver.o
    0x0800bc26   0x00000044   Code   RO         7985    i.LSM6DSM_ACC_GYRO_W_SHOCK_Duration  lsm6dsm_acc_gyro_driver.o
    0x0800bc6a   0x0000003e   Code   RO         7987    i.LSM6DSM_ACC_GYRO_W_SINGLE_DOUBLE_TAP_EV  lsm6dsm_acc_gyro_driver.o
    0x0800bca8   0x0000003e   Code   RO         7988    i.LSM6DSM_ACC_GYRO_W_SIXD_THS  lsm6dsm_acc_gyro_driver.o
    0x0800bce6   0x00000044   Code   RO         7989    i.LSM6DSM_ACC_GYRO_W_SLEEP_DUR  lsm6dsm_acc_gyro_driver.o
    0x0800bd2a   0x0000003e   Code   RO         7994    i.LSM6DSM_ACC_GYRO_W_STEP_DELTA_on_INT2  lsm6dsm_acc_gyro_driver.o
    0x0800bd68   0x0000003e   Code   RO         8004    i.LSM6DSM_ACC_GYRO_W_SingleTapOnInt2  lsm6dsm_acc_gyro_driver.o
    0x0800bda6   0x00000044   Code   RO         8009    i.LSM6DSM_ACC_GYRO_W_TAP_THS  lsm6dsm_acc_gyro_driver.o
    0x0800bdea   0x0000003e   Code   RO         8010    i.LSM6DSM_ACC_GYRO_W_TAP_X_EN  lsm6dsm_acc_gyro_driver.o
    0x0800be28   0x0000003e   Code   RO         8011    i.LSM6DSM_ACC_GYRO_W_TAP_Y_EN  lsm6dsm_acc_gyro_driver.o
    0x0800be66   0x0000003e   Code   RO         8012    i.LSM6DSM_ACC_GYRO_W_TAP_Z_EN  lsm6dsm_acc_gyro_driver.o
    0x0800bea4   0x0000003e   Code   RO         8013    i.LSM6DSM_ACC_GYRO_W_TILT  lsm6dsm_acc_gyro_driver.o
    0x0800bee2   0x0000003e   Code   RO         8015    i.LSM6DSM_ACC_GYRO_W_TIMER_HR  lsm6dsm_acc_gyro_driver.o
    0x0800bf20   0x0000003e   Code   RO         8019    i.LSM6DSM_ACC_GYRO_W_TapEvOnInt2  lsm6dsm_acc_gyro_driver.o
    0x0800bf5e   0x0000003e   Code   RO         8021    i.LSM6DSM_ACC_GYRO_W_TiltEvOnInt2  lsm6dsm_acc_gyro_driver.o
    0x0800bf9c   0x00000046   Code   RO         8024    i.LSM6DSM_ACC_GYRO_W_WAKE_DUR  lsm6dsm_acc_gyro_driver.o
    0x0800bfe2   0x00000044   Code   RO         8025    i.LSM6DSM_ACC_GYRO_W_WK_THS  lsm6dsm_acc_gyro_driver.o
    0x0800c026   0x0000003e   Code   RO         8027    i.LSM6DSM_ACC_GYRO_W_WUEvOnInt2  lsm6dsm_acc_gyro_driver.o
    0x0800c064   0x0000001c   Code   RO         8029    i.LSM6DSM_ACC_GYRO_WriteReg  lsm6dsm_acc_gyro_driver.o
    0x0800c080   0x00000028   Code   RO         7315    i.LSM6DSM_Check_WhoAmI  lsm6dsm_acc_gyro_driver_hl.o
    0x0800c0a8   0x0000000c   Code   RO         7316    i.LSM6DSM_G_Check_WhoAmI  lsm6dsm_acc_gyro_driver_hl.o
    0x0800c0b4   0x0000003c   Code   RO         7317    i.LSM6DSM_G_DeInit  lsm6dsm_acc_gyro_driver_hl.o
    0x0800c0f0   0x00000088   Code   RO         7318    i.LSM6DSM_G_Get_Axes  lsm6dsm_acc_gyro_driver_hl.o
    0x0800c178   0x0000002a   Code   RO         7319    i.LSM6DSM_G_Get_AxesRaw  lsm6dsm_acc_gyro_driver_hl.o
    0x0800c1a2   0x0000004e   Code   RO         7320    i.LSM6DSM_G_Get_Axes_Raw  lsm6dsm_acc_gyro_driver_hl.o
    0x0800c1f0   0x00000098   Code   RO         7321    i.LSM6DSM_G_Get_FS  lsm6dsm_acc_gyro_driver_hl.o
    0x0800c288   0x000000dc   Code   RO         7322    i.LSM6DSM_G_Get_ODR  lsm6dsm_acc_gyro_driver_hl.o
    0x0800c364   0x00000098   Code   RO         7323    i.LSM6DSM_G_Get_Sensitivity  lsm6dsm_acc_gyro_driver_hl.o
    0x0800c3fc   0x00000010   Code   RO         7324    i.LSM6DSM_G_Get_WhoAmI  lsm6dsm_acc_gyro_driver_hl.o
    0x0800c40c   0x00000078   Code   RO         7325    i.LSM6DSM_G_Init    lsm6dsm_acc_gyro_driver_hl.o
    0x0800c484   0x00000034   Code   RO         7326    i.LSM6DSM_G_Sensor_Disable  lsm6dsm_acc_gyro_driver_hl.o
    0x0800c4b8   0x0000002e   Code   RO         7327    i.LSM6DSM_G_Sensor_Enable  lsm6dsm_acc_gyro_driver_hl.o
    0x0800c4e6   0x00000036   Code   RO         7328    i.LSM6DSM_G_Set_FS  lsm6dsm_acc_gyro_driver_hl.o
    0x0800c51c   0x00000098   Code   RO         7329    i.LSM6DSM_G_Set_FS_Value  lsm6dsm_acc_gyro_driver_hl.o
    0x0800c5b4   0x0000002c   Code   RO         7330    i.LSM6DSM_G_Set_ODR  lsm6dsm_acc_gyro_driver_hl.o
    0x0800c5e0   0x0000003a   Code   RO         7331    i.LSM6DSM_G_Set_ODR_Value  lsm6dsm_acc_gyro_driver_hl.o
    0x0800c61a   0x00000002   PAD
    0x0800c61c   0x000000e8   Code   RO         7332    i.LSM6DSM_G_Set_ODR_Value_When_Disabled  lsm6dsm_acc_gyro_driver_hl.o
    0x0800c704   0x000000e4   Code   RO         7333    i.LSM6DSM_G_Set_ODR_Value_When_Enabled  lsm6dsm_acc_gyro_driver_hl.o
    0x0800c7e8   0x0000005c   Code   RO         7334    i.LSM6DSM_G_Set_ODR_When_Disabled  lsm6dsm_acc_gyro_driver_hl.o
    0x0800c844   0x00000040   Code   RO         7335    i.LSM6DSM_G_Set_ODR_When_Enabled  lsm6dsm_acc_gyro_driver_hl.o
    0x0800c884   0x00000018   Code   RO         7336    i.LSM6DSM_Get_WhoAmI  lsm6dsm_acc_gyro_driver_hl.o
    0x0800c89c   0x00000058   Code   RO         9980    i.LSM6DSM_Sensor_IO_ITConfig  sensortile.o
    0x0800c8f4   0x0000000c   Code   RO         7337    i.LSM6DSM_X_Check_WhoAmI  lsm6dsm_acc_gyro_driver_hl.o
    0x0800c900   0x00000090   Code   RO         7338    i.LSM6DSM_X_DeInit  lsm6dsm_acc_gyro_driver_hl.o
    0x0800c990   0x00000032   Code   RO         7339    i.LSM6DSM_X_Disable_6D_Orientation  lsm6dsm_acc_gyro_driver_hl.o
    0x0800c9c2   0x00000094   Code   RO         7340    i.LSM6DSM_X_Disable_Double_Tap_Detection  lsm6dsm_acc_gyro_driver_hl.o
    0x0800ca56   0x00000040   Code   RO         7341    i.LSM6DSM_X_Disable_Free_Fall_Detection  lsm6dsm_acc_gyro_driver_hl.o
    0x0800ca96   0x00000040   Code   RO         7342    i.LSM6DSM_X_Disable_Pedometer  lsm6dsm_acc_gyro_driver_hl.o
    0x0800cad6   0x00000078   Code   RO         7343    i.LSM6DSM_X_Disable_Single_Tap_Detection  lsm6dsm_acc_gyro_driver_hl.o
    0x0800cb4e   0x00000016   Code   RO         7344    i.LSM6DSM_X_Disable_Step_Counter_Reset  lsm6dsm_acc_gyro_driver_hl.o
    0x0800cb64   0x00000032   Code   RO         7345    i.LSM6DSM_X_Disable_Tilt_Detection  lsm6dsm_acc_gyro_driver_hl.o
    0x0800cb96   0x00000040   Code   RO         7346    i.LSM6DSM_X_Disable_Wake_Up_Detection  lsm6dsm_acc_gyro_driver_hl.o
    0x0800cbd6   0x00000002   PAD
    0x0800cbd8   0x00000054   Code   RO         7347    i.LSM6DSM_X_Enable_6D_Orientation  lsm6dsm_acc_gyro_driver_hl.o
    0x0800cc2c   0x000000b8   Code   RO         7348    i.LSM6DSM_X_Enable_Double_Tap_Detection  lsm6dsm_acc_gyro_driver_hl.o
    0x0800cce4   0x0000008c   Code   RO         7349    i.LSM6DSM_X_Enable_Free_Fall_Detection  lsm6dsm_acc_gyro_driver_hl.o
    0x0800cd70   0x0000005e   Code   RO         7350    i.LSM6DSM_X_Enable_Pedometer  lsm6dsm_acc_gyro_driver_hl.o
    0x0800cdce   0x00000002   PAD
    0x0800cdd0   0x0000009c   Code   RO         7351    i.LSM6DSM_X_Enable_Single_Tap_Detection  lsm6dsm_acc_gyro_driver_hl.o
    0x0800ce6c   0x00000016   Code   RO         7352    i.LSM6DSM_X_Enable_Step_Counter_Reset  lsm6dsm_acc_gyro_driver_hl.o
    0x0800ce82   0x00000050   Code   RO         7353    i.LSM6DSM_X_Enable_Tilt_Detection  lsm6dsm_acc_gyro_driver_hl.o
    0x0800ced2   0x00000002   PAD
    0x0800ced4   0x00000064   Code   RO         7354    i.LSM6DSM_X_Enable_Wake_Up_Detection  lsm6dsm_acc_gyro_driver_hl.o
    0x0800cf38   0x00000034   Code   RO         7355    i.LSM6DSM_X_Get_6D_Orientation_Status  lsm6dsm_acc_gyro_driver_hl.o
    0x0800cf6c   0x00000034   Code   RO         7356    i.LSM6DSM_X_Get_6D_Orientation_XH  lsm6dsm_acc_gyro_driver_hl.o
    0x0800cfa0   0x00000032   Code   RO         7357    i.LSM6DSM_X_Get_6D_Orientation_XL  lsm6dsm_acc_gyro_driver_hl.o
    0x0800cfd2   0x00000034   Code   RO         7358    i.LSM6DSM_X_Get_6D_Orientation_YH  lsm6dsm_acc_gyro_driver_hl.o
    0x0800d006   0x00000034   Code   RO         7359    i.LSM6DSM_X_Get_6D_Orientation_YL  lsm6dsm_acc_gyro_driver_hl.o
    0x0800d03a   0x00000034   Code   RO         7360    i.LSM6DSM_X_Get_6D_Orientation_ZH  lsm6dsm_acc_gyro_driver_hl.o
    0x0800d06e   0x00000034   Code   RO         7361    i.LSM6DSM_X_Get_6D_Orientation_ZL  lsm6dsm_acc_gyro_driver_hl.o
    0x0800d0a2   0x00000002   PAD
    0x0800d0a4   0x00000088   Code   RO         7362    i.LSM6DSM_X_Get_Axes  lsm6dsm_acc_gyro_driver_hl.o
    0x0800d12c   0x0000002a   Code   RO         7363    i.LSM6DSM_X_Get_AxesRaw  lsm6dsm_acc_gyro_driver_hl.o
    0x0800d156   0x0000004e   Code   RO         7364    i.LSM6DSM_X_Get_Axes_Raw  lsm6dsm_acc_gyro_driver_hl.o
    0x0800d1a4   0x00000034   Code   RO         7365    i.LSM6DSM_X_Get_Double_Tap_Detection_Status  lsm6dsm_acc_gyro_driver_hl.o
    0x0800d1d8   0x00000062   Code   RO         7366    i.LSM6DSM_X_Get_FS  lsm6dsm_acc_gyro_driver_hl.o
    0x0800d23a   0x00000034   Code   RO         7367    i.LSM6DSM_X_Get_Free_Fall_Detection_Status  lsm6dsm_acc_gyro_driver_hl.o
    0x0800d26e   0x00000002   PAD
    0x0800d270   0x000000dc   Code   RO         7368    i.LSM6DSM_X_Get_ODR  lsm6dsm_acc_gyro_driver_hl.o
    0x0800d34c   0x00000034   Code   RO         7369    i.LSM6DSM_X_Get_Pedometer_Status  lsm6dsm_acc_gyro_driver_hl.o
    0x0800d380   0x00000074   Code   RO         7370    i.LSM6DSM_X_Get_Sensitivity  lsm6dsm_acc_gyro_driver_hl.o
    0x0800d3f4   0x00000034   Code   RO         7371    i.LSM6DSM_X_Get_Single_Tap_Detection_Status  lsm6dsm_acc_gyro_driver_hl.o
    0x0800d428   0x00000018   Code   RO         7372    i.LSM6DSM_X_Get_Step_Count  lsm6dsm_acc_gyro_driver_hl.o
    0x0800d440   0x00000034   Code   RO         7373    i.LSM6DSM_X_Get_Tilt_Detection_Status  lsm6dsm_acc_gyro_driver_hl.o
    0x0800d474   0x00000034   Code   RO         7374    i.LSM6DSM_X_Get_Wake_Up_Detection_Status  lsm6dsm_acc_gyro_driver_hl.o
    0x0800d4a8   0x00000010   Code   RO         7375    i.LSM6DSM_X_Get_WhoAmI  lsm6dsm_acc_gyro_driver_hl.o
    0x0800d4b8   0x00000078   Code   RO         7376    i.LSM6DSM_X_Init    lsm6dsm_acc_gyro_driver_hl.o
    0x0800d530   0x00000034   Code   RO         7377    i.LSM6DSM_X_Sensor_Disable  lsm6dsm_acc_gyro_driver_hl.o
    0x0800d564   0x0000002e   Code   RO         7378    i.LSM6DSM_X_Sensor_Enable  lsm6dsm_acc_gyro_driver_hl.o
    0x0800d592   0x00000036   Code   RO         7379    i.LSM6DSM_X_Set_FS  lsm6dsm_acc_gyro_driver_hl.o
    0x0800d5c8   0x0000005c   Code   RO         7380    i.LSM6DSM_X_Set_FS_Value  lsm6dsm_acc_gyro_driver_hl.o
    0x0800d624   0x00000018   Code   RO         7381    i.LSM6DSM_X_Set_Free_Fall_Threshold  lsm6dsm_acc_gyro_driver_hl.o
    0x0800d63c   0x0000002c   Code   RO         7382    i.LSM6DSM_X_Set_ODR  lsm6dsm_acc_gyro_driver_hl.o
    0x0800d668   0x0000003a   Code   RO         7383    i.LSM6DSM_X_Set_ODR_Value  lsm6dsm_acc_gyro_driver_hl.o
    0x0800d6a2   0x00000002   PAD
    0x0800d6a4   0x000000e8   Code   RO         7384    i.LSM6DSM_X_Set_ODR_Value_When_Disabled  lsm6dsm_acc_gyro_driver_hl.o
    0x0800d78c   0x000000e4   Code   RO         7385    i.LSM6DSM_X_Set_ODR_Value_When_Enabled  lsm6dsm_acc_gyro_driver_hl.o
    0x0800d870   0x0000005c   Code   RO         7386    i.LSM6DSM_X_Set_ODR_When_Disabled  lsm6dsm_acc_gyro_driver_hl.o
    0x0800d8cc   0x00000040   Code   RO         7387    i.LSM6DSM_X_Set_ODR_When_Enabled  lsm6dsm_acc_gyro_driver_hl.o
    0x0800d90c   0x00000018   Code   RO         7388    i.LSM6DSM_X_Set_Pedometer_Threshold  lsm6dsm_acc_gyro_driver_hl.o
    0x0800d924   0x00000018   Code   RO         7389    i.LSM6DSM_X_Set_Tap_Duration_Time  lsm6dsm_acc_gyro_driver_hl.o
    0x0800d93c   0x00000018   Code   RO         7390    i.LSM6DSM_X_Set_Tap_Quiet_Time  lsm6dsm_acc_gyro_driver_hl.o
    0x0800d954   0x00000018   Code   RO         7391    i.LSM6DSM_X_Set_Tap_Shock_Time  lsm6dsm_acc_gyro_driver_hl.o
    0x0800d96c   0x00000018   Code   RO         7392    i.LSM6DSM_X_Set_Tap_Threshold  lsm6dsm_acc_gyro_driver_hl.o
    0x0800d984   0x00000018   Code   RO         7393    i.LSM6DSM_X_Set_Wake_Up_Threshold  lsm6dsm_acc_gyro_driver_hl.o
    0x0800d99c   0x00000068   Code   RO        11787    i.MX_GPIO_Init      main.o
    0x0800da04   0x00000040   Code   RO        11788    i.MX_UART5_Init     main.o
    0x0800da44   0x000001e4   Code   RO        11641    i.Magneto_Sensor_Handler  datalog_application.o
    0x0800dc28   0x00000002   Code   RO        11956    i.NMI_Handler       stm32l4xx_it.o
    0x0800dc2a   0x00000002   PAD
    0x0800dc2c   0x00000010   Code   RO          665    i.NVIC_GetPriorityGrouping  stm32l4xx_hal_cortex.o
    0x0800dc3c   0x00000028   Code   RO          666    i.NVIC_SetPriority  stm32l4xx_hal_cortex.o
    0x0800dc64   0x00000010   Code   RO        11957    i.OTG_FS_IRQHandler  stm32l4xx_it.o
    0x0800dc74   0x000000ba   Code   RO         3958    i.PCD_WriteEmptyTxFifo  stm32l4xx_hal_pcd.o
    0x0800dd2e   0x00000002   PAD
    0x0800dd30   0x0000012c   Code   RO        11642    i.PM                datalog_application.o
    0x0800de5c   0x000000d0   Code   RO        11643    i.Pressure_Sensor_Handler  datalog_application.o
    0x0800df2c   0x000001ec   Code   RO         1899    i.RCCEx_PLLSAI1_Config  stm32l4xx_hal_rcc_ex.o
    0x0800e118   0x000001ac   Code   RO         1900    i.RCCEx_PLLSAI2_Config  stm32l4xx_hal_rcc_ex.o
    0x0800e2c4   0x000000a0   Code   RO         1793    i.RCC_SetFlashLatencyFromMSIRange  stm32l4xx_hal_rcc.o
    0x0800e364   0x00000016   Code   RO         2034    i.RTC_Bcd2ToByte    stm32l4xx_hal_rtc.o
    0x0800e37a   0x0000001a   Code   RO         2035    i.RTC_ByteToBcd2    stm32l4xx_hal_rtc.o
    0x0800e394   0x00000034   Code   RO        11789    i.RTC_Config        main.o
    0x0800e3c8   0x0000003e   Code   RO         2036    i.RTC_EnterInitMode  stm32l4xx_hal_rtc.o
    0x0800e406   0x00000002   PAD
    0x0800e408   0x000000cc   Code   RO        11644    i.RTC_Handler       datalog_application.o
    0x0800e4d4   0x00000058   Code   RO        11791    i.RTC_TimeStampConfig  main.o
    0x0800e52c   0x000000f0   Code   RO        11287    i.SD_GetCIDRegister  sensortile_sd.o
    0x0800e61c   0x000001f4   Code   RO        11288    i.SD_GetCSDRegister  sensortile_sd.o
    0x0800e810   0x0000004c   Code   RO        11289    i.SD_GetDataResponse  sensortile_sd.o
    0x0800e85c   0x000000d8   Code   RO        11290    i.SD_GoIdleState    sensortile_sd.o
    0x0800e934   0x00000028   Code   RO         9981    i.SD_IO_CS_DeInit   sensortile.o
    0x0800e95c   0x00000044   Code   RO         9982    i.SD_IO_CS_Init     sensortile.o
    0x0800e9a0   0x0000002c   Code   RO         9983    i.SD_IO_Init        sensortile.o
    0x0800e9cc   0x0000002c   Code   RO         9984    i.SD_IO_Init_LS     sensortile.o
    0x0800e9f8   0x0000000e   Code   RO         9985    i.SD_IO_ReadByte    sensortile.o
    0x0800ea06   0x00000002   PAD
    0x0800ea08   0x00000014   Code   RO         9986    i.SD_IO_SPI_Error   sensortile.o
    0x0800ea1c   0x0000005c   Code   RO         9987    i.SD_IO_SPI_Init    sensortile.o
    0x0800ea78   0x0000005c   Code   RO         9988    i.SD_IO_SPI_Init_LS  sensortile.o
    0x0800ead4   0x000000c0   Code   RO         9989    i.SD_IO_SPI_MspInit  sensortile.o
    0x0800eb94   0x00000034   Code   RO         9990    i.SD_IO_SPI_Read    sensortile.o
    0x0800ebc8   0x00000024   Code   RO         9991    i.SD_IO_SPI_Write   sensortile.o
    0x0800ebec   0x00000020   Code   RO         9992    i.SD_IO_WaitResponse  sensortile.o
    0x0800ec0c   0x0000000c   Code   RO         9993    i.SD_IO_WriteByte   sensortile.o
    0x0800ec18   0x00000068   Code   RO         9994    i.SD_IO_WriteCmd    sensortile.o
    0x0800ec80   0x00000070   Code   RO         9995    i.SD_IO_WriteCmd_wResp  sensortile.o
    0x0800ecf0   0x00000018   Code   RO         9996    i.SD_IO_WriteDummy  sensortile.o
    0x0800ed08   0x0000002c   Code   RO        11291    i.SD_SendCmd        sensortile_sd.o
    0x0800ed34   0x00000014   Code   RO        11292    i.SD_SendCmd_wResp  sensortile_sd.o
    0x0800ed48   0x00000028   Code   RO        13055    i.SD_initialize     sd_diskio.o
    0x0800ed70   0x00000060   Code   RO        13056    i.SD_ioctl          sd_diskio.o
    0x0800edd0   0x0000002a   Code   RO        13057    i.SD_read           sd_diskio.o
    0x0800edfa   0x00000002   PAD
    0x0800edfc   0x00000028   Code   RO        13058    i.SD_status         sd_diskio.o
    0x0800ee24   0x0000002a   Code   RO        13059    i.SD_write          sd_diskio.o
    0x0800ee4e   0x00000040   Code   RO         2438    i.SPI_EndRxTxTransaction  stm32l4xx_hal_spi.o
    0x0800ee8e   0x00000048   Code   RO         9997    i.SPI_Read          sensortile.o
    0x0800eed6   0x000000b4   Code   RO         2445    i.SPI_WaitFifoStateUntilTimeout  stm32l4xx_hal_spi.o
    0x0800ef8a   0x000000a2   Code   RO         2446    i.SPI_WaitFlagStateUntilTimeout  stm32l4xx_hal_spi.o
    0x0800f02c   0x00000030   Code   RO         9998    i.SPI_Write         sensortile.o
    0x0800f05c   0x00000020   Code   RO        10000    i.Sensor_IO_I2C_Read  sensortile.o
    0x0800f07c   0x00000020   Code   RO        10001    i.Sensor_IO_I2C_Write  sensortile.o
    0x0800f09c   0x0000003a   Code   RO        10002    i.Sensor_IO_Read    sensortile.o
    0x0800f0d6   0x00000002   PAD
    0x0800f0d8   0x00000058   Code   RO        10003    i.Sensor_IO_SPI_CS_Disable  sensortile.o
    0x0800f130   0x0000005c   Code   RO        10004    i.Sensor_IO_SPI_CS_Enable  sensortile.o
    0x0800f18c   0x00000114   Code   RO        10005    i.Sensor_IO_SPI_CS_Init  sensortile.o
    0x0800f2a0   0x000000ec   Code   RO        10007    i.Sensor_IO_SPI_Init  sensortile.o
    0x0800f38c   0x00000084   Code   RO        10008    i.Sensor_IO_SPI_Read  sensortile.o
    0x0800f410   0x00000040   Code   RO        10009    i.Sensor_IO_SPI_Write  sensortile.o
    0x0800f450   0x0000003a   Code   RO        10010    i.Sensor_IO_Write   sensortile.o
    0x0800f48a   0x00000008   Code   RO        11958    i.SysTick_Handler   stm32l4xx_it.o
    0x0800f492   0x00000002   PAD
    0x0800f494   0x000000dc   Code   RO        11602    i.SystemClock_Config  cube_hal_l4.o
    0x0800f570   0x00000054   Code   RO         4568    i.SystemInit        system_stm32l4xx.o
    0x0800f5c4   0x00000010   Code   RO        11959    i.TIM3_IRQHandler   stm32l4xx_it.o
    0x0800f5d4   0x000000c0   Code   RO         2809    i.TIM_Base_SetConfig  stm32l4xx_hal_tim.o
    0x0800f694   0x00000034   Code   RO        12024    i.TIM_Config        usbd_cdc_interface.o
    0x0800f6c8   0x00000010   Code   RO        11792    i.UART5_IRQHandler  main.o
    0x0800f6d8   0x000000f8   Code   RO         4243    i.UART_AdvFeatureConfig  stm32l4xx_hal_uart.o
    0x0800f7d0   0x00000074   Code   RO         4244    i.UART_CheckIdleState  stm32l4xx_hal_uart.o
    0x0800f844   0x00000018   Code   RO         4245    i.UART_DMAAbortOnError  stm32l4xx_hal_uart.o
    0x0800f85c   0x00000020   Code   RO         4251    i.UART_EndRxTransfer  stm32l4xx_hal_uart.o
    0x0800f87c   0x00000020   Code   RO         4252    i.UART_EndTransmit_IT  stm32l4xx_hal_uart.o
    0x0800f89c   0x0000008a   Code   RO         4254    i.UART_Receive_IT   stm32l4xx_hal_uart.o
    0x0800f926   0x00000002   PAD
    0x0800f928   0x0000048e   Code   RO         4255    i.UART_SetConfig    stm32l4xx_hal_uart.o
    0x0800fdb6   0x0000006a   Code   RO         4256    i.UART_Transmit_IT  stm32l4xx_hal_uart.o
    0x0800fe20   0x0000006c   Code   RO         4257    i.UART_WaitOnFlagUntilTimeout  stm32l4xx_hal_uart.o
    0x0800fe8c   0x0000000e   Code   RO        11503    i.USBD_CDC_SetRxBuffer  usbd_cdc.o
    0x0800fe9a   0x00000014   Code   RO        11504    i.USBD_CDC_SetTxBuffer  usbd_cdc.o
    0x0800feae   0x00000038   Code   RO        11506    i.USBD_CDC_TransmitPacket  usbd_cdc.o
    0x0800fee6   0x00000016   Code   RO           13    i.USBD_ClrClassConfig  usbd_core.o
    0x0800fefc   0x00000044   Code   RO          299    i.USBD_ClrFeature   usbd_ctlreq.o
    0x0800ff40   0x00000018   Code   RO          394    i.USBD_CtlContinueRx  usbd_ioreq.o
    0x0800ff58   0x00000018   Code   RO          395    i.USBD_CtlContinueSendData  usbd_ioreq.o
    0x0800ff70   0x00000018   Code   RO          300    i.USBD_CtlError     usbd_ctlreq.o
    0x0800ff88   0x0000001a   Code   RO          397    i.USBD_CtlReceiveStatus  usbd_ioreq.o
    0x0800ffa2   0x00000022   Code   RO          398    i.USBD_CtlSendData  usbd_ioreq.o
    0x0800ffc4   0x0000001a   Code   RO          399    i.USBD_CtlSendStatus  usbd_ioreq.o
    0x0800ffde   0x00000050   Code   RO          301    i.USBD_GetConfig    usbd_ctlreq.o
    0x0801002e   0x00000148   Code   RO          302    i.USBD_GetDescriptor  usbd_ctlreq.o
    0x08010176   0x00000044   Code   RO          304    i.USBD_GetStatus    usbd_ctlreq.o
    0x080101ba   0x00000014   Code   RO        12097    i.USBD_LL_ClearStallEP  usbd_conf.o
    0x080101ce   0x000000da   Code   RO           16    i.USBD_LL_DataInStage  usbd_core.o
    0x080102a8   0x00000086   Code   RO           17    i.USBD_LL_DataOutStage  usbd_core.o
    0x0801032e   0x00000006   Code   RO           18    i.USBD_LL_DevConnected  usbd_core.o
    0x08010334   0x0000001a   Code   RO           19    i.USBD_LL_DevDisconnected  usbd_core.o
    0x0801034e   0x00000038   Code   RO        12104    i.USBD_LL_IsStallEP  usbd_conf.o
    0x08010386   0x00000006   Code   RO           20    i.USBD_LL_IsoINIncomplete  usbd_core.o
    0x0801038c   0x00000006   Code   RO           21    i.USBD_LL_IsoOUTIncomplete  usbd_core.o
    0x08010392   0x00000020   Code   RO        12105    i.USBD_LL_OpenEP    usbd_conf.o
    0x080103b2   0x00000020   Code   RO        12106    i.USBD_LL_PrepareReceive  usbd_conf.o
    0x080103d2   0x00000044   Code   RO           22    i.USBD_LL_Reset     usbd_core.o
    0x08010416   0x0000000e   Code   RO           23    i.USBD_LL_Resume    usbd_core.o
    0x08010424   0x00000022   Code   RO           24    i.USBD_LL_SOF       usbd_core.o
    0x08010446   0x00000008   Code   RO           25    i.USBD_LL_SetSpeed  usbd_core.o
    0x0801044e   0x00000014   Code   RO        12107    i.USBD_LL_SetUSBAddress  usbd_conf.o
    0x08010462   0x0000006e   Code   RO           26    i.USBD_LL_SetupStage  usbd_core.o
    0x080104d0   0x00000014   Code   RO        12108    i.USBD_LL_StallEP   usbd_conf.o
    0x080104e4   0x00000014   Code   RO           27    i.USBD_LL_Suspend   usbd_core.o
    0x080104f8   0x00000020   Code   RO        12111    i.USBD_LL_Transmit  usbd_conf.o
    0x08010518   0x00000028   Code   RO          306    i.USBD_ParseSetupRequest  usbd_ctlreq.o
    0x08010540   0x00000006   Code   RO           29    i.USBD_RunTestMode  usbd_core.o
    0x08010546   0x00000054   Code   RO          307    i.USBD_SetAddress   usbd_ctlreq.o
    0x0801059a   0x00000022   Code   RO           30    i.USBD_SetClassConfig  usbd_core.o
    0x080105bc   0x000000e0   Code   RO          308    i.USBD_SetConfig    usbd_ctlreq.o
    0x0801069c   0x00000024   Code   RO          309    i.USBD_SetFeature   usbd_ctlreq.o
    0x080106c0   0x00000072   Code   RO          310    i.USBD_StdDevReq    usbd_ctlreq.o
    0x08010732   0x00000156   Code   RO          311    i.USBD_StdEPReq     usbd_ctlreq.o
    0x08010888   0x0000004a   Code   RO          312    i.USBD_StdItfReq    usbd_ctlreq.o
    0x080108d2   0x00000002   PAD
    0x080108d4   0x000000c4   Code   RO         3627    i.USB_ActivateEndpoint  stm32l4xx_ll_usb.o
    0x08010998   0x00000044   Code   RO         3629    i.USB_ActivateSetup  stm32l4xx_ll_usb.o
    0x080109dc   0x00000184   Code   RO         3642    i.USB_EP0StartXfer  stm32l4xx_ll_usb.o
    0x08010b60   0x00000032   Code   RO         3643    i.USB_EP0_OutStart  stm32l4xx_ll_usb.o
    0x08010b92   0x00000088   Code   RO         3644    i.USB_EPClearStall  stm32l4xx_ll_usb.o
    0x08010c1a   0x0000008c   Code   RO         3645    i.USB_EPSetStall    stm32l4xx_ll_usb.o
    0x08010ca6   0x00000002   PAD
    0x08010ca8   0x000002a8   Code   RO         3646    i.USB_EPStartXfer   stm32l4xx_ll_usb.o
    0x08010f50   0x00000030   Code   RO         3649    i.USB_FlushTxFifo   stm32l4xx_ll_usb.o
    0x08010f80   0x0000000a   Code   RO         3653    i.USB_GetMode       stm32l4xx_ll_usb.o
    0x08010f8a   0x00000012   Code   RO         3660    i.USB_ReadDevAllInEpInterrupt  stm32l4xx_ll_usb.o
    0x08010f9c   0x00000012   Code   RO         3661    i.USB_ReadDevAllOutEpInterrupt  stm32l4xx_ll_usb.o
    0x08010fae   0x00000032   Code   RO         3662    i.USB_ReadDevInEPInterrupt  stm32l4xx_ll_usb.o
    0x08010fe0   0x00000016   Code   RO         3663    i.USB_ReadDevOutEPInterrupt  stm32l4xx_ll_usb.o
    0x08010ff6   0x0000000c   Code   RO         3664    i.USB_ReadInterrupts  stm32l4xx_ll_usb.o
    0x08011002   0x00000028   Code   RO         3665    i.USB_ReadPacket    stm32l4xx_ll_usb.o
    0x0801102a   0x00000024   Code   RO         3668    i.USB_SetDevAddress  stm32l4xx_ll_usb.o
    0x0801104e   0x00000038   Code   RO         3672    i.USB_WritePacket   stm32l4xx_ll_usb.o
    0x08011086   0x00000002   PAD
    0x08011088   0x00000020   Code   RO        13370    i.__0printf         mc_w.l(printfa.o)
    0x080110a8   0x00000028   Code   RO        13372    i.__0sprintf        mc_w.l(printfa.o)
    0x080110d0   0x00000030   Code   RO        13454    i.__ARM_fpclassify  m_wm.l(fpclassify.o)
    0x08011100   0x00000c80   Code   RO        13104    i.__hardfp_pow      m_wm.l(pow.o)
    0x08011d80   0x000000b0   Code   RO        13118    i.__hardfp_trunc    m_wm.l(trunc.o)
    0x08011e30   0x000000f8   Code   RO        13456    i.__kernel_poly     m_wm.l(poly.o)
    0x08011f28   0x00000030   Code   RO        13434    i.__mathlib_dbl_divzero  m_wm.l(dunder.o)
    0x08011f58   0x00000014   Code   RO        13436    i.__mathlib_dbl_infnan2  m_wm.l(dunder.o)
    0x08011f6c   0x00000004   PAD
    0x08011f70   0x00000020   Code   RO        13437    i.__mathlib_dbl_invalid  m_wm.l(dunder.o)
    0x08011f90   0x00000020   Code   RO        13438    i.__mathlib_dbl_overflow  m_wm.l(dunder.o)
    0x08011fb0   0x00000020   Code   RO        13440    i.__mathlib_dbl_underflow  m_wm.l(dunder.o)
    0x08011fd0   0x0000000e   Code   RO        13528    i.__scatterload_copy  mc_w.l(handlers.o)
    0x08011fde   0x00000002   Code   RO        13529    i.__scatterload_null  mc_w.l(handlers.o)
    0x08011fe0   0x0000000e   Code   RO        13530    i.__scatterload_zeroinit  mc_w.l(handlers.o)
    0x08011fee   0x00000002   PAD
    0x08011ff0   0x0000000c   Code   RO        13496    i.__set_errno       mc_w.l(errno.o)
    0x08011ffc   0x0000016a   Code   RO        13377    i._fp_digits        mc_w.l(printfa.o)
    0x08012166   0x00000002   PAD
    0x08012168   0x000006e2   Code   RO        13378    i._printf_core      mc_w.l(printfa.o)
    0x0801284a   0x00000024   Code   RO        13379    i._printf_post_padding  mc_w.l(printfa.o)
    0x0801286e   0x0000002e   Code   RO        13380    i._printf_pre_padding  mc_w.l(printfa.o)
    0x0801289c   0x0000000a   Code   RO        13382    i._sputc            mc_w.l(printfa.o)
    0x080128a6   0x00000002   PAD
    0x080128a8   0x00000098   Code   RO        12553    i.check_fs          ff.o
    0x08012940   0x00000014   Code   RO        12554    i.chk_chr           ff.o
    0x08012954   0x00000090   Code   RO        12555    i.chk_lock          ff.o
    0x080129e4   0x00000030   Code   RO        12556    i.clear_lock        ff.o
    0x08012a14   0x00000038   Code   RO        12557    i.clmt_clust        ff.o
    0x08012a4c   0x00000020   Code   RO        12558    i.clust2sect        ff.o
    0x08012a6c   0x00000090   Code   RO        12559    i.cmp_lfn           ff.o
    0x08012afc   0x000000ea   Code   RO        12560    i.create_chain      ff.o
    0x08012be6   0x00000002   PAD
    0x08012be8   0x00000236   Code   RO        12561    i.create_name       ff.o
    0x08012e1e   0x00000002   PAD
    0x08012e20   0x0000004c   Code   RO        12562    i.dec_lock          ff.o
    0x08012e6c   0x00000014   Code   RO        11793    i.delay_init        main.o
    0x08012e80   0x00000048   Code   RO        11794    i.delay_us          main.o
    0x08012ec8   0x00000064   Code   RO        12563    i.dir_alloc         ff.o
    0x08012f2c   0x00000102   Code   RO        12564    i.dir_find          ff.o
    0x0801302e   0x0000015a   Code   RO        12565    i.dir_next          ff.o
    0x08013188   0x00000150   Code   RO        12567    i.dir_register      ff.o
    0x080132d8   0x000000c8   Code   RO        12569    i.dir_sdi           ff.o
    0x080133a0   0x0000002c   Code   RO        12498    i.disk_initialize   diskio.o
    0x080133cc   0x00000028   Code   RO        12499    i.disk_ioctl        diskio.o
    0x080133f4   0x00000030   Code   RO        12500    i.disk_read         diskio.o
    0x08013424   0x0000001c   Code   RO        12501    i.disk_status       diskio.o
    0x08013440   0x00000030   Code   RO        12502    i.disk_write        diskio.o
    0x08013470   0x00000040   Code   RO        11796    i.enableAllSensors  main.o
    0x080134b0   0x00000028   Code   RO        12570    i.enq_lock          ff.o
    0x080134d8   0x0000002e   Code   RO        12572    i.f_close           ff.o
    0x08013506   0x00000002   PAD
    0x08013508   0x00000064   Code   RO        12579    i.f_mount           ff.o
    0x0801356c   0x000001e0   Code   RO        12580    i.f_open            ff.o
    0x0801374c   0x000000cc   Code   RO        12589    i.f_sync            ff.o
    0x08013818   0x0000025c   Code   RO        12593    i.f_write           ff.o
    0x08013a74   0x00000018   Code   RO        13450    i.fabs              m_wm.l(fabs.o)
    0x08013a8c   0x0000004c   Code   RO        13020    i.ff_convert        unicode.o
    0x08013ad8   0x0000000c   Code   RO        12974    i.ff_memalloc       syscall.o
    0x08013ae4   0x0000000c   Code   RO        12975    i.ff_memfree        syscall.o
    0x08013af0   0x00000038   Code   RO        13021    i.ff_wtoupper       unicode.o
    0x08013b28   0x000003e2   Code   RO        12594    i.find_volume       ff.o
    0x08013f0a   0x00000002   PAD
    0x08013f0c   0x00000080   Code   RO        12595    i.fit_lfn           ff.o
    0x08013f8c   0x000000b8   Code   RO        11646    i.floatToInt        datalog_application.o
    0x08014044   0x0000009c   Code   RO        12596    i.follow_path       ff.o
    0x080140e0   0x00000020   Code   RO        11797    i.fputc             main.o
    0x08014100   0x00000050   Code   RO        13398    i.free              mc_w.l(malloc.o)
    0x08014150   0x000000ba   Code   RO        12597    i.gen_numname       ff.o
    0x0801420a   0x000000ee   Code   RO        12598    i.get_fat           ff.o
    0x080142f8   0x00000048   Code   RO        12600    i.get_ldnumber      ff.o
    0x08014340   0x00000022   Code   RO        12351    i.i2cAction         1602_iic_sw.o
    0x08014362   0x00000002   PAD
    0x08014364   0x000000e8   Code   RO        12601    i.inc_lock          ff.o
    0x0801444c   0x00000084   Code   RO        12352    i.init_1602         1602_iic_sw.o
    0x080144d0   0x00000068   Code   RO        11798    i.initializeAllSensors  main.o
    0x08014538   0x00000024   Code   RO        12353    i.lcdPrint          1602_iic_sw.o
    0x0801455c   0x00000022   Code   RO        12602    i.ld_clust          ff.o
    0x0801457e   0x00000002   PAD
    0x08014580   0x000002d4   Code   RO        11799    i.main              main.o
    0x08014854   0x0000006c   Code   RO        13399    i.malloc            mc_w.l(malloc.o)
    0x080148c0   0x00000026   Code   RO        12603    i.mem_cmp           ff.o
    0x080148e6   0x0000001a   Code   RO        12604    i.mem_cpy           ff.o
    0x08014900   0x00000014   Code   RO        12605    i.mem_set           ff.o
    0x08014914   0x00000038   Code   RO        12606    i.move_window       ff.o
    0x0801494c   0x00000146   Code   RO        12608    i.put_fat           ff.o
    0x08014a92   0x0000007a   Code   RO        12610    i.remove_chain      ff.o
    0x08014b0c   0x00000022   Code   RO        12354    i.setCursor         1602_iic_sw.o
    0x08014b2e   0x0000006e   Code   RO        13461    i.sqrt              m_wm.l(sqrt.o)
    0x08014b9c   0x00000010   Code   RO        12611    i.st_clust          ff.o
    0x08014bac   0x00000020   Code   RO        12612    i.sum_sfn           ff.o
    0x08014bcc   0x000000f4   Code   RO        12613    i.sync_fs           ff.o
    0x08014cc0   0x00000060   Code   RO        12614    i.sync_window       ff.o
    0x08014d20   0x00000042   Code   RO        12615    i.validate          ff.o
    0x08014d62   0x00000002   PAD
    0x08014d64   0x00000054   Code   RO        12355    i.writeOneChar      1602_iic_sw.o
    0x08014db8   0x00000048   Data   RO         4569    .constdata          system_stm32l4xx.o
    0x08014e00   0x00000060   Data   RO         5843    .constdata          lsm303agr_acc_driver.o
    0x08014e60   0x00000008   Data   RO        10012    .constdata          sensortile.o
    0x08014e68   0x0000002a   Data   RO        12356    .constdata          1602_iic_sw.o
    0x08014e92   0x000000ba   Data   RO        12617    .constdata          ff.o
    0x08014f4c   0x000004c0   Data   RO        13022    .constdata          unicode.o
    0x0801540c   0x00000014   Data   RO        13060    .constdata          sd_diskio.o
    0x08015420   0x00000088   Data   RO        13107    .constdata          m_wm.l(pow.o)
    0x080154a8   0x00000008   Data   RO        13458    .constdata          m_wm.l(qnan.o)
    0x080154b0   0x0000008a   Data   RO        11648    .conststring        datalog_application.o
    0x0801553a   0x00000002   PAD
    0x0801553c   0x00000020   Data   RO        13526    Region$$Table       anon$$obj.o


    Execution Region RW_IRAM1 (Base: 0x20000000, Size: 0x00006908, Max: 0x00018000, ABSOLUTE, COMPRESSED[0x000001e8])

    Base Addr    Size         Type   Attr      Idx    E Section Name        Object

    0x20000000   0x00000001   Data   RW          313    .data               usbd_ctlreq.o
    0x20000001   0x00000003   PAD
    0x20000004   0x00000004   Data   RW          483    .data               stm32l4xx_hal.o
    0x20000008   0x00000004   Data   RW         4570    .data               system_stm32l4xx.o
    0x2000000c   0x00000094   Data   RW         5453    .data               lps22hb_driver_hl.o
    0x200000a0   0x0000011e   Data   RW         7394    .data               lsm6dsm_acc_gyro_driver_hl.o
    0x200001be   0x00000002   PAD
    0x200001c0   0x00000046   Data   RW         9580    .data               lsm303agr_acc_driver_hl.o
    0x20000206   0x00000002   PAD
    0x20000208   0x0000003c   Data   RW         9711    .data               lsm303agr_mag_driver_hl.o
    0x20000244   0x00000010   Data   RW        10013    .data               sensortile.o
    0x20000254   0x00000010   Data   RW        10296    .data               sensortile_accelero.o
    0x20000264   0x00000010   Data   RW        10650    .data               sensortile_gyro.o
    0x20000274   0x0000000c   Data   RW        10920    .data               sensortile_magneto.o
    0x20000280   0x00000004   Data   RW        11062    .data               sensortile_pressure.o
    0x20000284   0x00000002   Data   RW        11293    .data               sensortile_sd.o
    0x20000286   0x00000002   PAD
    0x20000288   0x0000001e   Data   RW        11649    .data               datalog_application.o
    0x200002a6   0x00000002   PAD
    0x200002a8   0x00000038   Data   RW        11802    .data               main.o
    0x200002e0   0x00000028   Data   RW        12026    .data               usbd_cdc_interface.o
    0x20000308   0x00000001   Data   RW        12357    .data               1602_iic_sw.o
    0x20000309   0x00000003   PAD
    0x2000030c   0x00000006   Data   RW        12618    .data               ff.o
    0x20000312   0x00000001   Data   RW        13061    .data               sd_diskio.o
    0x20000313   0x00000001   PAD
    0x20000314   0x00000004   Data   RW        13485    .data               mc_w.l(stdout.o)
    0x20000318   0x00000004   Data   RW        13492    .data               mc_w.l(mvars.o)
    0x2000031c   0x00000004   Data   RW        13493    .data               mc_w.l(mvars.o)
    0x20000320   0x00000004   Data   RW        13497    .data               mc_w.l(errno.o)
    0x20000324   0x00000114   Zero   RW        10011    .bss                sensortile.o
    0x20000438   0x00000038   Zero   RW        10295    .bss                sensortile_accelero.o
    0x20000470   0x00000014   Zero   RW        10649    .bss                sensortile_gyro.o
    0x20000484   0x00000014   Zero   RW        10919    .bss                sensortile_magneto.o
    0x20000498   0x00000024   Zero   RW        11061    .bss                sensortile_pressure.o
    0x200004bc   0x0000055c   Zero   RW        11647    .bss                datalog_application.o
    0x20000a18   0x000000a0   Zero   RW        11801    .bss                main.o
    0x20000ab8   0x00001a60   Zero   RW        12025    .bss                usbd_cdc_interface.o
    0x20002518   0x000003cc   Zero   RW        12112    .bss                usbd_conf.o
    0x200028e4   0x00000018   Zero   RW        12616    .bss                ff.o
    0x200028fc   0x0000000c   Zero   RW        12928    .bss                ff_gen_drv.o
    0x20002908   0x00002000   Zero   RW            2    HEAP                startup_stm32l476xx.o
    0x20004908   0x00002000   Zero   RW            1    STACK               startup_stm32l476xx.o


==============================================================================

Image component sizes


      Code (inc. data)   RO Data    RW Data    ZI Data      Debug   Object Name

       320         10         42          1          0       3722   1602_iic_sw.o
       224          4          0          0          0       1589   cube_hal_l4.o
      1984        746        138         30       1372      15912   datalog_application.o
       208         24          0          0          0       4281   diskio.o
      7268        104        186          6         24      41426   ff.o
       102          6          0          0         12       1851   ff_gen_drv.o
         0          0          0          0          0       2336   hts221_driver_hl.o
      1414          0          0          0          0      29092   lps22hb_driver.o
      2146         48          0        148          0      37724   lps22hb_driver_hl.o
      1202          4         96          0          0      32677   lsm303agr_acc_driver.o
      2186        146          0         70          0      23895   lsm303agr_acc_driver_hl.o
       430          0          0          0          0      15814   lsm303agr_mag_driver.o
       824         32          0         60          0      15813   lsm303agr_mag_driver_hl.o
      3356          0          0          0          0      53294   lsm6dsm_acc_gyro_driver.o
      6326        400          0        286          0     105342   lsm6dsm_acc_gyro_driver_hl.o
      1564        258          0         56        160      10229   main.o
       416         22          0          0          0       2646   moniiic.o
       260         16         20          1          0       4888   sd_diskio.o
      2950        240          8         16        276      33196   sensortile.o
       640         48          0         16         56      14470   sensortile_accelero.o
       392         22          0         16         20       6238   sensortile_gyro.o
       554         22          0         12         20       9839   sensortile_magneto.o
       432         20          0          4         36       8195   sensortile_pressure.o
      1610         24          0          2          0      13990   sensortile_sd.o
        36          8        392          0      16384        876   startup_stm32l476xx.o
       136         20          0          4          0       5161   stm32l4xx_hal.o
       344         22          0          0          0      32057   stm32l4xx_hal_cortex.o
        94          0          0          0          0       1199   stm32l4xx_hal_dma.o
       574         40          0          0          0       4046   stm32l4xx_hal_gpio.o
      1926         24          0          0          0      14904   stm32l4xx_hal_i2c.o
       180         22          0          0          0       1653   stm32l4xx_hal_msp.o
      2608         44          0          0          0       8767   stm32l4xx_hal_pcd.o
         2          0          0          0          0       1125   stm32l4xx_hal_pcd_ex.o
        20          6          0          0          0        611   stm32l4xx_hal_pwr.o
        36         12          0          0          0       1249   stm32l4xx_hal_pwr_ex.o
      2740         96          0          0          0       7572   stm32l4xx_hal_rcc.o
      2208         52          0          0          0       5439   stm32l4xx_hal_rcc_ex.o
      1156         24          0          0          0       7946   stm32l4xx_hal_rtc.o
      1884          0          0          0          0       9630   stm32l4xx_hal_spi.o
       690         32          0          0          0       6902   stm32l4xx_hal_tim.o
         4          0          0          0          0       1870   stm32l4xx_hal_tim_ex.o
      2888         56          0          0          0      13212   stm32l4xx_hal_uart.o
         2          0          0          0          0       1096   stm32l4xx_hal_uart_ex.o
        58         12          0          0          0       3568   stm32l4xx_it.o
      1968         16          0          0          0      13595   stm32l4xx_ll_usb.o
        24          0          0          0          0       1911   syscall.o
        84         16         72          4          0       1349   system_stm32l4xx.o
       132         16       1216          0          0       2247   unicode.o
        90          0          0          0          0       4752   usbd_cdc.o
       444         54          0         40       6752       5228   usbd_cdc_interface.o
       424          0          0          0        972      12068   usbd_conf.o
       712          0          0          0          0     875791   usbd_core.o
      1482         30          0          1          0      10303   usbd_ctlreq.o
       134          0          0          0          0       4356   usbd_ioreq.o

    ----------------------------------------------------------------------
     59970       2798       2204        788      26084    1548942   Object Totals
         0          0         32          0          0          0   (incl. Generated)
        82          0          2         15          0          0   (incl. Padding)

    ----------------------------------------------------------------------

      Code (inc. data)   RO Data    RW Data    ZI Data      Debug   Library Member Name

       164         44          0          0          0        620   dunder.o
        24          0          0          0          0        124   fabs.o
        48          0          0          0          0        124   fpclassify.o
       248          0          0          0          0        152   poly.o
      3200        296        136          0          0        352   pow.o
         0          0          8          0          0          0   qnan.o
       110          0          0          0          0        148   sqrt.o
       176         22          0          0          0        156   trunc.o
        86          0          0          0          0          0   __dczerorl2.o
         0          0          0          0          0          0   entry.o
         0          0          0          0          0          0   entry10a.o
         0          0          0          0          0          0   entry11a.o
         8          4          0          0          0          0   entry2.o
         4          0          0          0          0          0   entry5.o
         0          0          0          0          0          0   entry7b.o
         0          0          0          0          0          0   entry8b.o
         8          4          0          0          0          0   entry9a.o
        12          6          0          4          0         68   errno.o
        30          0          0          0          0          0   handlers.o
        36          8          0          0          0         68   init.o
         0          0          0          0          0          0   iusefp.o
        98          0          0          0          0         84   ldiv.o
        30          0          0          0          0         68   llshl.o
        36          0          0          0          0         68   llsshr.o
        32          0          0          0          0         68   llushr.o
       188         20          0          0          0        160   malloc.o
        36          0          0          0          0         68   memcpya.o
        36          0          0          0          0        108   memseta.o
         0          0          0          8          0          0   mvars.o
      2288         96          0          0          0        596   printfa.o
         0          0          0          4          0          0   stdout.o
        14          0          0          0          0         68   strlen.o
        44          0          0          0          0         80   uidiv.o
       104          0          0          0          0         92   uldiv.o
        48          0          0          0          0         68   cdcmple.o
        48          0          0          0          0         68   cdrcmple.o
       350          0          0          0          0        148   dadd.o
       222          0          0          0          0        100   ddiv.o
       186          0          0          0          0        176   depilogue.o
        62          0          0          0          0         80   dfixi.o
        48          0          0          0          0         68   dfixul.o
        34          0          0          0          0         76   dflti.o
       234          0          0          0          0         96   dmul.o
       136          4          0          0          0         92   drnd.o
        46          0          0          0          0         80   dscalb.o
       162          0          0          0          0        100   dsqrt.o
        38          0          0          0          0         68   f2d.o

    ----------------------------------------------------------------------
      8686        504        144         16          0       4492   Library Totals
        12          0          0          0          0          0   (incl. Padding)

    ----------------------------------------------------------------------

      Code (inc. data)   RO Data    RW Data    ZI Data      Debug   Library Name

      3970        362        144          0          0       1676   m_wm.l
      3090        138          0         16          0       1596   mc_w.l
      1614          4          0          0          0       1220   mf_w.l

    ----------------------------------------------------------------------
      8686        504        144         16          0       4492   Library Totals

    ----------------------------------------------------------------------

==============================================================================


      Code (inc. data)   RO Data    RW Data    ZI Data      Debug   

     68656       3302       2348        804      26084    1487910   Grand Totals
     68656       3302       2348        488      26084    1487910   ELF Image Totals (compressed)
     68656       3302       2348        488          0          0   ROM Totals

==============================================================================

    Total RO  Size (Code + RO Data)                71004 (  69.34kB)
    Total RW  Size (RW Data + ZI Data)             26888 (  26.26kB)
    Total ROM Size (Code + RO Data + RW Data)      71492 (  69.82kB)

==============================================================================

