<!doctype html public "-//w3c//dtd html 4.0 transitional//en">
<html><head>
<title>Static Call Graph - [.\STM32L476RG_NUCLEO\STM32L476JG_SensorTile.axf]</title></head>
<body><HR>
<H1>Static Call Graph for image .\STM32L476RG_NUCLEO\STM32L476JG_SensorTile.axf</H1><HR>
<BR><P>#&#060CALLGRAPH&#062# ARM Linker, 5060061: Last Updated: Tue Apr 25 13:01:16 2017
<BR><P>
<H3>Maximum Stack Usage =       1024 bytes + Unknown(Cycles, Untraceable Function Pointers)</H3><H3>
Call chain for Maximum Stack Depth:</H3>
main &rArr; DATALOG_SD_Log_Enable &rArr; f_open &rArr; dir_register &rArr; dir_find &rArr; dir_next &rArr; create_chain &rArr; put_fat &rArr; move_window &rArr; sync_window &rArr; disk_write
<P>
<H3>
Mutually Recursive functions
</H3> <LI><a href="#[8e]">MemManage_Handler</a>&nbsp;&nbsp;&nbsp;&rArr;&nbsp;&nbsp;&nbsp;<a href="#[8e]">MemManage_Handler</a><BR>
 <LI><a href="#[8f]">BusFault_Handler</a>&nbsp;&nbsp;&nbsp;&rArr;&nbsp;&nbsp;&nbsp;<a href="#[8f]">BusFault_Handler</a><BR>
 <LI><a href="#[90]">UsageFault_Handler</a>&nbsp;&nbsp;&nbsp;&rArr;&nbsp;&nbsp;&nbsp;<a href="#[90]">UsageFault_Handler</a><BR>
 <LI><a href="#[91]">SVC_Handler</a>&nbsp;&nbsp;&nbsp;&rArr;&nbsp;&nbsp;&nbsp;<a href="#[91]">SVC_Handler</a><BR>
 <LI><a href="#[93]">PendSV_Handler</a>&nbsp;&nbsp;&nbsp;&rArr;&nbsp;&nbsp;&nbsp;<a href="#[93]">PendSV_Handler</a><BR>
 <LI><a href="#[a7]">ADC1_2_IRQHandler</a>&nbsp;&nbsp;&nbsp;&rArr;&nbsp;&nbsp;&nbsp;<a href="#[a7]">ADC1_2_IRQHandler</a><BR>
</UL>
<P>
<H3>
Function Pointers
</H3><UL>
 <LI><a href="#[a7]">ADC1_2_IRQHandler</a> from startup_stm32l476xx.o(.text) referenced from startup_stm32l476xx.o(RESET)
 <LI><a href="#[c4]">ADC3_IRQHandler</a> from startup_stm32l476xx.o(.text) referenced from startup_stm32l476xx.o(RESET)
 <LI><a href="#[8f]">BusFault_Handler</a> from startup_stm32l476xx.o(.text) referenced from startup_stm32l476xx.o(RESET)
 <LI><a href="#[a9]">CAN1_RX0_IRQHandler</a> from startup_stm32l476xx.o(.text) referenced from startup_stm32l476xx.o(RESET)
 <LI><a href="#[aa]">CAN1_RX1_IRQHandler</a> from startup_stm32l476xx.o(.text) referenced from startup_stm32l476xx.o(RESET)
 <LI><a href="#[ab]">CAN1_SCE_IRQHandler</a> from startup_stm32l476xx.o(.text) referenced from startup_stm32l476xx.o(RESET)
 <LI><a href="#[a8]">CAN1_TX_IRQHandler</a> from startup_stm32l476xx.o(.text) referenced from startup_stm32l476xx.o(RESET)
 <LI><a href="#[89]">CDC_Itf_Control</a> from usbd_cdc_interface.o(i.CDC_Itf_Control) referenced 2 times from usbd_cdc_interface.o(.data)
 <LI><a href="#[88]">CDC_Itf_DeInit</a> from usbd_cdc_interface.o(i.CDC_Itf_DeInit) referenced 2 times from usbd_cdc_interface.o(.data)
 <LI><a href="#[87]">CDC_Itf_Init</a> from usbd_cdc_interface.o(i.CDC_Itf_Init) referenced 2 times from usbd_cdc_interface.o(.data)
 <LI><a href="#[8a]">CDC_Itf_Receive</a> from usbd_cdc_interface.o(i.CDC_Itf_Receive) referenced 2 times from usbd_cdc_interface.o(.data)
 <LI><a href="#[d5]">COMP_IRQHandler</a> from startup_stm32l476xx.o(.text) referenced from startup_stm32l476xx.o(RESET)
 <LI><a href="#[d2]">DFSDM1_FLT0_IRQHandler</a> from startup_stm32l476xx.o(.text) referenced from startup_stm32l476xx.o(RESET)
 <LI><a href="#[d3]">DFSDM1_FLT1_IRQHandler</a> from startup_stm32l476xx.o(.text) referenced from startup_stm32l476xx.o(RESET)
 <LI><a href="#[d4]">DFSDM1_FLT2_IRQHandler</a> from startup_stm32l476xx.o(.text) referenced from startup_stm32l476xx.o(RESET)
 <LI><a href="#[bf]">DFSDM1_FLT3_IRQHandler</a> from startup_stm32l476xx.o(.text) referenced from startup_stm32l476xx.o(RESET)
 <LI><a href="#[a0]">DMA1_Channel1_IRQHandler</a> from startup_stm32l476xx.o(.text) referenced from startup_stm32l476xx.o(RESET)
 <LI><a href="#[a1]">DMA1_Channel2_IRQHandler</a> from startup_stm32l476xx.o(.text) referenced from startup_stm32l476xx.o(RESET)
 <LI><a href="#[a2]">DMA1_Channel3_IRQHandler</a> from startup_stm32l476xx.o(.text) referenced from startup_stm32l476xx.o(RESET)
 <LI><a href="#[a3]">DMA1_Channel4_IRQHandler</a> from startup_stm32l476xx.o(.text) referenced from startup_stm32l476xx.o(RESET)
 <LI><a href="#[a4]">DMA1_Channel5_IRQHandler</a> from startup_stm32l476xx.o(.text) referenced from startup_stm32l476xx.o(RESET)
 <LI><a href="#[a5]">DMA1_Channel6_IRQHandler</a> from startup_stm32l476xx.o(.text) referenced from startup_stm32l476xx.o(RESET)
 <LI><a href="#[a6]">DMA1_Channel7_IRQHandler</a> from startup_stm32l476xx.o(.text) referenced from startup_stm32l476xx.o(RESET)
 <LI><a href="#[cd]">DMA2_Channel1_IRQHandler</a> from startup_stm32l476xx.o(.text) referenced from startup_stm32l476xx.o(RESET)
 <LI><a href="#[ce]">DMA2_Channel2_IRQHandler</a> from startup_stm32l476xx.o(.text) referenced from startup_stm32l476xx.o(RESET)
 <LI><a href="#[cf]">DMA2_Channel3_IRQHandler</a> from startup_stm32l476xx.o(.text) referenced from startup_stm32l476xx.o(RESET)
 <LI><a href="#[d0]">DMA2_Channel4_IRQHandler</a> from startup_stm32l476xx.o(.text) referenced from startup_stm32l476xx.o(RESET)
 <LI><a href="#[d1]">DMA2_Channel5_IRQHandler</a> from startup_stm32l476xx.o(.text) referenced from startup_stm32l476xx.o(RESET)
 <LI><a href="#[d9]">DMA2_Channel6_IRQHandler</a> from startup_stm32l476xx.o(.text) referenced from startup_stm32l476xx.o(RESET)
 <LI><a href="#[da]">DMA2_Channel7_IRQHandler</a> from startup_stm32l476xx.o(.text) referenced from startup_stm32l476xx.o(RESET)
 <LI><a href="#[92]">DebugMon_Handler</a> from stm32l4xx_it.o(i.DebugMon_Handler) referenced from startup_stm32l476xx.o(RESET)
 <LI><a href="#[9b]">EXTI0_IRQHandler</a> from startup_stm32l476xx.o(.text) referenced from startup_stm32l476xx.o(RESET)
 <LI><a href="#[bd]">EXTI15_10_IRQHandler</a> from startup_stm32l476xx.o(.text) referenced from startup_stm32l476xx.o(RESET)
 <LI><a href="#[9c]">EXTI1_IRQHandler</a> from startup_stm32l476xx.o(.text) referenced from startup_stm32l476xx.o(RESET)
 <LI><a href="#[9d]">EXTI2_IRQHandler</a> from stm32l4xx_it.o(i.EXTI2_IRQHandler) referenced from startup_stm32l476xx.o(RESET)
 <LI><a href="#[9e]">EXTI3_IRQHandler</a> from startup_stm32l476xx.o(.text) referenced from startup_stm32l476xx.o(RESET)
 <LI><a href="#[9f]">EXTI4_IRQHandler</a> from startup_stm32l476xx.o(.text) referenced from startup_stm32l476xx.o(RESET)
 <LI><a href="#[ac]">EXTI9_5_IRQHandler</a> from startup_stm32l476xx.o(.text) referenced from startup_stm32l476xx.o(RESET)
 <LI><a href="#[99]">FLASH_IRQHandler</a> from startup_stm32l476xx.o(.text) referenced from startup_stm32l476xx.o(RESET)
 <LI><a href="#[c5]">FMC_IRQHandler</a> from startup_stm32l476xx.o(.text) referenced from startup_stm32l476xx.o(RESET)
 <LI><a href="#[e5]">FPU_IRQHandler</a> from startup_stm32l476xx.o(.text) referenced from startup_stm32l476xx.o(RESET)
 <LI><a href="#[8d]">HardFault_Handler</a> from stm32l4xx_it.o(i.HardFault_Handler) referenced from startup_stm32l476xx.o(RESET)
 <LI><a href="#[b5]">I2C1_ER_IRQHandler</a> from startup_stm32l476xx.o(.text) referenced from startup_stm32l476xx.o(RESET)
 <LI><a href="#[b4]">I2C1_EV_IRQHandler</a> from startup_stm32l476xx.o(.text) referenced from startup_stm32l476xx.o(RESET)
 <LI><a href="#[b7]">I2C2_ER_IRQHandler</a> from startup_stm32l476xx.o(.text) referenced from startup_stm32l476xx.o(RESET)
 <LI><a href="#[b6]">I2C2_EV_IRQHandler</a> from startup_stm32l476xx.o(.text) referenced from startup_stm32l476xx.o(RESET)
 <LI><a href="#[de]">I2C3_ER_IRQHandler</a> from startup_stm32l476xx.o(.text) referenced from startup_stm32l476xx.o(RESET)
 <LI><a href="#[dd]">I2C3_EV_IRQHandler</a> from startup_stm32l476xx.o(.text) referenced from startup_stm32l476xx.o(RESET)
 <LI><a href="#[e3]">LCD_IRQHandler</a> from startup_stm32l476xx.o(.text) referenced from startup_stm32l476xx.o(RESET)
 <LI><a href="#[1c]">LPS22HB_FIFO_Get_Data</a> from lps22hb_driver_hl.o(i.LPS22HB_FIFO_Get_Data) referenced 2 times from lps22hb_driver_hl.o(.data)
 <LI><a href="#[15]">LPS22HB_FIFO_Get_Empty_Status</a> from lps22hb_driver_hl.o(i.LPS22HB_FIFO_Get_Empty_Status) referenced 2 times from lps22hb_driver_hl.o(.data)
 <LI><a href="#[18]">LPS22HB_FIFO_Get_Fth_Status</a> from lps22hb_driver_hl.o(i.LPS22HB_FIFO_Get_Fth_Status) referenced 2 times from lps22hb_driver_hl.o(.data)
 <LI><a href="#[16]">LPS22HB_FIFO_Get_Full_Status</a> from lps22hb_driver_hl.o(i.LPS22HB_FIFO_Get_Full_Status) referenced 2 times from lps22hb_driver_hl.o(.data)
 <LI><a href="#[1d]">LPS22HB_FIFO_Get_Mode</a> from lps22hb_driver_hl.o(i.LPS22HB_FIFO_Get_Mode) referenced 2 times from lps22hb_driver_hl.o(.data)
 <LI><a href="#[1b]">LPS22HB_FIFO_Get_Num_Of_Samples</a> from lps22hb_driver_hl.o(i.LPS22HB_FIFO_Get_Num_Of_Samples) referenced 2 times from lps22hb_driver_hl.o(.data)
 <LI><a href="#[17]">LPS22HB_FIFO_Get_Ovr_Status</a> from lps22hb_driver_hl.o(i.LPS22HB_FIFO_Get_Ovr_Status) referenced 2 times from lps22hb_driver_hl.o(.data)
 <LI><a href="#[1f]">LPS22HB_FIFO_Get_Watermark_Level</a> from lps22hb_driver_hl.o(i.LPS22HB_FIFO_Get_Watermark_Level) referenced 2 times from lps22hb_driver_hl.o(.data)
 <LI><a href="#[23]">LPS22HB_FIFO_Reset_Interrupt</a> from lps22hb_driver_hl.o(i.LPS22HB_FIFO_Reset_Interrupt) referenced 2 times from lps22hb_driver_hl.o(.data)
 <LI><a href="#[22]">LPS22HB_FIFO_Set_Interrupt</a> from lps22hb_driver_hl.o(i.LPS22HB_FIFO_Set_Interrupt) referenced 2 times from lps22hb_driver_hl.o(.data)
 <LI><a href="#[1e]">LPS22HB_FIFO_Set_Mode</a> from lps22hb_driver_hl.o(i.LPS22HB_FIFO_Set_Mode) referenced 2 times from lps22hb_driver_hl.o(.data)
 <LI><a href="#[20]">LPS22HB_FIFO_Set_Watermark_Level</a> from lps22hb_driver_hl.o(i.LPS22HB_FIFO_Set_Watermark_Level) referenced 2 times from lps22hb_driver_hl.o(.data)
 <LI><a href="#[19]">LPS22HB_FIFO_Stop_On_Fth</a> from lps22hb_driver_hl.o(i.LPS22HB_FIFO_Stop_On_Fth) referenced 2 times from lps22hb_driver_hl.o(.data)
 <LI><a href="#[1a]">LPS22HB_FIFO_Usage</a> from lps22hb_driver_hl.o(i.LPS22HB_FIFO_Usage) referenced 2 times from lps22hb_driver_hl.o(.data)
 <LI><a href="#[21]">LPS22HB_FIFO_Watermark_Usage</a> from lps22hb_driver_hl.o(i.LPS22HB_FIFO_Watermark_Usage) referenced 2 times from lps22hb_driver_hl.o(.data)
 <LI><a href="#[6]">LPS22HB_P_Check_WhoAmI</a> from lps22hb_driver_hl.o(i.LPS22HB_P_Check_WhoAmI) referenced 2 times from lps22hb_driver_hl.o(.data)
 <LI><a href="#[2]">LPS22HB_P_DeInit</a> from lps22hb_driver_hl.o(i.LPS22HB_P_DeInit) referenced 2 times from lps22hb_driver_hl.o(.data)
 <LI><a href="#[8]">LPS22HB_P_Get_ODR</a> from lps22hb_driver_hl.o(i.LPS22HB_P_Get_ODR) referenced 2 times from lps22hb_driver_hl.o(.data)
 <LI><a href="#[7]">LPS22HB_P_Get_Press</a> from lps22hb_driver_hl.o(i.LPS22HB_P_Get_Press) referenced 2 times from lps22hb_driver_hl.o(.data)
 <LI><a href="#[5]">LPS22HB_P_Get_WhoAmI</a> from lps22hb_driver_hl.o(i.LPS22HB_P_Get_WhoAmI) referenced 2 times from lps22hb_driver_hl.o(.data)
 <LI><a href="#[1]">LPS22HB_P_Init</a> from lps22hb_driver_hl.o(i.LPS22HB_P_Init) referenced 2 times from lps22hb_driver_hl.o(.data)
 <LI><a href="#[4]">LPS22HB_P_Sensor_Disable</a> from lps22hb_driver_hl.o(i.LPS22HB_P_Sensor_Disable) referenced 2 times from lps22hb_driver_hl.o(.data)
 <LI><a href="#[3]">LPS22HB_P_Sensor_Enable</a> from lps22hb_driver_hl.o(i.LPS22HB_P_Sensor_Enable) referenced 2 times from lps22hb_driver_hl.o(.data)
 <LI><a href="#[9]">LPS22HB_P_Set_ODR</a> from lps22hb_driver_hl.o(i.LPS22HB_P_Set_ODR) referenced 2 times from lps22hb_driver_hl.o(.data)
 <LI><a href="#[a]">LPS22HB_P_Set_ODR_Value</a> from lps22hb_driver_hl.o(i.LPS22HB_P_Set_ODR_Value) referenced 2 times from lps22hb_driver_hl.o(.data)
 <LI><a href="#[10]">LPS22HB_T_Check_WhoAmI</a> from lps22hb_driver_hl.o(i.LPS22HB_T_Check_WhoAmI) referenced 2 times from lps22hb_driver_hl.o(.data)
 <LI><a href="#[c]">LPS22HB_T_DeInit</a> from lps22hb_driver_hl.o(i.LPS22HB_T_DeInit) referenced 2 times from lps22hb_driver_hl.o(.data)
 <LI><a href="#[12]">LPS22HB_T_Get_ODR</a> from lps22hb_driver_hl.o(i.LPS22HB_T_Get_ODR) referenced 2 times from lps22hb_driver_hl.o(.data)
 <LI><a href="#[11]">LPS22HB_T_Get_Temp</a> from lps22hb_driver_hl.o(i.LPS22HB_T_Get_Temp) referenced 2 times from lps22hb_driver_hl.o(.data)
 <LI><a href="#[f]">LPS22HB_T_Get_WhoAmI</a> from lps22hb_driver_hl.o(i.LPS22HB_T_Get_WhoAmI) referenced 2 times from lps22hb_driver_hl.o(.data)
 <LI><a href="#[b]">LPS22HB_T_Init</a> from lps22hb_driver_hl.o(i.LPS22HB_T_Init) referenced 2 times from lps22hb_driver_hl.o(.data)
 <LI><a href="#[e]">LPS22HB_T_Sensor_Disable</a> from lps22hb_driver_hl.o(i.LPS22HB_T_Sensor_Disable) referenced 2 times from lps22hb_driver_hl.o(.data)
 <LI><a href="#[d]">LPS22HB_T_Sensor_Enable</a> from lps22hb_driver_hl.o(i.LPS22HB_T_Sensor_Enable) referenced 2 times from lps22hb_driver_hl.o(.data)
 <LI><a href="#[13]">LPS22HB_T_Set_ODR</a> from lps22hb_driver_hl.o(i.LPS22HB_T_Set_ODR) referenced 2 times from lps22hb_driver_hl.o(.data)
 <LI><a href="#[14]">LPS22HB_T_Set_ODR_Value</a> from lps22hb_driver_hl.o(i.LPS22HB_T_Set_ODR_Value) referenced 2 times from lps22hb_driver_hl.o(.data)
 <LI><a href="#[d6]">LPTIM1_IRQHandler</a> from startup_stm32l476xx.o(.text) referenced from startup_stm32l476xx.o(RESET)
 <LI><a href="#[d7]">LPTIM2_IRQHandler</a> from startup_stm32l476xx.o(.text) referenced from startup_stm32l476xx.o(RESET)
 <LI><a href="#[db]">LPUART1_IRQHandler</a> from startup_stm32l476xx.o(.text) referenced from startup_stm32l476xx.o(RESET)
 <LI><a href="#[7d]">LSM303AGR_M_Check_WhoAmI</a> from lsm303agr_mag_driver_hl.o(i.LSM303AGR_M_Check_WhoAmI) referenced 2 times from lsm303agr_mag_driver_hl.o(.data)
 <LI><a href="#[79]">LSM303AGR_M_DeInit</a> from lsm303agr_mag_driver_hl.o(i.LSM303AGR_M_DeInit) referenced 2 times from lsm303agr_mag_driver_hl.o(.data)
 <LI><a href="#[7e]">LSM303AGR_M_Get_Axes</a> from lsm303agr_mag_driver_hl.o(i.LSM303AGR_M_Get_Axes) referenced 2 times from lsm303agr_mag_driver_hl.o(.data)
 <LI><a href="#[7f]">LSM303AGR_M_Get_AxesRaw</a> from lsm303agr_mag_driver_hl.o(i.LSM303AGR_M_Get_AxesRaw) referenced 2 times from lsm303agr_mag_driver_hl.o(.data)
 <LI><a href="#[84]">LSM303AGR_M_Get_FS</a> from lsm303agr_mag_driver_hl.o(i.LSM303AGR_M_Get_FS) referenced 2 times from lsm303agr_mag_driver_hl.o(.data)
 <LI><a href="#[81]">LSM303AGR_M_Get_ODR</a> from lsm303agr_mag_driver_hl.o(i.LSM303AGR_M_Get_ODR) referenced 2 times from lsm303agr_mag_driver_hl.o(.data)
 <LI><a href="#[80]">LSM303AGR_M_Get_Sensitivity</a> from lsm303agr_mag_driver_hl.o(i.LSM303AGR_M_Get_Sensitivity) referenced 2 times from lsm303agr_mag_driver_hl.o(.data)
 <LI><a href="#[7c]">LSM303AGR_M_Get_WhoAmI</a> from lsm303agr_mag_driver_hl.o(i.LSM303AGR_M_Get_WhoAmI) referenced 2 times from lsm303agr_mag_driver_hl.o(.data)
 <LI><a href="#[78]">LSM303AGR_M_Init</a> from lsm303agr_mag_driver_hl.o(i.LSM303AGR_M_Init) referenced 2 times from lsm303agr_mag_driver_hl.o(.data)
 <LI><a href="#[7b]">LSM303AGR_M_Sensor_Disable</a> from lsm303agr_mag_driver_hl.o(i.LSM303AGR_M_Sensor_Disable) referenced 2 times from lsm303agr_mag_driver_hl.o(.data)
 <LI><a href="#[7a]">LSM303AGR_M_Sensor_Enable</a> from lsm303agr_mag_driver_hl.o(i.LSM303AGR_M_Sensor_Enable) referenced 2 times from lsm303agr_mag_driver_hl.o(.data)
 <LI><a href="#[85]">LSM303AGR_M_Set_FS</a> from lsm303agr_mag_driver_hl.o(i.LSM303AGR_M_Set_FS) referenced 2 times from lsm303agr_mag_driver_hl.o(.data)
 <LI><a href="#[86]">LSM303AGR_M_Set_FS_Value</a> from lsm303agr_mag_driver_hl.o(i.LSM303AGR_M_Set_FS_Value) referenced 2 times from lsm303agr_mag_driver_hl.o(.data)
 <LI><a href="#[82]">LSM303AGR_M_Set_ODR</a> from lsm303agr_mag_driver_hl.o(i.LSM303AGR_M_Set_ODR) referenced 2 times from lsm303agr_mag_driver_hl.o(.data)
 <LI><a href="#[83]">LSM303AGR_M_Set_ODR_Value</a> from lsm303agr_mag_driver_hl.o(i.LSM303AGR_M_Set_ODR_Value) referenced 2 times from lsm303agr_mag_driver_hl.o(.data)
 <LI><a href="#[6c]">LSM303AGR_X_Check_WhoAmI</a> from lsm303agr_acc_driver_hl.o(i.LSM303AGR_X_Check_WhoAmI) referenced 2 times from lsm303agr_acc_driver_hl.o(.data)
 <LI><a href="#[68]">LSM303AGR_X_DeInit</a> from lsm303agr_acc_driver_hl.o(i.LSM303AGR_X_DeInit) referenced 2 times from lsm303agr_acc_driver_hl.o(.data)
 <LI><a href="#[6d]">LSM303AGR_X_Get_Axes</a> from lsm303agr_acc_driver_hl.o(i.LSM303AGR_X_Get_Axes) referenced 2 times from lsm303agr_acc_driver_hl.o(.data)
 <LI><a href="#[6e]">LSM303AGR_X_Get_AxesRaw</a> from lsm303agr_acc_driver_hl.o(i.LSM303AGR_X_Get_AxesRaw) referenced 2 times from lsm303agr_acc_driver_hl.o(.data)
 <LI><a href="#[76]">LSM303AGR_X_Get_Axes_Status</a> from lsm303agr_acc_driver_hl.o(i.LSM303AGR_X_Get_Axes_Status) referenced 2 times from lsm303agr_acc_driver_hl.o(.data)
 <LI><a href="#[73]">LSM303AGR_X_Get_FS</a> from lsm303agr_acc_driver_hl.o(i.LSM303AGR_X_Get_FS) referenced 2 times from lsm303agr_acc_driver_hl.o(.data)
 <LI><a href="#[70]">LSM303AGR_X_Get_ODR</a> from lsm303agr_acc_driver_hl.o(i.LSM303AGR_X_Get_ODR) referenced 2 times from lsm303agr_acc_driver_hl.o(.data)
 <LI><a href="#[6f]">LSM303AGR_X_Get_Sensitivity</a> from lsm303agr_acc_driver_hl.o(i.LSM303AGR_X_Get_Sensitivity) referenced 2 times from lsm303agr_acc_driver_hl.o(.data)
 <LI><a href="#[6b]">LSM303AGR_X_Get_WhoAmI</a> from lsm303agr_acc_driver_hl.o(i.LSM303AGR_X_Get_WhoAmI) referenced 2 times from lsm303agr_acc_driver_hl.o(.data)
 <LI><a href="#[67]">LSM303AGR_X_Init</a> from lsm303agr_acc_driver_hl.o(i.LSM303AGR_X_Init) referenced 2 times from lsm303agr_acc_driver_hl.o(.data)
 <LI><a href="#[6a]">LSM303AGR_X_Sensor_Disable</a> from lsm303agr_acc_driver_hl.o(i.LSM303AGR_X_Sensor_Disable) referenced 2 times from lsm303agr_acc_driver_hl.o(.data)
 <LI><a href="#[69]">LSM303AGR_X_Sensor_Enable</a> from lsm303agr_acc_driver_hl.o(i.LSM303AGR_X_Sensor_Enable) referenced 2 times from lsm303agr_acc_driver_hl.o(.data)
 <LI><a href="#[77]">LSM303AGR_X_Set_Axes_Status</a> from lsm303agr_acc_driver_hl.o(i.LSM303AGR_X_Set_Axes_Status) referenced 2 times from lsm303agr_acc_driver_hl.o(.data)
 <LI><a href="#[74]">LSM303AGR_X_Set_FS</a> from lsm303agr_acc_driver_hl.o(i.LSM303AGR_X_Set_FS) referenced 2 times from lsm303agr_acc_driver_hl.o(.data)
 <LI><a href="#[75]">LSM303AGR_X_Set_FS_Value</a> from lsm303agr_acc_driver_hl.o(i.LSM303AGR_X_Set_FS_Value) referenced 2 times from lsm303agr_acc_driver_hl.o(.data)
 <LI><a href="#[71]">LSM303AGR_X_Set_ODR</a> from lsm303agr_acc_driver_hl.o(i.LSM303AGR_X_Set_ODR) referenced 2 times from lsm303agr_acc_driver_hl.o(.data)
 <LI><a href="#[72]">LSM303AGR_X_Set_ODR_Value</a> from lsm303agr_acc_driver_hl.o(i.LSM303AGR_X_Set_ODR_Value) referenced 2 times from lsm303agr_acc_driver_hl.o(.data)
 <LI><a href="#[5d]">LSM6DSM_G_Check_WhoAmI</a> from lsm6dsm_acc_gyro_driver_hl.o(i.LSM6DSM_G_Check_WhoAmI) referenced 2 times from lsm6dsm_acc_gyro_driver_hl.o(.data)
 <LI><a href="#[59]">LSM6DSM_G_DeInit</a> from lsm6dsm_acc_gyro_driver_hl.o(i.LSM6DSM_G_DeInit) referenced 2 times from lsm6dsm_acc_gyro_driver_hl.o(.data)
 <LI><a href="#[5e]">LSM6DSM_G_Get_Axes</a> from lsm6dsm_acc_gyro_driver_hl.o(i.LSM6DSM_G_Get_Axes) referenced 2 times from lsm6dsm_acc_gyro_driver_hl.o(.data)
 <LI><a href="#[5f]">LSM6DSM_G_Get_AxesRaw</a> from lsm6dsm_acc_gyro_driver_hl.o(i.LSM6DSM_G_Get_AxesRaw) referenced 2 times from lsm6dsm_acc_gyro_driver_hl.o(.data)
 <LI><a href="#[64]">LSM6DSM_G_Get_FS</a> from lsm6dsm_acc_gyro_driver_hl.o(i.LSM6DSM_G_Get_FS) referenced 2 times from lsm6dsm_acc_gyro_driver_hl.o(.data)
 <LI><a href="#[61]">LSM6DSM_G_Get_ODR</a> from lsm6dsm_acc_gyro_driver_hl.o(i.LSM6DSM_G_Get_ODR) referenced 2 times from lsm6dsm_acc_gyro_driver_hl.o(.data)
 <LI><a href="#[60]">LSM6DSM_G_Get_Sensitivity</a> from lsm6dsm_acc_gyro_driver_hl.o(i.LSM6DSM_G_Get_Sensitivity) referenced 2 times from lsm6dsm_acc_gyro_driver_hl.o(.data)
 <LI><a href="#[5c]">LSM6DSM_G_Get_WhoAmI</a> from lsm6dsm_acc_gyro_driver_hl.o(i.LSM6DSM_G_Get_WhoAmI) referenced 2 times from lsm6dsm_acc_gyro_driver_hl.o(.data)
 <LI><a href="#[58]">LSM6DSM_G_Init</a> from lsm6dsm_acc_gyro_driver_hl.o(i.LSM6DSM_G_Init) referenced 2 times from lsm6dsm_acc_gyro_driver_hl.o(.data)
 <LI><a href="#[5b]">LSM6DSM_G_Sensor_Disable</a> from lsm6dsm_acc_gyro_driver_hl.o(i.LSM6DSM_G_Sensor_Disable) referenced 2 times from lsm6dsm_acc_gyro_driver_hl.o(.data)
 <LI><a href="#[5a]">LSM6DSM_G_Sensor_Enable</a> from lsm6dsm_acc_gyro_driver_hl.o(i.LSM6DSM_G_Sensor_Enable) referenced 2 times from lsm6dsm_acc_gyro_driver_hl.o(.data)
 <LI><a href="#[65]">LSM6DSM_G_Set_FS</a> from lsm6dsm_acc_gyro_driver_hl.o(i.LSM6DSM_G_Set_FS) referenced 2 times from lsm6dsm_acc_gyro_driver_hl.o(.data)
 <LI><a href="#[66]">LSM6DSM_G_Set_FS_Value</a> from lsm6dsm_acc_gyro_driver_hl.o(i.LSM6DSM_G_Set_FS_Value) referenced 2 times from lsm6dsm_acc_gyro_driver_hl.o(.data)
 <LI><a href="#[62]">LSM6DSM_G_Set_ODR</a> from lsm6dsm_acc_gyro_driver_hl.o(i.LSM6DSM_G_Set_ODR) referenced 2 times from lsm6dsm_acc_gyro_driver_hl.o(.data)
 <LI><a href="#[63]">LSM6DSM_G_Set_ODR_Value</a> from lsm6dsm_acc_gyro_driver_hl.o(i.LSM6DSM_G_Set_ODR_Value) referenced 2 times from lsm6dsm_acc_gyro_driver_hl.o(.data)
 <LI><a href="#[4e]">LSM6DSM_X_Check_WhoAmI</a> from lsm6dsm_acc_gyro_driver_hl.o(i.LSM6DSM_X_Check_WhoAmI) referenced 2 times from lsm6dsm_acc_gyro_driver_hl.o(.data)
 <LI><a href="#[4a]">LSM6DSM_X_DeInit</a> from lsm6dsm_acc_gyro_driver_hl.o(i.LSM6DSM_X_DeInit) referenced 2 times from lsm6dsm_acc_gyro_driver_hl.o(.data)
 <LI><a href="#[41]">LSM6DSM_X_Disable_6D_Orientation</a> from lsm6dsm_acc_gyro_driver_hl.o(i.LSM6DSM_X_Disable_6D_Orientation) referenced 2 times from lsm6dsm_acc_gyro_driver_hl.o(.data)
 <LI><a href="#[3a]">LSM6DSM_X_Disable_Double_Tap_Detection</a> from lsm6dsm_acc_gyro_driver_hl.o(i.LSM6DSM_X_Disable_Double_Tap_Detection) referenced 2 times from lsm6dsm_acc_gyro_driver_hl.o(.data)
 <LI><a href="#[25]">LSM6DSM_X_Disable_Free_Fall_Detection</a> from lsm6dsm_acc_gyro_driver_hl.o(i.LSM6DSM_X_Disable_Free_Fall_Detection) referenced 2 times from lsm6dsm_acc_gyro_driver_hl.o(.data)
 <LI><a href="#[29]">LSM6DSM_X_Disable_Pedometer</a> from lsm6dsm_acc_gyro_driver_hl.o(i.LSM6DSM_X_Disable_Pedometer) referenced 2 times from lsm6dsm_acc_gyro_driver_hl.o(.data)
 <LI><a href="#[37]">LSM6DSM_X_Disable_Single_Tap_Detection</a> from lsm6dsm_acc_gyro_driver_hl.o(i.LSM6DSM_X_Disable_Single_Tap_Detection) referenced 2 times from lsm6dsm_acc_gyro_driver_hl.o(.data)
 <LI><a href="#[2d]">LSM6DSM_X_Disable_Step_Counter_Reset</a> from lsm6dsm_acc_gyro_driver_hl.o(i.LSM6DSM_X_Disable_Step_Counter_Reset) referenced 2 times from lsm6dsm_acc_gyro_driver_hl.o(.data)
 <LI><a href="#[30]">LSM6DSM_X_Disable_Tilt_Detection</a> from lsm6dsm_acc_gyro_driver_hl.o(i.LSM6DSM_X_Disable_Tilt_Detection) referenced 2 times from lsm6dsm_acc_gyro_driver_hl.o(.data)
 <LI><a href="#[33]">LSM6DSM_X_Disable_Wake_Up_Detection</a> from lsm6dsm_acc_gyro_driver_hl.o(i.LSM6DSM_X_Disable_Wake_Up_Detection) referenced 2 times from lsm6dsm_acc_gyro_driver_hl.o(.data)
 <LI><a href="#[40]">LSM6DSM_X_Enable_6D_Orientation</a> from lsm6dsm_acc_gyro_driver_hl.o(i.LSM6DSM_X_Enable_6D_Orientation) referenced 2 times from lsm6dsm_acc_gyro_driver_hl.o(.data)
 <LI><a href="#[39]">LSM6DSM_X_Enable_Double_Tap_Detection</a> from lsm6dsm_acc_gyro_driver_hl.o(i.LSM6DSM_X_Enable_Double_Tap_Detection) referenced 2 times from lsm6dsm_acc_gyro_driver_hl.o(.data)
 <LI><a href="#[24]">LSM6DSM_X_Enable_Free_Fall_Detection</a> from lsm6dsm_acc_gyro_driver_hl.o(i.LSM6DSM_X_Enable_Free_Fall_Detection) referenced 2 times from lsm6dsm_acc_gyro_driver_hl.o(.data)
 <LI><a href="#[28]">LSM6DSM_X_Enable_Pedometer</a> from lsm6dsm_acc_gyro_driver_hl.o(i.LSM6DSM_X_Enable_Pedometer) referenced 2 times from lsm6dsm_acc_gyro_driver_hl.o(.data)
 <LI><a href="#[36]">LSM6DSM_X_Enable_Single_Tap_Detection</a> from lsm6dsm_acc_gyro_driver_hl.o(i.LSM6DSM_X_Enable_Single_Tap_Detection) referenced 2 times from lsm6dsm_acc_gyro_driver_hl.o(.data)
 <LI><a href="#[2c]">LSM6DSM_X_Enable_Step_Counter_Reset</a> from lsm6dsm_acc_gyro_driver_hl.o(i.LSM6DSM_X_Enable_Step_Counter_Reset) referenced 2 times from lsm6dsm_acc_gyro_driver_hl.o(.data)
 <LI><a href="#[2f]">LSM6DSM_X_Enable_Tilt_Detection</a> from lsm6dsm_acc_gyro_driver_hl.o(i.LSM6DSM_X_Enable_Tilt_Detection) referenced 2 times from lsm6dsm_acc_gyro_driver_hl.o(.data)
 <LI><a href="#[32]">LSM6DSM_X_Enable_Wake_Up_Detection</a> from lsm6dsm_acc_gyro_driver_hl.o(i.LSM6DSM_X_Enable_Wake_Up_Detection) referenced 2 times from lsm6dsm_acc_gyro_driver_hl.o(.data)
 <LI><a href="#[42]">LSM6DSM_X_Get_6D_Orientation_Status</a> from lsm6dsm_acc_gyro_driver_hl.o(i.LSM6DSM_X_Get_6D_Orientation_Status) referenced 2 times from lsm6dsm_acc_gyro_driver_hl.o(.data)
 <LI><a href="#[44]">LSM6DSM_X_Get_6D_Orientation_XH</a> from lsm6dsm_acc_gyro_driver_hl.o(i.LSM6DSM_X_Get_6D_Orientation_XH) referenced 2 times from lsm6dsm_acc_gyro_driver_hl.o(.data)
 <LI><a href="#[43]">LSM6DSM_X_Get_6D_Orientation_XL</a> from lsm6dsm_acc_gyro_driver_hl.o(i.LSM6DSM_X_Get_6D_Orientation_XL) referenced 2 times from lsm6dsm_acc_gyro_driver_hl.o(.data)
 <LI><a href="#[46]">LSM6DSM_X_Get_6D_Orientation_YH</a> from lsm6dsm_acc_gyro_driver_hl.o(i.LSM6DSM_X_Get_6D_Orientation_YH) referenced 2 times from lsm6dsm_acc_gyro_driver_hl.o(.data)
 <LI><a href="#[45]">LSM6DSM_X_Get_6D_Orientation_YL</a> from lsm6dsm_acc_gyro_driver_hl.o(i.LSM6DSM_X_Get_6D_Orientation_YL) referenced 2 times from lsm6dsm_acc_gyro_driver_hl.o(.data)
 <LI><a href="#[48]">LSM6DSM_X_Get_6D_Orientation_ZH</a> from lsm6dsm_acc_gyro_driver_hl.o(i.LSM6DSM_X_Get_6D_Orientation_ZH) referenced 2 times from lsm6dsm_acc_gyro_driver_hl.o(.data)
 <LI><a href="#[47]">LSM6DSM_X_Get_6D_Orientation_ZL</a> from lsm6dsm_acc_gyro_driver_hl.o(i.LSM6DSM_X_Get_6D_Orientation_ZL) referenced 2 times from lsm6dsm_acc_gyro_driver_hl.o(.data)
 <LI><a href="#[4f]">LSM6DSM_X_Get_Axes</a> from lsm6dsm_acc_gyro_driver_hl.o(i.LSM6DSM_X_Get_Axes) referenced 2 times from lsm6dsm_acc_gyro_driver_hl.o(.data)
 <LI><a href="#[50]">LSM6DSM_X_Get_AxesRaw</a> from lsm6dsm_acc_gyro_driver_hl.o(i.LSM6DSM_X_Get_AxesRaw) referenced 2 times from lsm6dsm_acc_gyro_driver_hl.o(.data)
 <LI><a href="#[3b]">LSM6DSM_X_Get_Double_Tap_Detection_Status</a> from lsm6dsm_acc_gyro_driver_hl.o(i.LSM6DSM_X_Get_Double_Tap_Detection_Status) referenced 2 times from lsm6dsm_acc_gyro_driver_hl.o(.data)
 <LI><a href="#[55]">LSM6DSM_X_Get_FS</a> from lsm6dsm_acc_gyro_driver_hl.o(i.LSM6DSM_X_Get_FS) referenced 2 times from lsm6dsm_acc_gyro_driver_hl.o(.data)
 <LI><a href="#[26]">LSM6DSM_X_Get_Free_Fall_Detection_Status</a> from lsm6dsm_acc_gyro_driver_hl.o(i.LSM6DSM_X_Get_Free_Fall_Detection_Status) referenced 2 times from lsm6dsm_acc_gyro_driver_hl.o(.data)
 <LI><a href="#[52]">LSM6DSM_X_Get_ODR</a> from lsm6dsm_acc_gyro_driver_hl.o(i.LSM6DSM_X_Get_ODR) referenced 2 times from lsm6dsm_acc_gyro_driver_hl.o(.data)
 <LI><a href="#[2a]">LSM6DSM_X_Get_Pedometer_Status</a> from lsm6dsm_acc_gyro_driver_hl.o(i.LSM6DSM_X_Get_Pedometer_Status) referenced 2 times from lsm6dsm_acc_gyro_driver_hl.o(.data)
 <LI><a href="#[51]">LSM6DSM_X_Get_Sensitivity</a> from lsm6dsm_acc_gyro_driver_hl.o(i.LSM6DSM_X_Get_Sensitivity) referenced 2 times from lsm6dsm_acc_gyro_driver_hl.o(.data)
 <LI><a href="#[38]">LSM6DSM_X_Get_Single_Tap_Detection_Status</a> from lsm6dsm_acc_gyro_driver_hl.o(i.LSM6DSM_X_Get_Single_Tap_Detection_Status) referenced 2 times from lsm6dsm_acc_gyro_driver_hl.o(.data)
 <LI><a href="#[2b]">LSM6DSM_X_Get_Step_Count</a> from lsm6dsm_acc_gyro_driver_hl.o(i.LSM6DSM_X_Get_Step_Count) referenced 2 times from lsm6dsm_acc_gyro_driver_hl.o(.data)
 <LI><a href="#[31]">LSM6DSM_X_Get_Tilt_Detection_Status</a> from lsm6dsm_acc_gyro_driver_hl.o(i.LSM6DSM_X_Get_Tilt_Detection_Status) referenced 2 times from lsm6dsm_acc_gyro_driver_hl.o(.data)
 <LI><a href="#[34]">LSM6DSM_X_Get_Wake_Up_Detection_Status</a> from lsm6dsm_acc_gyro_driver_hl.o(i.LSM6DSM_X_Get_Wake_Up_Detection_Status) referenced 2 times from lsm6dsm_acc_gyro_driver_hl.o(.data)
 <LI><a href="#[4d]">LSM6DSM_X_Get_WhoAmI</a> from lsm6dsm_acc_gyro_driver_hl.o(i.LSM6DSM_X_Get_WhoAmI) referenced 2 times from lsm6dsm_acc_gyro_driver_hl.o(.data)
 <LI><a href="#[49]">LSM6DSM_X_Init</a> from lsm6dsm_acc_gyro_driver_hl.o(i.LSM6DSM_X_Init) referenced 2 times from lsm6dsm_acc_gyro_driver_hl.o(.data)
 <LI><a href="#[4c]">LSM6DSM_X_Sensor_Disable</a> from lsm6dsm_acc_gyro_driver_hl.o(i.LSM6DSM_X_Sensor_Disable) referenced 2 times from lsm6dsm_acc_gyro_driver_hl.o(.data)
 <LI><a href="#[4b]">LSM6DSM_X_Sensor_Enable</a> from lsm6dsm_acc_gyro_driver_hl.o(i.LSM6DSM_X_Sensor_Enable) referenced 2 times from lsm6dsm_acc_gyro_driver_hl.o(.data)
 <LI><a href="#[56]">LSM6DSM_X_Set_FS</a> from lsm6dsm_acc_gyro_driver_hl.o(i.LSM6DSM_X_Set_FS) referenced 2 times from lsm6dsm_acc_gyro_driver_hl.o(.data)
 <LI><a href="#[57]">LSM6DSM_X_Set_FS_Value</a> from lsm6dsm_acc_gyro_driver_hl.o(i.LSM6DSM_X_Set_FS_Value) referenced 2 times from lsm6dsm_acc_gyro_driver_hl.o(.data)
 <LI><a href="#[27]">LSM6DSM_X_Set_Free_Fall_Threshold</a> from lsm6dsm_acc_gyro_driver_hl.o(i.LSM6DSM_X_Set_Free_Fall_Threshold) referenced 2 times from lsm6dsm_acc_gyro_driver_hl.o(.data)
 <LI><a href="#[53]">LSM6DSM_X_Set_ODR</a> from lsm6dsm_acc_gyro_driver_hl.o(i.LSM6DSM_X_Set_ODR) referenced 2 times from lsm6dsm_acc_gyro_driver_hl.o(.data)
 <LI><a href="#[54]">LSM6DSM_X_Set_ODR_Value</a> from lsm6dsm_acc_gyro_driver_hl.o(i.LSM6DSM_X_Set_ODR_Value) referenced 2 times from lsm6dsm_acc_gyro_driver_hl.o(.data)
 <LI><a href="#[2e]">LSM6DSM_X_Set_Pedometer_Threshold</a> from lsm6dsm_acc_gyro_driver_hl.o(i.LSM6DSM_X_Set_Pedometer_Threshold) referenced 2 times from lsm6dsm_acc_gyro_driver_hl.o(.data)
 <LI><a href="#[3f]">LSM6DSM_X_Set_Tap_Duration_Time</a> from lsm6dsm_acc_gyro_driver_hl.o(i.LSM6DSM_X_Set_Tap_Duration_Time) referenced 2 times from lsm6dsm_acc_gyro_driver_hl.o(.data)
 <LI><a href="#[3e]">LSM6DSM_X_Set_Tap_Quiet_Time</a> from lsm6dsm_acc_gyro_driver_hl.o(i.LSM6DSM_X_Set_Tap_Quiet_Time) referenced 2 times from lsm6dsm_acc_gyro_driver_hl.o(.data)
 <LI><a href="#[3d]">LSM6DSM_X_Set_Tap_Shock_Time</a> from lsm6dsm_acc_gyro_driver_hl.o(i.LSM6DSM_X_Set_Tap_Shock_Time) referenced 2 times from lsm6dsm_acc_gyro_driver_hl.o(.data)
 <LI><a href="#[3c]">LSM6DSM_X_Set_Tap_Threshold</a> from lsm6dsm_acc_gyro_driver_hl.o(i.LSM6DSM_X_Set_Tap_Threshold) referenced 2 times from lsm6dsm_acc_gyro_driver_hl.o(.data)
 <LI><a href="#[35]">LSM6DSM_X_Set_Wake_Up_Threshold</a> from lsm6dsm_acc_gyro_driver_hl.o(i.LSM6DSM_X_Set_Wake_Up_Threshold) referenced 2 times from lsm6dsm_acc_gyro_driver_hl.o(.data)
 <LI><a href="#[8e]">MemManage_Handler</a> from startup_stm32l476xx.o(.text) referenced from startup_stm32l476xx.o(RESET)
 <LI><a href="#[8c]">NMI_Handler</a> from stm32l4xx_it.o(i.NMI_Handler) referenced from startup_stm32l476xx.o(RESET)
 <LI><a href="#[d8]">OTG_FS_IRQHandler</a> from stm32l4xx_it.o(i.OTG_FS_IRQHandler) referenced from startup_stm32l476xx.o(RESET)
 <LI><a href="#[96]">PVD_PVM_IRQHandler</a> from startup_stm32l476xx.o(.text) referenced from startup_stm32l476xx.o(RESET)
 <LI><a href="#[93]">PendSV_Handler</a> from startup_stm32l476xx.o(.text) referenced from startup_stm32l476xx.o(RESET)
 <LI><a href="#[dc]">QUADSPI_IRQHandler</a> from startup_stm32l476xx.o(.text) referenced from startup_stm32l476xx.o(RESET)
 <LI><a href="#[9a]">RCC_IRQHandler</a> from startup_stm32l476xx.o(.text) referenced from startup_stm32l476xx.o(RESET)
 <LI><a href="#[e4]">RNG_IRQHandler</a> from startup_stm32l476xx.o(.text) referenced from startup_stm32l476xx.o(RESET)
 <LI><a href="#[be]">RTC_Alarm_IRQHandler</a> from startup_stm32l476xx.o(.text) referenced from startup_stm32l476xx.o(RESET)
 <LI><a href="#[98]">RTC_WKUP_IRQHandler</a> from startup_stm32l476xx.o(.text) referenced from startup_stm32l476xx.o(RESET)
 <LI><a href="#[8b]">Reset_Handler</a> from startup_stm32l476xx.o(.text) referenced from startup_stm32l476xx.o(RESET)
 <LI><a href="#[df]">SAI1_IRQHandler</a> from startup_stm32l476xx.o(.text) referenced from startup_stm32l476xx.o(RESET)
 <LI><a href="#[e0]">SAI2_IRQHandler</a> from startup_stm32l476xx.o(.text) referenced from startup_stm32l476xx.o(RESET)
 <LI><a href="#[c6]">SDMMC1_IRQHandler</a> from startup_stm32l476xx.o(.text) referenced from startup_stm32l476xx.o(RESET)
 <LI><a href="#[ec]">SD_initialize</a> from sd_diskio.o(i.SD_initialize) referenced from sd_diskio.o(.constdata)
 <LI><a href="#[f0]">SD_ioctl</a> from sd_diskio.o(i.SD_ioctl) referenced from sd_diskio.o(.constdata)
 <LI><a href="#[ee]">SD_read</a> from sd_diskio.o(i.SD_read) referenced from sd_diskio.o(.constdata)
 <LI><a href="#[ed]">SD_status</a> from sd_diskio.o(i.SD_status) referenced from sd_diskio.o(.constdata)
 <LI><a href="#[ef]">SD_write</a> from sd_diskio.o(i.SD_write) referenced from sd_diskio.o(.constdata)
 <LI><a href="#[b8]">SPI1_IRQHandler</a> from startup_stm32l476xx.o(.text) referenced from startup_stm32l476xx.o(RESET)
 <LI><a href="#[b9]">SPI2_IRQHandler</a> from startup_stm32l476xx.o(.text) referenced from startup_stm32l476xx.o(RESET)
 <LI><a href="#[c8]">SPI3_IRQHandler</a> from startup_stm32l476xx.o(.text) referenced from startup_stm32l476xx.o(RESET)
 <LI><a href="#[91]">SVC_Handler</a> from startup_stm32l476xx.o(.text) referenced from startup_stm32l476xx.o(RESET)
 <LI><a href="#[e1]">SWPMI1_IRQHandler</a> from startup_stm32l476xx.o(.text) referenced from startup_stm32l476xx.o(RESET)
 <LI><a href="#[94]">SysTick_Handler</a> from stm32l4xx_it.o(i.SysTick_Handler) referenced from startup_stm32l476xx.o(RESET)
 <LI><a href="#[e7]">SystemInit</a> from system_stm32l4xx.o(i.SystemInit) referenced from startup_stm32l476xx.o(.text)
 <LI><a href="#[97]">TAMP_STAMP_IRQHandler</a> from startup_stm32l476xx.o(.text) referenced from startup_stm32l476xx.o(RESET)
 <LI><a href="#[ad]">TIM1_BRK_TIM15_IRQHandler</a> from startup_stm32l476xx.o(.text) referenced from startup_stm32l476xx.o(RESET)
 <LI><a href="#[b0]">TIM1_CC_IRQHandler</a> from startup_stm32l476xx.o(.text) referenced from startup_stm32l476xx.o(RESET)
 <LI><a href="#[af]">TIM1_TRG_COM_TIM17_IRQHandler</a> from startup_stm32l476xx.o(.text) referenced from startup_stm32l476xx.o(RESET)
 <LI><a href="#[ae]">TIM1_UP_TIM16_IRQHandler</a> from startup_stm32l476xx.o(.text) referenced from startup_stm32l476xx.o(RESET)
 <LI><a href="#[b1]">TIM2_IRQHandler</a> from startup_stm32l476xx.o(.text) referenced from startup_stm32l476xx.o(RESET)
 <LI><a href="#[b2]">TIM3_IRQHandler</a> from stm32l4xx_it.o(i.TIM3_IRQHandler) referenced from startup_stm32l476xx.o(RESET)
 <LI><a href="#[b3]">TIM4_IRQHandler</a> from startup_stm32l476xx.o(.text) referenced from startup_stm32l476xx.o(RESET)
 <LI><a href="#[c7]">TIM5_IRQHandler</a> from startup_stm32l476xx.o(.text) referenced from startup_stm32l476xx.o(RESET)
 <LI><a href="#[cb]">TIM6_DAC_IRQHandler</a> from startup_stm32l476xx.o(.text) referenced from startup_stm32l476xx.o(RESET)
 <LI><a href="#[cc]">TIM7_IRQHandler</a> from startup_stm32l476xx.o(.text) referenced from startup_stm32l476xx.o(RESET)
 <LI><a href="#[c0]">TIM8_BRK_IRQHandler</a> from startup_stm32l476xx.o(.text) referenced from startup_stm32l476xx.o(RESET)
 <LI><a href="#[c3]">TIM8_CC_IRQHandler</a> from startup_stm32l476xx.o(.text) referenced from startup_stm32l476xx.o(RESET)
 <LI><a href="#[c2]">TIM8_TRG_COM_IRQHandler</a> from startup_stm32l476xx.o(.text) referenced from startup_stm32l476xx.o(RESET)
 <LI><a href="#[c1]">TIM8_UP_IRQHandler</a> from startup_stm32l476xx.o(.text) referenced from startup_stm32l476xx.o(RESET)
 <LI><a href="#[e2]">TSC_IRQHandler</a> from startup_stm32l476xx.o(.text) referenced from startup_stm32l476xx.o(RESET)
 <LI><a href="#[c9]">UART4_IRQHandler</a> from startup_stm32l476xx.o(.text) referenced from startup_stm32l476xx.o(RESET)
 <LI><a href="#[ca]">UART5_IRQHandler</a> from main.o(i.UART5_IRQHandler) referenced from startup_stm32l476xx.o(RESET)
 <LI><a href="#[e9]">UART_DMAAbortOnError</a> from stm32l4xx_hal_uart.o(i.UART_DMAAbortOnError) referenced from stm32l4xx_hal_uart.o(i.HAL_UART_IRQHandler)
 <LI><a href="#[ba]">USART1_IRQHandler</a> from startup_stm32l476xx.o(.text) referenced from startup_stm32l476xx.o(RESET)
 <LI><a href="#[bb]">USART2_IRQHandler</a> from startup_stm32l476xx.o(.text) referenced from startup_stm32l476xx.o(RESET)
 <LI><a href="#[bc]">USART3_IRQHandler</a> from startup_stm32l476xx.o(.text) referenced from startup_stm32l476xx.o(RESET)
 <LI><a href="#[90]">UsageFault_Handler</a> from startup_stm32l476xx.o(.text) referenced from startup_stm32l476xx.o(RESET)
 <LI><a href="#[95]">WWDG_IRQHandler</a> from startup_stm32l476xx.o(.text) referenced from startup_stm32l476xx.o(RESET)
 <LI><a href="#[e8]">__main</a> from entry.o(.ARM.Collect$$$$00000000) referenced from startup_stm32l476xx.o(.text)
 <LI><a href="#[eb]">_sputc</a> from printfa.o(i._sputc) referenced from printfa.o(i.__0sprintf)
 <LI><a href="#[ea]">fputc</a> from main.o(i.fputc) referenced from printfa.o(i.__0printf)
 <LI><a href="#[e6]">main</a> from main.o(i.main) referenced from entry9a.o(.ARM.Collect$$$$0000000B)
</UL>
<P>
<H3>
Global Symbols
</H3>
<P><STRONG><a name="[e8]"></a>__main</STRONG> (Thumb, 0 bytes, Stack size unknown bytes, entry.o(.ARM.Collect$$$$00000000))
<BR>[Address Reference Count : 1]<UL><LI> startup_stm32l476xx.o(.text)
</UL>
<P><STRONG><a name="[309]"></a>_main_stk</STRONG> (Thumb, 0 bytes, Stack size unknown bytes, entry2.o(.ARM.Collect$$$$00000001))

<P><STRONG><a name="[f1]"></a>_main_scatterload</STRONG> (Thumb, 0 bytes, Stack size unknown bytes, entry5.o(.ARM.Collect$$$$00000004))
<BR><BR>[Calls]<UL><LI><a href="#[f2]">&gt;&gt;</a>&nbsp;&nbsp;&nbsp;__scatterload
</UL>

<P><STRONG><a name="[106]"></a>__main_after_scatterload</STRONG> (Thumb, 0 bytes, Stack size unknown bytes, entry5.o(.ARM.Collect$$$$00000004))
<BR><BR>[Called By]<UL><LI><a href="#[f2]">&gt;&gt;</a>&nbsp;&nbsp;&nbsp;__scatterload
</UL>

<P><STRONG><a name="[30a]"></a>_main_clock</STRONG> (Thumb, 0 bytes, Stack size unknown bytes, entry7b.o(.ARM.Collect$$$$00000008))

<P><STRONG><a name="[30b]"></a>_main_cpp_init</STRONG> (Thumb, 0 bytes, Stack size unknown bytes, entry8b.o(.ARM.Collect$$$$0000000A))

<P><STRONG><a name="[30c]"></a>_main_init</STRONG> (Thumb, 0 bytes, Stack size unknown bytes, entry9a.o(.ARM.Collect$$$$0000000B))

<P><STRONG><a name="[30d]"></a>__rt_final_cpp</STRONG> (Thumb, 0 bytes, Stack size unknown bytes, entry10a.o(.ARM.Collect$$$$0000000D))

<P><STRONG><a name="[30e]"></a>__rt_final_exit</STRONG> (Thumb, 0 bytes, Stack size unknown bytes, entry11a.o(.ARM.Collect$$$$0000000F))

<P><STRONG><a name="[8b]"></a>Reset_Handler</STRONG> (Thumb, 8 bytes, Stack size 0 bytes, startup_stm32l476xx.o(.text))
<BR>[Address Reference Count : 1]<UL><LI> startup_stm32l476xx.o(RESET)
</UL>
<P><STRONG><a name="[8e]"></a>MemManage_Handler</STRONG> (Thumb, 2 bytes, Stack size 0 bytes, startup_stm32l476xx.o(.text))
<BR><BR>[Calls]<UL><LI><a href="#[8e]">&gt;&gt;</a>&nbsp;&nbsp;&nbsp;MemManage_Handler
</UL>
<BR>[Called By]<UL><LI><a href="#[8e]">&gt;&gt;</a>&nbsp;&nbsp;&nbsp;MemManage_Handler
</UL>
<BR>[Address Reference Count : 1]<UL><LI> startup_stm32l476xx.o(RESET)
</UL>
<P><STRONG><a name="[8f]"></a>BusFault_Handler</STRONG> (Thumb, 2 bytes, Stack size 0 bytes, startup_stm32l476xx.o(.text))
<BR><BR>[Calls]<UL><LI><a href="#[8f]">&gt;&gt;</a>&nbsp;&nbsp;&nbsp;BusFault_Handler
</UL>
<BR>[Called By]<UL><LI><a href="#[8f]">&gt;&gt;</a>&nbsp;&nbsp;&nbsp;BusFault_Handler
</UL>
<BR>[Address Reference Count : 1]<UL><LI> startup_stm32l476xx.o(RESET)
</UL>
<P><STRONG><a name="[90]"></a>UsageFault_Handler</STRONG> (Thumb, 2 bytes, Stack size 0 bytes, startup_stm32l476xx.o(.text))
<BR><BR>[Calls]<UL><LI><a href="#[90]">&gt;&gt;</a>&nbsp;&nbsp;&nbsp;UsageFault_Handler
</UL>
<BR>[Called By]<UL><LI><a href="#[90]">&gt;&gt;</a>&nbsp;&nbsp;&nbsp;UsageFault_Handler
</UL>
<BR>[Address Reference Count : 1]<UL><LI> startup_stm32l476xx.o(RESET)
</UL>
<P><STRONG><a name="[91]"></a>SVC_Handler</STRONG> (Thumb, 2 bytes, Stack size 0 bytes, startup_stm32l476xx.o(.text))
<BR><BR>[Calls]<UL><LI><a href="#[91]">&gt;&gt;</a>&nbsp;&nbsp;&nbsp;SVC_Handler
</UL>
<BR>[Called By]<UL><LI><a href="#[91]">&gt;&gt;</a>&nbsp;&nbsp;&nbsp;SVC_Handler
</UL>
<BR>[Address Reference Count : 1]<UL><LI> startup_stm32l476xx.o(RESET)
</UL>
<P><STRONG><a name="[93]"></a>PendSV_Handler</STRONG> (Thumb, 2 bytes, Stack size 0 bytes, startup_stm32l476xx.o(.text))
<BR><BR>[Calls]<UL><LI><a href="#[93]">&gt;&gt;</a>&nbsp;&nbsp;&nbsp;PendSV_Handler
</UL>
<BR>[Called By]<UL><LI><a href="#[93]">&gt;&gt;</a>&nbsp;&nbsp;&nbsp;PendSV_Handler
</UL>
<BR>[Address Reference Count : 1]<UL><LI> startup_stm32l476xx.o(RESET)
</UL>
<P><STRONG><a name="[a7]"></a>ADC1_2_IRQHandler</STRONG> (Thumb, 0 bytes, Stack size 0 bytes, startup_stm32l476xx.o(.text))
<BR><BR>[Calls]<UL><LI><a href="#[a7]">&gt;&gt;</a>&nbsp;&nbsp;&nbsp;ADC1_2_IRQHandler
</UL>
<BR>[Called By]<UL><LI><a href="#[a7]">&gt;&gt;</a>&nbsp;&nbsp;&nbsp;ADC1_2_IRQHandler
</UL>
<BR>[Address Reference Count : 1]<UL><LI> startup_stm32l476xx.o(RESET)
</UL>
<P><STRONG><a name="[c4]"></a>ADC3_IRQHandler</STRONG> (Thumb, 0 bytes, Stack size 0 bytes, startup_stm32l476xx.o(.text))
<BR>[Address Reference Count : 1]<UL><LI> startup_stm32l476xx.o(RESET)
</UL>
<P><STRONG><a name="[a9]"></a>CAN1_RX0_IRQHandler</STRONG> (Thumb, 0 bytes, Stack size 0 bytes, startup_stm32l476xx.o(.text))
<BR>[Address Reference Count : 1]<UL><LI> startup_stm32l476xx.o(RESET)
</UL>
<P><STRONG><a name="[aa]"></a>CAN1_RX1_IRQHandler</STRONG> (Thumb, 0 bytes, Stack size 0 bytes, startup_stm32l476xx.o(.text))
<BR>[Address Reference Count : 1]<UL><LI> startup_stm32l476xx.o(RESET)
</UL>
<P><STRONG><a name="[ab]"></a>CAN1_SCE_IRQHandler</STRONG> (Thumb, 0 bytes, Stack size 0 bytes, startup_stm32l476xx.o(.text))
<BR>[Address Reference Count : 1]<UL><LI> startup_stm32l476xx.o(RESET)
</UL>
<P><STRONG><a name="[a8]"></a>CAN1_TX_IRQHandler</STRONG> (Thumb, 0 bytes, Stack size 0 bytes, startup_stm32l476xx.o(.text))
<BR>[Address Reference Count : 1]<UL><LI> startup_stm32l476xx.o(RESET)
</UL>
<P><STRONG><a name="[d5]"></a>COMP_IRQHandler</STRONG> (Thumb, 0 bytes, Stack size 0 bytes, startup_stm32l476xx.o(.text))
<BR>[Address Reference Count : 1]<UL><LI> startup_stm32l476xx.o(RESET)
</UL>
<P><STRONG><a name="[d2]"></a>DFSDM1_FLT0_IRQHandler</STRONG> (Thumb, 0 bytes, Stack size 0 bytes, startup_stm32l476xx.o(.text))
<BR>[Address Reference Count : 1]<UL><LI> startup_stm32l476xx.o(RESET)
</UL>
<P><STRONG><a name="[d3]"></a>DFSDM1_FLT1_IRQHandler</STRONG> (Thumb, 0 bytes, Stack size 0 bytes, startup_stm32l476xx.o(.text))
<BR>[Address Reference Count : 1]<UL><LI> startup_stm32l476xx.o(RESET)
</UL>
<P><STRONG><a name="[d4]"></a>DFSDM1_FLT2_IRQHandler</STRONG> (Thumb, 0 bytes, Stack size 0 bytes, startup_stm32l476xx.o(.text))
<BR>[Address Reference Count : 1]<UL><LI> startup_stm32l476xx.o(RESET)
</UL>
<P><STRONG><a name="[bf]"></a>DFSDM1_FLT3_IRQHandler</STRONG> (Thumb, 0 bytes, Stack size 0 bytes, startup_stm32l476xx.o(.text))
<BR>[Address Reference Count : 1]<UL><LI> startup_stm32l476xx.o(RESET)
</UL>
<P><STRONG><a name="[a0]"></a>DMA1_Channel1_IRQHandler</STRONG> (Thumb, 0 bytes, Stack size 0 bytes, startup_stm32l476xx.o(.text))
<BR>[Address Reference Count : 1]<UL><LI> startup_stm32l476xx.o(RESET)
</UL>
<P><STRONG><a name="[a1]"></a>DMA1_Channel2_IRQHandler</STRONG> (Thumb, 0 bytes, Stack size 0 bytes, startup_stm32l476xx.o(.text))
<BR>[Address Reference Count : 1]<UL><LI> startup_stm32l476xx.o(RESET)
</UL>
<P><STRONG><a name="[a2]"></a>DMA1_Channel3_IRQHandler</STRONG> (Thumb, 0 bytes, Stack size 0 bytes, startup_stm32l476xx.o(.text))
<BR>[Address Reference Count : 1]<UL><LI> startup_stm32l476xx.o(RESET)
</UL>
<P><STRONG><a name="[a3]"></a>DMA1_Channel4_IRQHandler</STRONG> (Thumb, 0 bytes, Stack size 0 bytes, startup_stm32l476xx.o(.text))
<BR>[Address Reference Count : 1]<UL><LI> startup_stm32l476xx.o(RESET)
</UL>
<P><STRONG><a name="[a4]"></a>DMA1_Channel5_IRQHandler</STRONG> (Thumb, 0 bytes, Stack size 0 bytes, startup_stm32l476xx.o(.text))
<BR>[Address Reference Count : 1]<UL><LI> startup_stm32l476xx.o(RESET)
</UL>
<P><STRONG><a name="[a5]"></a>DMA1_Channel6_IRQHandler</STRONG> (Thumb, 0 bytes, Stack size 0 bytes, startup_stm32l476xx.o(.text))
<BR>[Address Reference Count : 1]<UL><LI> startup_stm32l476xx.o(RESET)
</UL>
<P><STRONG><a name="[a6]"></a>DMA1_Channel7_IRQHandler</STRONG> (Thumb, 0 bytes, Stack size 0 bytes, startup_stm32l476xx.o(.text))
<BR>[Address Reference Count : 1]<UL><LI> startup_stm32l476xx.o(RESET)
</UL>
<P><STRONG><a name="[cd]"></a>DMA2_Channel1_IRQHandler</STRONG> (Thumb, 0 bytes, Stack size 0 bytes, startup_stm32l476xx.o(.text))
<BR>[Address Reference Count : 1]<UL><LI> startup_stm32l476xx.o(RESET)
</UL>
<P><STRONG><a name="[ce]"></a>DMA2_Channel2_IRQHandler</STRONG> (Thumb, 0 bytes, Stack size 0 bytes, startup_stm32l476xx.o(.text))
<BR>[Address Reference Count : 1]<UL><LI> startup_stm32l476xx.o(RESET)
</UL>
<P><STRONG><a name="[cf]"></a>DMA2_Channel3_IRQHandler</STRONG> (Thumb, 0 bytes, Stack size 0 bytes, startup_stm32l476xx.o(.text))
<BR>[Address Reference Count : 1]<UL><LI> startup_stm32l476xx.o(RESET)
</UL>
<P><STRONG><a name="[d0]"></a>DMA2_Channel4_IRQHandler</STRONG> (Thumb, 0 bytes, Stack size 0 bytes, startup_stm32l476xx.o(.text))
<BR>[Address Reference Count : 1]<UL><LI> startup_stm32l476xx.o(RESET)
</UL>
<P><STRONG><a name="[d1]"></a>DMA2_Channel5_IRQHandler</STRONG> (Thumb, 0 bytes, Stack size 0 bytes, startup_stm32l476xx.o(.text))
<BR>[Address Reference Count : 1]<UL><LI> startup_stm32l476xx.o(RESET)
</UL>
<P><STRONG><a name="[d9]"></a>DMA2_Channel6_IRQHandler</STRONG> (Thumb, 0 bytes, Stack size 0 bytes, startup_stm32l476xx.o(.text))
<BR>[Address Reference Count : 1]<UL><LI> startup_stm32l476xx.o(RESET)
</UL>
<P><STRONG><a name="[da]"></a>DMA2_Channel7_IRQHandler</STRONG> (Thumb, 0 bytes, Stack size 0 bytes, startup_stm32l476xx.o(.text))
<BR>[Address Reference Count : 1]<UL><LI> startup_stm32l476xx.o(RESET)
</UL>
<P><STRONG><a name="[9b]"></a>EXTI0_IRQHandler</STRONG> (Thumb, 0 bytes, Stack size 0 bytes, startup_stm32l476xx.o(.text))
<BR>[Address Reference Count : 1]<UL><LI> startup_stm32l476xx.o(RESET)
</UL>
<P><STRONG><a name="[bd]"></a>EXTI15_10_IRQHandler</STRONG> (Thumb, 0 bytes, Stack size 0 bytes, startup_stm32l476xx.o(.text))
<BR>[Address Reference Count : 1]<UL><LI> startup_stm32l476xx.o(RESET)
</UL>
<P><STRONG><a name="[9c]"></a>EXTI1_IRQHandler</STRONG> (Thumb, 0 bytes, Stack size 0 bytes, startup_stm32l476xx.o(.text))
<BR>[Address Reference Count : 1]<UL><LI> startup_stm32l476xx.o(RESET)
</UL>
<P><STRONG><a name="[9e]"></a>EXTI3_IRQHandler</STRONG> (Thumb, 0 bytes, Stack size 0 bytes, startup_stm32l476xx.o(.text))
<BR>[Address Reference Count : 1]<UL><LI> startup_stm32l476xx.o(RESET)
</UL>
<P><STRONG><a name="[9f]"></a>EXTI4_IRQHandler</STRONG> (Thumb, 0 bytes, Stack size 0 bytes, startup_stm32l476xx.o(.text))
<BR>[Address Reference Count : 1]<UL><LI> startup_stm32l476xx.o(RESET)
</UL>
<P><STRONG><a name="[ac]"></a>EXTI9_5_IRQHandler</STRONG> (Thumb, 0 bytes, Stack size 0 bytes, startup_stm32l476xx.o(.text))
<BR>[Address Reference Count : 1]<UL><LI> startup_stm32l476xx.o(RESET)
</UL>
<P><STRONG><a name="[99]"></a>FLASH_IRQHandler</STRONG> (Thumb, 0 bytes, Stack size 0 bytes, startup_stm32l476xx.o(.text))
<BR>[Address Reference Count : 1]<UL><LI> startup_stm32l476xx.o(RESET)
</UL>
<P><STRONG><a name="[c5]"></a>FMC_IRQHandler</STRONG> (Thumb, 0 bytes, Stack size 0 bytes, startup_stm32l476xx.o(.text))
<BR>[Address Reference Count : 1]<UL><LI> startup_stm32l476xx.o(RESET)
</UL>
<P><STRONG><a name="[e5]"></a>FPU_IRQHandler</STRONG> (Thumb, 0 bytes, Stack size 0 bytes, startup_stm32l476xx.o(.text))
<BR>[Address Reference Count : 1]<UL><LI> startup_stm32l476xx.o(RESET)
</UL>
<P><STRONG><a name="[b5]"></a>I2C1_ER_IRQHandler</STRONG> (Thumb, 0 bytes, Stack size 0 bytes, startup_stm32l476xx.o(.text))
<BR>[Address Reference Count : 1]<UL><LI> startup_stm32l476xx.o(RESET)
</UL>
<P><STRONG><a name="[b4]"></a>I2C1_EV_IRQHandler</STRONG> (Thumb, 0 bytes, Stack size 0 bytes, startup_stm32l476xx.o(.text))
<BR>[Address Reference Count : 1]<UL><LI> startup_stm32l476xx.o(RESET)
</UL>
<P><STRONG><a name="[b7]"></a>I2C2_ER_IRQHandler</STRONG> (Thumb, 0 bytes, Stack size 0 bytes, startup_stm32l476xx.o(.text))
<BR>[Address Reference Count : 1]<UL><LI> startup_stm32l476xx.o(RESET)
</UL>
<P><STRONG><a name="[b6]"></a>I2C2_EV_IRQHandler</STRONG> (Thumb, 0 bytes, Stack size 0 bytes, startup_stm32l476xx.o(.text))
<BR>[Address Reference Count : 1]<UL><LI> startup_stm32l476xx.o(RESET)
</UL>
<P><STRONG><a name="[de]"></a>I2C3_ER_IRQHandler</STRONG> (Thumb, 0 bytes, Stack size 0 bytes, startup_stm32l476xx.o(.text))
<BR>[Address Reference Count : 1]<UL><LI> startup_stm32l476xx.o(RESET)
</UL>
<P><STRONG><a name="[dd]"></a>I2C3_EV_IRQHandler</STRONG> (Thumb, 0 bytes, Stack size 0 bytes, startup_stm32l476xx.o(.text))
<BR>[Address Reference Count : 1]<UL><LI> startup_stm32l476xx.o(RESET)
</UL>
<P><STRONG><a name="[e3]"></a>LCD_IRQHandler</STRONG> (Thumb, 0 bytes, Stack size 0 bytes, startup_stm32l476xx.o(.text))
<BR>[Address Reference Count : 1]<UL><LI> startup_stm32l476xx.o(RESET)
</UL>
<P><STRONG><a name="[d6]"></a>LPTIM1_IRQHandler</STRONG> (Thumb, 0 bytes, Stack size 0 bytes, startup_stm32l476xx.o(.text))
<BR>[Address Reference Count : 1]<UL><LI> startup_stm32l476xx.o(RESET)
</UL>
<P><STRONG><a name="[d7]"></a>LPTIM2_IRQHandler</STRONG> (Thumb, 0 bytes, Stack size 0 bytes, startup_stm32l476xx.o(.text))
<BR>[Address Reference Count : 1]<UL><LI> startup_stm32l476xx.o(RESET)
</UL>
<P><STRONG><a name="[db]"></a>LPUART1_IRQHandler</STRONG> (Thumb, 0 bytes, Stack size 0 bytes, startup_stm32l476xx.o(.text))
<BR>[Address Reference Count : 1]<UL><LI> startup_stm32l476xx.o(RESET)
</UL>
<P><STRONG><a name="[96]"></a>PVD_PVM_IRQHandler</STRONG> (Thumb, 0 bytes, Stack size 0 bytes, startup_stm32l476xx.o(.text))
<BR>[Address Reference Count : 1]<UL><LI> startup_stm32l476xx.o(RESET)
</UL>
<P><STRONG><a name="[dc]"></a>QUADSPI_IRQHandler</STRONG> (Thumb, 0 bytes, Stack size 0 bytes, startup_stm32l476xx.o(.text))
<BR>[Address Reference Count : 1]<UL><LI> startup_stm32l476xx.o(RESET)
</UL>
<P><STRONG><a name="[9a]"></a>RCC_IRQHandler</STRONG> (Thumb, 0 bytes, Stack size 0 bytes, startup_stm32l476xx.o(.text))
<BR>[Address Reference Count : 1]<UL><LI> startup_stm32l476xx.o(RESET)
</UL>
<P><STRONG><a name="[e4]"></a>RNG_IRQHandler</STRONG> (Thumb, 0 bytes, Stack size 0 bytes, startup_stm32l476xx.o(.text))
<BR>[Address Reference Count : 1]<UL><LI> startup_stm32l476xx.o(RESET)
</UL>
<P><STRONG><a name="[be]"></a>RTC_Alarm_IRQHandler</STRONG> (Thumb, 0 bytes, Stack size 0 bytes, startup_stm32l476xx.o(.text))
<BR>[Address Reference Count : 1]<UL><LI> startup_stm32l476xx.o(RESET)
</UL>
<P><STRONG><a name="[98]"></a>RTC_WKUP_IRQHandler</STRONG> (Thumb, 0 bytes, Stack size 0 bytes, startup_stm32l476xx.o(.text))
<BR>[Address Reference Count : 1]<UL><LI> startup_stm32l476xx.o(RESET)
</UL>
<P><STRONG><a name="[df]"></a>SAI1_IRQHandler</STRONG> (Thumb, 0 bytes, Stack size 0 bytes, startup_stm32l476xx.o(.text))
<BR>[Address Reference Count : 1]<UL><LI> startup_stm32l476xx.o(RESET)
</UL>
<P><STRONG><a name="[e0]"></a>SAI2_IRQHandler</STRONG> (Thumb, 0 bytes, Stack size 0 bytes, startup_stm32l476xx.o(.text))
<BR>[Address Reference Count : 1]<UL><LI> startup_stm32l476xx.o(RESET)
</UL>
<P><STRONG><a name="[c6]"></a>SDMMC1_IRQHandler</STRONG> (Thumb, 0 bytes, Stack size 0 bytes, startup_stm32l476xx.o(.text))
<BR>[Address Reference Count : 1]<UL><LI> startup_stm32l476xx.o(RESET)
</UL>
<P><STRONG><a name="[b8]"></a>SPI1_IRQHandler</STRONG> (Thumb, 0 bytes, Stack size 0 bytes, startup_stm32l476xx.o(.text))
<BR>[Address Reference Count : 1]<UL><LI> startup_stm32l476xx.o(RESET)
</UL>
<P><STRONG><a name="[b9]"></a>SPI2_IRQHandler</STRONG> (Thumb, 0 bytes, Stack size 0 bytes, startup_stm32l476xx.o(.text))
<BR>[Address Reference Count : 1]<UL><LI> startup_stm32l476xx.o(RESET)
</UL>
<P><STRONG><a name="[c8]"></a>SPI3_IRQHandler</STRONG> (Thumb, 0 bytes, Stack size 0 bytes, startup_stm32l476xx.o(.text))
<BR>[Address Reference Count : 1]<UL><LI> startup_stm32l476xx.o(RESET)
</UL>
<P><STRONG><a name="[e1]"></a>SWPMI1_IRQHandler</STRONG> (Thumb, 0 bytes, Stack size 0 bytes, startup_stm32l476xx.o(.text))
<BR>[Address Reference Count : 1]<UL><LI> startup_stm32l476xx.o(RESET)
</UL>
<P><STRONG><a name="[97]"></a>TAMP_STAMP_IRQHandler</STRONG> (Thumb, 0 bytes, Stack size 0 bytes, startup_stm32l476xx.o(.text))
<BR>[Address Reference Count : 1]<UL><LI> startup_stm32l476xx.o(RESET)
</UL>
<P><STRONG><a name="[ad]"></a>TIM1_BRK_TIM15_IRQHandler</STRONG> (Thumb, 0 bytes, Stack size 0 bytes, startup_stm32l476xx.o(.text))
<BR>[Address Reference Count : 1]<UL><LI> startup_stm32l476xx.o(RESET)
</UL>
<P><STRONG><a name="[b0]"></a>TIM1_CC_IRQHandler</STRONG> (Thumb, 0 bytes, Stack size 0 bytes, startup_stm32l476xx.o(.text))
<BR>[Address Reference Count : 1]<UL><LI> startup_stm32l476xx.o(RESET)
</UL>
<P><STRONG><a name="[af]"></a>TIM1_TRG_COM_TIM17_IRQHandler</STRONG> (Thumb, 0 bytes, Stack size 0 bytes, startup_stm32l476xx.o(.text))
<BR>[Address Reference Count : 1]<UL><LI> startup_stm32l476xx.o(RESET)
</UL>
<P><STRONG><a name="[ae]"></a>TIM1_UP_TIM16_IRQHandler</STRONG> (Thumb, 0 bytes, Stack size 0 bytes, startup_stm32l476xx.o(.text))
<BR>[Address Reference Count : 1]<UL><LI> startup_stm32l476xx.o(RESET)
</UL>
<P><STRONG><a name="[b1]"></a>TIM2_IRQHandler</STRONG> (Thumb, 0 bytes, Stack size 0 bytes, startup_stm32l476xx.o(.text))
<BR>[Address Reference Count : 1]<UL><LI> startup_stm32l476xx.o(RESET)
</UL>
<P><STRONG><a name="[b3]"></a>TIM4_IRQHandler</STRONG> (Thumb, 0 bytes, Stack size 0 bytes, startup_stm32l476xx.o(.text))
<BR>[Address Reference Count : 1]<UL><LI> startup_stm32l476xx.o(RESET)
</UL>
<P><STRONG><a name="[c7]"></a>TIM5_IRQHandler</STRONG> (Thumb, 0 bytes, Stack size 0 bytes, startup_stm32l476xx.o(.text))
<BR>[Address Reference Count : 1]<UL><LI> startup_stm32l476xx.o(RESET)
</UL>
<P><STRONG><a name="[cb]"></a>TIM6_DAC_IRQHandler</STRONG> (Thumb, 0 bytes, Stack size 0 bytes, startup_stm32l476xx.o(.text))
<BR>[Address Reference Count : 1]<UL><LI> startup_stm32l476xx.o(RESET)
</UL>
<P><STRONG><a name="[cc]"></a>TIM7_IRQHandler</STRONG> (Thumb, 0 bytes, Stack size 0 bytes, startup_stm32l476xx.o(.text))
<BR>[Address Reference Count : 1]<UL><LI> startup_stm32l476xx.o(RESET)
</UL>
<P><STRONG><a name="[c0]"></a>TIM8_BRK_IRQHandler</STRONG> (Thumb, 0 bytes, Stack size 0 bytes, startup_stm32l476xx.o(.text))
<BR>[Address Reference Count : 1]<UL><LI> startup_stm32l476xx.o(RESET)
</UL>
<P><STRONG><a name="[c3]"></a>TIM8_CC_IRQHandler</STRONG> (Thumb, 0 bytes, Stack size 0 bytes, startup_stm32l476xx.o(.text))
<BR>[Address Reference Count : 1]<UL><LI> startup_stm32l476xx.o(RESET)
</UL>
<P><STRONG><a name="[c2]"></a>TIM8_TRG_COM_IRQHandler</STRONG> (Thumb, 0 bytes, Stack size 0 bytes, startup_stm32l476xx.o(.text))
<BR>[Address Reference Count : 1]<UL><LI> startup_stm32l476xx.o(RESET)
</UL>
<P><STRONG><a name="[c1]"></a>TIM8_UP_IRQHandler</STRONG> (Thumb, 0 bytes, Stack size 0 bytes, startup_stm32l476xx.o(.text))
<BR>[Address Reference Count : 1]<UL><LI> startup_stm32l476xx.o(RESET)
</UL>
<P><STRONG><a name="[e2]"></a>TSC_IRQHandler</STRONG> (Thumb, 0 bytes, Stack size 0 bytes, startup_stm32l476xx.o(.text))
<BR>[Address Reference Count : 1]<UL><LI> startup_stm32l476xx.o(RESET)
</UL>
<P><STRONG><a name="[c9]"></a>UART4_IRQHandler</STRONG> (Thumb, 0 bytes, Stack size 0 bytes, startup_stm32l476xx.o(.text))
<BR>[Address Reference Count : 1]<UL><LI> startup_stm32l476xx.o(RESET)
</UL>
<P><STRONG><a name="[ba]"></a>USART1_IRQHandler</STRONG> (Thumb, 0 bytes, Stack size 0 bytes, startup_stm32l476xx.o(.text))
<BR>[Address Reference Count : 1]<UL><LI> startup_stm32l476xx.o(RESET)
</UL>
<P><STRONG><a name="[bb]"></a>USART2_IRQHandler</STRONG> (Thumb, 0 bytes, Stack size 0 bytes, startup_stm32l476xx.o(.text))
<BR>[Address Reference Count : 1]<UL><LI> startup_stm32l476xx.o(RESET)
</UL>
<P><STRONG><a name="[bc]"></a>USART3_IRQHandler</STRONG> (Thumb, 0 bytes, Stack size 0 bytes, startup_stm32l476xx.o(.text))
<BR>[Address Reference Count : 1]<UL><LI> startup_stm32l476xx.o(RESET)
</UL>
<P><STRONG><a name="[95]"></a>WWDG_IRQHandler</STRONG> (Thumb, 0 bytes, Stack size 0 bytes, startup_stm32l476xx.o(.text))
<BR>[Address Reference Count : 1]<UL><LI> startup_stm32l476xx.o(RESET)
</UL>
<P><STRONG><a name="[f3]"></a>__aeabi_uldivmod</STRONG> (Thumb, 98 bytes, Stack size 40 bytes, uldiv.o(.text))
<BR><BR>[Stack]<UL><LI>Max Depth = 40<LI>Call Chain = __aeabi_uldivmod
</UL>
<BR>[Calls]<UL><LI><a href="#[f4]">&gt;&gt;</a>&nbsp;&nbsp;&nbsp;__aeabi_llsr
<LI><a href="#[f5]">&gt;&gt;</a>&nbsp;&nbsp;&nbsp;__aeabi_llsl
</UL>
<BR>[Called By]<UL><LI><a href="#[1c2]">&gt;&gt;</a>&nbsp;&nbsp;&nbsp;UART_SetConfig
<LI><a href="#[2b7]">&gt;&gt;</a>&nbsp;&nbsp;&nbsp;_printf_core
<LI><a href="#[2c8]">&gt;&gt;</a>&nbsp;&nbsp;&nbsp;_fp_digits
<LI><a href="#[f6]">&gt;&gt;</a>&nbsp;&nbsp;&nbsp;__aeabi_ldivmod
</UL>

<P><STRONG><a name="[f6]"></a>__aeabi_ldivmod</STRONG> (Thumb, 98 bytes, Stack size 24 bytes, ldiv.o(.text))
<BR><BR>[Stack]<UL><LI>Max Depth = 64<LI>Call Chain = __aeabi_ldivmod &rArr; __aeabi_uldivmod
</UL>
<BR>[Calls]<UL><LI><a href="#[f3]">&gt;&gt;</a>&nbsp;&nbsp;&nbsp;__aeabi_uldivmod
</UL>
<BR>[Called By]<UL><LI><a href="#[1fe]">&gt;&gt;</a>&nbsp;&nbsp;&nbsp;LSM303AGR_ACC_Get_Acceleration
</UL>

<P><STRONG><a name="[30f]"></a>__aeabi_memcpy</STRONG> (Thumb, 36 bytes, Stack size 0 bytes, memcpya.o(.text), UNUSED)

<P><STRONG><a name="[141]"></a>__aeabi_memcpy4</STRONG> (Thumb, 0 bytes, Stack size 0 bytes, memcpya.o(.text))
<BR><BR>[Called By]<UL><LI><a href="#[140]">&gt;&gt;</a>&nbsp;&nbsp;&nbsp;DATALOG_SD_Log_Enable
</UL>

<P><STRONG><a name="[310]"></a>__aeabi_memcpy8</STRONG> (Thumb, 0 bytes, Stack size 0 bytes, memcpya.o(.text), UNUSED)

<P><STRONG><a name="[f8]"></a>__aeabi_memset</STRONG> (Thumb, 14 bytes, Stack size 0 bytes, memseta.o(.text))
<BR><BR>[Called By]<UL><LI><a href="#[f9]">&gt;&gt;</a>&nbsp;&nbsp;&nbsp;_memset$wrapper
<LI><a href="#[f7]">&gt;&gt;</a>&nbsp;&nbsp;&nbsp;__aeabi_memclr
</UL>

<P><STRONG><a name="[311]"></a>__aeabi_memset4</STRONG> (Thumb, 0 bytes, Stack size 0 bytes, memseta.o(.text), UNUSED)

<P><STRONG><a name="[312]"></a>__aeabi_memset8</STRONG> (Thumb, 0 bytes, Stack size 0 bytes, memseta.o(.text), UNUSED)

<P><STRONG><a name="[f7]"></a>__aeabi_memclr</STRONG> (Thumb, 4 bytes, Stack size 0 bytes, memseta.o(.text))
<BR><BR>[Calls]<UL><LI><a href="#[f8]">&gt;&gt;</a>&nbsp;&nbsp;&nbsp;__aeabi_memset
</UL>
<BR>[Called By]<UL><LI><a href="#[113]">&gt;&gt;</a>&nbsp;&nbsp;&nbsp;BSP_LSM6DSM_GYRO_Init
<LI><a href="#[110]">&gt;&gt;</a>&nbsp;&nbsp;&nbsp;BSP_LSM6DSM_ACCELERO_Init
<LI><a href="#[111]">&gt;&gt;</a>&nbsp;&nbsp;&nbsp;BSP_LSM303AGR_ACCELERO_Init
<LI><a href="#[11a]">&gt;&gt;</a>&nbsp;&nbsp;&nbsp;BSP_LPS22HB_PRESSURE_Init
<LI><a href="#[120]">&gt;&gt;</a>&nbsp;&nbsp;&nbsp;BSP_LSM303AGR_MAGNETO_Init
</UL>

<P><STRONG><a name="[142]"></a>__aeabi_memclr4</STRONG> (Thumb, 0 bytes, Stack size 0 bytes, memseta.o(.text))
<BR><BR>[Called By]<UL><LI><a href="#[140]">&gt;&gt;</a>&nbsp;&nbsp;&nbsp;DATALOG_SD_Log_Enable
<LI><a href="#[295]">&gt;&gt;</a>&nbsp;&nbsp;&nbsp;SystemClock_Config
</UL>

<P><STRONG><a name="[313]"></a>__aeabi_memclr8</STRONG> (Thumb, 0 bytes, Stack size 0 bytes, memseta.o(.text), UNUSED)

<P><STRONG><a name="[f9]"></a>_memset$wrapper</STRONG> (Thumb, 18 bytes, Stack size 8 bytes, memseta.o(.text), UNUSED)
<BR><BR>[Calls]<UL><LI><a href="#[f8]">&gt;&gt;</a>&nbsp;&nbsp;&nbsp;__aeabi_memset
</UL>

<P><STRONG><a name="[306]"></a>strlen</STRONG> (Thumb, 14 bytes, Stack size 0 bytes, strlen.o(.text))
<BR><BR>[Called By]<UL><LI><a href="#[304]">&gt;&gt;</a>&nbsp;&nbsp;&nbsp;lcdPrint
</UL>

<P><STRONG><a name="[fa]"></a>__aeabi_dmul</STRONG> (Thumb, 228 bytes, Stack size 48 bytes, dmul.o(.text))
<BR><BR>[Stack]<UL><LI>Max Depth = 88<LI>Call Chain = __aeabi_dmul &rArr; _double_epilogue &rArr; _double_round
</UL>
<BR>[Calls]<UL><LI><a href="#[fb]">&gt;&gt;</a>&nbsp;&nbsp;&nbsp;_double_epilogue
</UL>
<BR>[Called By]<UL><LI><a href="#[276]">&gt;&gt;</a>&nbsp;&nbsp;&nbsp;floatToInt
<LI><a href="#[2c2]">&gt;&gt;</a>&nbsp;&nbsp;&nbsp;__kernel_poly
<LI><a href="#[2c1]">&gt;&gt;</a>&nbsp;&nbsp;&nbsp;__mathlib_dbl_underflow
<LI><a href="#[2bd]">&gt;&gt;</a>&nbsp;&nbsp;&nbsp;__mathlib_dbl_overflow
<LI><a href="#[2c8]">&gt;&gt;</a>&nbsp;&nbsp;&nbsp;_fp_digits
<LI><a href="#[2b9]">&gt;&gt;</a>&nbsp;&nbsp;&nbsp;__hardfp_pow
</UL>

<P><STRONG><a name="[fc]"></a>__aeabi_i2d</STRONG> (Thumb, 34 bytes, Stack size 16 bytes, dflti.o(.text))
<BR><BR>[Stack]<UL><LI>Max Depth = 56<LI>Call Chain = __aeabi_i2d &rArr; _double_epilogue &rArr; _double_round
</UL>
<BR>[Calls]<UL><LI><a href="#[fb]">&gt;&gt;</a>&nbsp;&nbsp;&nbsp;_double_epilogue
</UL>
<BR>[Called By]<UL><LI><a href="#[276]">&gt;&gt;</a>&nbsp;&nbsp;&nbsp;floatToInt
<LI><a href="#[2b9]">&gt;&gt;</a>&nbsp;&nbsp;&nbsp;__hardfp_pow
</UL>

<P><STRONG><a name="[fd]"></a>__aeabi_d2iz</STRONG> (Thumb, 62 bytes, Stack size 16 bytes, dfixi.o(.text))
<BR><BR>[Stack]<UL><LI>Max Depth = 16<LI>Call Chain = __aeabi_d2iz
</UL>
<BR>[Calls]<UL><LI><a href="#[f4]">&gt;&gt;</a>&nbsp;&nbsp;&nbsp;__aeabi_llsr
</UL>
<BR>[Called By]<UL><LI><a href="#[276]">&gt;&gt;</a>&nbsp;&nbsp;&nbsp;floatToInt
</UL>

<P><STRONG><a name="[27c]"></a>__aeabi_f2d</STRONG> (Thumb, 38 bytes, Stack size 0 bytes, f2d.o(.text))
<BR><BR>[Called By]<UL><LI><a href="#[276]">&gt;&gt;</a>&nbsp;&nbsp;&nbsp;floatToInt
<LI><a href="#[1c9]">&gt;&gt;</a>&nbsp;&nbsp;&nbsp;Pressure_Sensor_Handler
</UL>

<P><STRONG><a name="[314]"></a>__aeabi_uidiv</STRONG> (Thumb, 0 bytes, Stack size 12 bytes, uidiv.o(.text), UNUSED)

<P><STRONG><a name="[2cb]"></a>__aeabi_uidivmod</STRONG> (Thumb, 44 bytes, Stack size 12 bytes, uidiv.o(.text), UNUSED)
<BR><BR>[Called By]<UL><LI><a href="#[2b7]">&gt;&gt;</a>&nbsp;&nbsp;&nbsp;_printf_core
</UL>

<P><STRONG><a name="[f5]"></a>__aeabi_llsl</STRONG> (Thumb, 30 bytes, Stack size 0 bytes, llshl.o(.text))
<BR><BR>[Called By]<UL><LI><a href="#[fb]">&gt;&gt;</a>&nbsp;&nbsp;&nbsp;_double_epilogue
<LI><a href="#[105]">&gt;&gt;</a>&nbsp;&nbsp;&nbsp;__aeabi_d2ulz
<LI><a href="#[f3]">&gt;&gt;</a>&nbsp;&nbsp;&nbsp;__aeabi_uldivmod
<LI><a href="#[104]">&gt;&gt;</a>&nbsp;&nbsp;&nbsp;_drnd
<LI><a href="#[ff]">&gt;&gt;</a>&nbsp;&nbsp;&nbsp;__aeabi_dadd
</UL>

<P><STRONG><a name="[315]"></a>_ll_shift_l</STRONG> (Thumb, 0 bytes, Stack size 0 bytes, llshl.o(.text), UNUSED)

<P><STRONG><a name="[f4]"></a>__aeabi_llsr</STRONG> (Thumb, 32 bytes, Stack size 0 bytes, llushr.o(.text))
<BR><BR>[Called By]<UL><LI><a href="#[fd]">&gt;&gt;</a>&nbsp;&nbsp;&nbsp;__aeabi_d2iz
<LI><a href="#[107]">&gt;&gt;</a>&nbsp;&nbsp;&nbsp;_dsqrt
<LI><a href="#[fb]">&gt;&gt;</a>&nbsp;&nbsp;&nbsp;_double_epilogue
<LI><a href="#[105]">&gt;&gt;</a>&nbsp;&nbsp;&nbsp;__aeabi_d2ulz
<LI><a href="#[f3]">&gt;&gt;</a>&nbsp;&nbsp;&nbsp;__aeabi_uldivmod
<LI><a href="#[104]">&gt;&gt;</a>&nbsp;&nbsp;&nbsp;_drnd
</UL>

<P><STRONG><a name="[316]"></a>_ll_ushift_r</STRONG> (Thumb, 0 bytes, Stack size 0 bytes, llushr.o(.text), UNUSED)

<P><STRONG><a name="[317]"></a>__I$use$fp</STRONG> (Thumb, 0 bytes, Stack size 8 bytes, iusefp.o(.text), UNUSED)

<P><STRONG><a name="[fe]"></a>_double_round</STRONG> (Thumb, 30 bytes, Stack size 8 bytes, depilogue.o(.text))
<BR><BR>[Stack]<UL><LI>Max Depth = 8<LI>Call Chain = _double_round
</UL>
<BR>[Called By]<UL><LI><a href="#[107]">&gt;&gt;</a>&nbsp;&nbsp;&nbsp;_dsqrt
<LI><a href="#[fb]">&gt;&gt;</a>&nbsp;&nbsp;&nbsp;_double_epilogue
<LI><a href="#[104]">&gt;&gt;</a>&nbsp;&nbsp;&nbsp;_drnd
<LI><a href="#[103]">&gt;&gt;</a>&nbsp;&nbsp;&nbsp;__aeabi_ddiv
<LI><a href="#[ff]">&gt;&gt;</a>&nbsp;&nbsp;&nbsp;__aeabi_dadd
</UL>

<P><STRONG><a name="[fb]"></a>_double_epilogue</STRONG> (Thumb, 156 bytes, Stack size 32 bytes, depilogue.o(.text))
<BR><BR>[Stack]<UL><LI>Max Depth = 40<LI>Call Chain = _double_epilogue &rArr; _double_round
</UL>
<BR>[Calls]<UL><LI><a href="#[fe]">&gt;&gt;</a>&nbsp;&nbsp;&nbsp;_double_round
<LI><a href="#[f4]">&gt;&gt;</a>&nbsp;&nbsp;&nbsp;__aeabi_llsr
<LI><a href="#[f5]">&gt;&gt;</a>&nbsp;&nbsp;&nbsp;__aeabi_llsl
</UL>
<BR>[Called By]<UL><LI><a href="#[fc]">&gt;&gt;</a>&nbsp;&nbsp;&nbsp;__aeabi_i2d
<LI><a href="#[fa]">&gt;&gt;</a>&nbsp;&nbsp;&nbsp;__aeabi_dmul
<LI><a href="#[ff]">&gt;&gt;</a>&nbsp;&nbsp;&nbsp;__aeabi_dadd
</UL>

<P><STRONG><a name="[ff]"></a>__aeabi_dadd</STRONG> (Thumb, 322 bytes, Stack size 48 bytes, dadd.o(.text))
<BR><BR>[Stack]<UL><LI>Max Depth = 88<LI>Call Chain = __aeabi_dadd &rArr; _double_epilogue &rArr; _double_round
</UL>
<BR>[Calls]<UL><LI><a href="#[fe]">&gt;&gt;</a>&nbsp;&nbsp;&nbsp;_double_round
<LI><a href="#[f5]">&gt;&gt;</a>&nbsp;&nbsp;&nbsp;__aeabi_llsl
<LI><a href="#[fb]">&gt;&gt;</a>&nbsp;&nbsp;&nbsp;_double_epilogue
<LI><a href="#[100]">&gt;&gt;</a>&nbsp;&nbsp;&nbsp;__aeabi_lasr
</UL>
<BR>[Called By]<UL><LI><a href="#[2c2]">&gt;&gt;</a>&nbsp;&nbsp;&nbsp;__kernel_poly
<LI><a href="#[2ba]">&gt;&gt;</a>&nbsp;&nbsp;&nbsp;__mathlib_dbl_infnan2
<LI><a href="#[2c8]">&gt;&gt;</a>&nbsp;&nbsp;&nbsp;_fp_digits
<LI><a href="#[2c6]">&gt;&gt;</a>&nbsp;&nbsp;&nbsp;__hardfp_trunc
<LI><a href="#[101]">&gt;&gt;</a>&nbsp;&nbsp;&nbsp;__aeabi_dsub
<LI><a href="#[102]">&gt;&gt;</a>&nbsp;&nbsp;&nbsp;__aeabi_drsub
<LI><a href="#[2b9]">&gt;&gt;</a>&nbsp;&nbsp;&nbsp;__hardfp_pow
</UL>

<P><STRONG><a name="[101]"></a>__aeabi_dsub</STRONG> (Thumb, 6 bytes, Stack size 0 bytes, dadd.o(.text))
<BR><BR>[Stack]<UL><LI>Max Depth = 88<LI>Call Chain = __aeabi_dsub &rArr; __aeabi_dadd &rArr; _double_epilogue &rArr; _double_round
</UL>
<BR>[Calls]<UL><LI><a href="#[ff]">&gt;&gt;</a>&nbsp;&nbsp;&nbsp;__aeabi_dadd
</UL>
<BR>[Called By]<UL><LI><a href="#[2c6]">&gt;&gt;</a>&nbsp;&nbsp;&nbsp;__hardfp_trunc
<LI><a href="#[2b9]">&gt;&gt;</a>&nbsp;&nbsp;&nbsp;__hardfp_pow
</UL>

<P><STRONG><a name="[102]"></a>__aeabi_drsub</STRONG> (Thumb, 6 bytes, Stack size 0 bytes, dadd.o(.text))
<BR><BR>[Stack]<UL><LI>Max Depth = 88<LI>Call Chain = __aeabi_drsub &rArr; __aeabi_dadd &rArr; _double_epilogue &rArr; _double_round
</UL>
<BR>[Calls]<UL><LI><a href="#[ff]">&gt;&gt;</a>&nbsp;&nbsp;&nbsp;__aeabi_dadd
</UL>
<BR>[Called By]<UL><LI><a href="#[2b9]">&gt;&gt;</a>&nbsp;&nbsp;&nbsp;__hardfp_pow
</UL>

<P><STRONG><a name="[103]"></a>__aeabi_ddiv</STRONG> (Thumb, 222 bytes, Stack size 32 bytes, ddiv.o(.text))
<BR><BR>[Stack]<UL><LI>Max Depth = 40<LI>Call Chain = __aeabi_ddiv &rArr; _double_round
</UL>
<BR>[Calls]<UL><LI><a href="#[fe]">&gt;&gt;</a>&nbsp;&nbsp;&nbsp;_double_round
</UL>
<BR>[Called By]<UL><LI><a href="#[2c0]">&gt;&gt;</a>&nbsp;&nbsp;&nbsp;__mathlib_dbl_invalid
<LI><a href="#[2bc]">&gt;&gt;</a>&nbsp;&nbsp;&nbsp;__mathlib_dbl_divzero
<LI><a href="#[2c8]">&gt;&gt;</a>&nbsp;&nbsp;&nbsp;_fp_digits
<LI><a href="#[2b9]">&gt;&gt;</a>&nbsp;&nbsp;&nbsp;__hardfp_pow
</UL>

<P><STRONG><a name="[2c4]"></a>__ARM_scalbn</STRONG> (Thumb, 46 bytes, Stack size 16 bytes, dscalb.o(.text))
<BR><BR>[Stack]<UL><LI>Max Depth = 16<LI>Call Chain = __ARM_scalbn
</UL>
<BR>[Called By]<UL><LI><a href="#[2b9]">&gt;&gt;</a>&nbsp;&nbsp;&nbsp;__hardfp_pow
</UL>

<P><STRONG><a name="[318]"></a>scalbn</STRONG> (Thumb, 0 bytes, Stack size 16 bytes, dscalb.o(.text), UNUSED)

<P><STRONG><a name="[104]"></a>_drnd</STRONG> (Thumb, 132 bytes, Stack size 24 bytes, drnd.o(.text))
<BR><BR>[Stack]<UL><LI>Max Depth = 32<LI>Call Chain = _drnd &rArr; _double_round
</UL>
<BR>[Calls]<UL><LI><a href="#[fe]">&gt;&gt;</a>&nbsp;&nbsp;&nbsp;_double_round
<LI><a href="#[f4]">&gt;&gt;</a>&nbsp;&nbsp;&nbsp;__aeabi_llsr
<LI><a href="#[f5]">&gt;&gt;</a>&nbsp;&nbsp;&nbsp;__aeabi_llsl
</UL>
<BR>[Called By]<UL><LI><a href="#[2c6]">&gt;&gt;</a>&nbsp;&nbsp;&nbsp;__hardfp_trunc
</UL>

<P><STRONG><a name="[105]"></a>__aeabi_d2ulz</STRONG> (Thumb, 48 bytes, Stack size 0 bytes, dfixul.o(.text), UNUSED)
<BR><BR>[Calls]<UL><LI><a href="#[f4]">&gt;&gt;</a>&nbsp;&nbsp;&nbsp;__aeabi_llsr
<LI><a href="#[f5]">&gt;&gt;</a>&nbsp;&nbsp;&nbsp;__aeabi_llsl
</UL>
<BR>[Called By]<UL><LI><a href="#[2c8]">&gt;&gt;</a>&nbsp;&nbsp;&nbsp;_fp_digits
</UL>

<P><STRONG><a name="[319]"></a>__aeabi_cdcmpeq</STRONG> (Thumb, 0 bytes, Stack size 0 bytes, cdcmple.o(.text), UNUSED)

<P><STRONG><a name="[2c7]"></a>__aeabi_cdcmple</STRONG> (Thumb, 48 bytes, Stack size 0 bytes, cdcmple.o(.text))
<BR><BR>[Called By]<UL><LI><a href="#[2c6]">&gt;&gt;</a>&nbsp;&nbsp;&nbsp;__hardfp_trunc
</UL>

<P><STRONG><a name="[2c3]"></a>__aeabi_cdrcmple</STRONG> (Thumb, 48 bytes, Stack size 0 bytes, cdrcmple.o(.text))
<BR><BR>[Called By]<UL><LI><a href="#[2c8]">&gt;&gt;</a>&nbsp;&nbsp;&nbsp;_fp_digits
<LI><a href="#[2c6]">&gt;&gt;</a>&nbsp;&nbsp;&nbsp;__hardfp_trunc
<LI><a href="#[2b9]">&gt;&gt;</a>&nbsp;&nbsp;&nbsp;__hardfp_pow
</UL>

<P><STRONG><a name="[f2]"></a>__scatterload</STRONG> (Thumb, 28 bytes, Stack size 0 bytes, init.o(.text))
<BR><BR>[Calls]<UL><LI><a href="#[106]">&gt;&gt;</a>&nbsp;&nbsp;&nbsp;__main_after_scatterload
</UL>
<BR>[Called By]<UL><LI><a href="#[f1]">&gt;&gt;</a>&nbsp;&nbsp;&nbsp;_main_scatterload
</UL>

<P><STRONG><a name="[31a]"></a>__scatterload_rt2</STRONG> (Thumb, 0 bytes, Stack size 0 bytes, init.o(.text), UNUSED)

<P><STRONG><a name="[100]"></a>__aeabi_lasr</STRONG> (Thumb, 36 bytes, Stack size 0 bytes, llsshr.o(.text))
<BR><BR>[Called By]<UL><LI><a href="#[ff]">&gt;&gt;</a>&nbsp;&nbsp;&nbsp;__aeabi_dadd
</UL>

<P><STRONG><a name="[31b]"></a>_ll_sshift_r</STRONG> (Thumb, 0 bytes, Stack size 0 bytes, llsshr.o(.text), UNUSED)

<P><STRONG><a name="[107]"></a>_dsqrt</STRONG> (Thumb, 162 bytes, Stack size 32 bytes, dsqrt.o(.text))
<BR><BR>[Stack]<UL><LI>Max Depth = 40<LI>Call Chain = _dsqrt &rArr; _double_round
</UL>
<BR>[Calls]<UL><LI><a href="#[fe]">&gt;&gt;</a>&nbsp;&nbsp;&nbsp;_double_round
<LI><a href="#[f4]">&gt;&gt;</a>&nbsp;&nbsp;&nbsp;__aeabi_llsr
</UL>
<BR>[Called By]<UL><LI><a href="#[2be]">&gt;&gt;</a>&nbsp;&nbsp;&nbsp;sqrt
</UL>

<P><STRONG><a name="[31c]"></a>__decompress</STRONG> (Thumb, 0 bytes, Stack size unknown bytes, __dczerorl2.o(.text), UNUSED)

<P><STRONG><a name="[31d]"></a>__decompress1</STRONG> (Thumb, 86 bytes, Stack size unknown bytes, __dczerorl2.o(.text), UNUSED)

<P><STRONG><a name="[108]"></a>Accelero_Sensor_Handler</STRONG> (Thumb, 112 bytes, Stack size 40 bytes, datalog_application.o(i.Accelero_Sensor_Handler))
<BR><BR>[Stack]<UL><LI>Max Depth = 232<LI>Call Chain = Accelero_Sensor_Handler &rArr; f_write &rArr; create_chain &rArr; put_fat &rArr; move_window &rArr; sync_window &rArr; disk_write
</UL>
<BR>[Calls]<UL><LI><a href="#[10a]">&gt;&gt;</a>&nbsp;&nbsp;&nbsp;BSP_ACCELERO_IsInitialized
<LI><a href="#[109]">&gt;&gt;</a>&nbsp;&nbsp;&nbsp;BSP_ACCELERO_Get_Instance
<LI><a href="#[10b]">&gt;&gt;</a>&nbsp;&nbsp;&nbsp;BSP_ACCELERO_Get_Axes
<LI><a href="#[10e]">&gt;&gt;</a>&nbsp;&nbsp;&nbsp;f_write
<LI><a href="#[10d]">&gt;&gt;</a>&nbsp;&nbsp;&nbsp;__2sprintf
<LI><a href="#[10c]">&gt;&gt;</a>&nbsp;&nbsp;&nbsp;__2printf
</UL>
<BR>[Called By]<UL><LI><a href="#[e6]">&gt;&gt;</a>&nbsp;&nbsp;&nbsp;main
<LI><a href="#[1c5]">&gt;&gt;</a>&nbsp;&nbsp;&nbsp;HAL_UART_RxCpltCallback
</UL>

<P><STRONG><a name="[10b]"></a>BSP_ACCELERO_Get_Axes</STRONG> (Thumb, 54 bytes, Stack size 24 bytes, sensortile_accelero.o(i.BSP_ACCELERO_Get_Axes))
<BR><BR>[Stack]<UL><LI>Max Depth = 24<LI>Call Chain = BSP_ACCELERO_Get_Axes
</UL>
<BR>[Called By]<UL><LI><a href="#[108]">&gt;&gt;</a>&nbsp;&nbsp;&nbsp;Accelero_Sensor_Handler
</UL>

<P><STRONG><a name="[109]"></a>BSP_ACCELERO_Get_Instance</STRONG> (Thumb, 24 bytes, Stack size 0 bytes, sensortile_accelero.o(i.BSP_ACCELERO_Get_Instance))
<BR><BR>[Called By]<UL><LI><a href="#[108]">&gt;&gt;</a>&nbsp;&nbsp;&nbsp;Accelero_Sensor_Handler
</UL>

<P><STRONG><a name="[10f]"></a>BSP_ACCELERO_Init</STRONG> (Thumb, 82 bytes, Stack size 16 bytes, sensortile_accelero.o(i.BSP_ACCELERO_Init))
<BR><BR>[Stack]<UL><LI>Max Depth = 360<LI>Call Chain = BSP_ACCELERO_Init &rArr; BSP_LSM6DSM_ACCELERO_Init &rArr; Sensor_IO_Write &rArr; Sensor_IO_I2C_Write &rArr; I2C_SENSORTILE_WriteData &rArr; I2C_SENSORTILE_Error &rArr; I2C_SENSORTILE_Init &rArr; I2C_SENSORTILE_MspInit &rArr; HAL_RCCEx_PeriphCLKConfig &rArr; RCCEx_PLLSAI2_Config
</UL>
<BR>[Calls]<UL><LI><a href="#[110]">&gt;&gt;</a>&nbsp;&nbsp;&nbsp;BSP_LSM6DSM_ACCELERO_Init
<LI><a href="#[111]">&gt;&gt;</a>&nbsp;&nbsp;&nbsp;BSP_LSM303AGR_ACCELERO_Init
</UL>
<BR>[Called By]<UL><LI><a href="#[303]">&gt;&gt;</a>&nbsp;&nbsp;&nbsp;initializeAllSensors
</UL>

<P><STRONG><a name="[10a]"></a>BSP_ACCELERO_IsInitialized</STRONG> (Thumb, 24 bytes, Stack size 0 bytes, sensortile_accelero.o(i.BSP_ACCELERO_IsInitialized))
<BR><BR>[Called By]<UL><LI><a href="#[108]">&gt;&gt;</a>&nbsp;&nbsp;&nbsp;Accelero_Sensor_Handler
</UL>

<P><STRONG><a name="[2e6]"></a>BSP_ACCELERO_Sensor_Enable</STRONG> (Thumb, 40 bytes, Stack size 16 bytes, sensortile_accelero.o(i.BSP_ACCELERO_Sensor_Enable))
<BR><BR>[Stack]<UL><LI>Max Depth = 16<LI>Call Chain = BSP_ACCELERO_Sensor_Enable
</UL>
<BR>[Called By]<UL><LI><a href="#[2e5]">&gt;&gt;</a>&nbsp;&nbsp;&nbsp;enableAllSensors
</UL>

<P><STRONG><a name="[14a]"></a>BSP_GYRO_Get_Axes</STRONG> (Thumb, 54 bytes, Stack size 24 bytes, sensortile_gyro.o(i.BSP_GYRO_Get_Axes))
<BR><BR>[Stack]<UL><LI>Max Depth = 24<LI>Call Chain = BSP_GYRO_Get_Axes
</UL>
<BR>[Called By]<UL><LI><a href="#[147]">&gt;&gt;</a>&nbsp;&nbsp;&nbsp;Gyro_Sensor_Handler
</UL>

<P><STRONG><a name="[148]"></a>BSP_GYRO_Get_Instance</STRONG> (Thumb, 24 bytes, Stack size 0 bytes, sensortile_gyro.o(i.BSP_GYRO_Get_Instance))
<BR><BR>[Called By]<UL><LI><a href="#[147]">&gt;&gt;</a>&nbsp;&nbsp;&nbsp;Gyro_Sensor_Handler
</UL>

<P><STRONG><a name="[112]"></a>BSP_GYRO_Init</STRONG> (Thumb, 54 bytes, Stack size 16 bytes, sensortile_gyro.o(i.BSP_GYRO_Init))
<BR><BR>[Stack]<UL><LI>Max Depth = 360<LI>Call Chain = BSP_GYRO_Init &rArr; BSP_LSM6DSM_GYRO_Init &rArr; Sensor_IO_Write &rArr; Sensor_IO_I2C_Write &rArr; I2C_SENSORTILE_WriteData &rArr; I2C_SENSORTILE_Error &rArr; I2C_SENSORTILE_Init &rArr; I2C_SENSORTILE_MspInit &rArr; HAL_RCCEx_PeriphCLKConfig &rArr; RCCEx_PLLSAI2_Config
</UL>
<BR>[Calls]<UL><LI><a href="#[113]">&gt;&gt;</a>&nbsp;&nbsp;&nbsp;BSP_LSM6DSM_GYRO_Init
</UL>
<BR>[Called By]<UL><LI><a href="#[303]">&gt;&gt;</a>&nbsp;&nbsp;&nbsp;initializeAllSensors
</UL>

<P><STRONG><a name="[149]"></a>BSP_GYRO_IsInitialized</STRONG> (Thumb, 24 bytes, Stack size 0 bytes, sensortile_gyro.o(i.BSP_GYRO_IsInitialized))
<BR><BR>[Called By]<UL><LI><a href="#[147]">&gt;&gt;</a>&nbsp;&nbsp;&nbsp;Gyro_Sensor_Handler
</UL>

<P><STRONG><a name="[2e7]"></a>BSP_GYRO_Sensor_Enable</STRONG> (Thumb, 40 bytes, Stack size 16 bytes, sensortile_gyro.o(i.BSP_GYRO_Sensor_Enable))
<BR><BR>[Stack]<UL><LI>Max Depth = 16<LI>Call Chain = BSP_GYRO_Sensor_Enable
</UL>
<BR>[Called By]<UL><LI><a href="#[2e5]">&gt;&gt;</a>&nbsp;&nbsp;&nbsp;enableAllSensors
</UL>

<P><STRONG><a name="[114]"></a>BSP_LED_Init</STRONG> (Thumb, 140 bytes, Stack size 32 bytes, sensortile.o(i.BSP_LED_Init))
<BR><BR>[Stack]<UL><LI>Max Depth = 52<LI>Call Chain = BSP_LED_Init &rArr; HAL_GPIO_Init
</UL>
<BR>[Calls]<UL><LI><a href="#[116]">&gt;&gt;</a>&nbsp;&nbsp;&nbsp;HAL_GPIO_Init
<LI><a href="#[115]">&gt;&gt;</a>&nbsp;&nbsp;&nbsp;HAL_PWREx_EnableVddIO2
</UL>
<BR>[Called By]<UL><LI><a href="#[e6]">&gt;&gt;</a>&nbsp;&nbsp;&nbsp;main
</UL>

<P><STRONG><a name="[117]"></a>BSP_LED_Off</STRONG> (Thumb, 54 bytes, Stack size 8 bytes, sensortile.o(i.BSP_LED_Off))
<BR><BR>[Stack]<UL><LI>Max Depth = 8<LI>Call Chain = BSP_LED_Off
</UL>
<BR>[Calls]<UL><LI><a href="#[118]">&gt;&gt;</a>&nbsp;&nbsp;&nbsp;HAL_GPIO_WritePin
</UL>
<BR>[Called By]<UL><LI><a href="#[e6]">&gt;&gt;</a>&nbsp;&nbsp;&nbsp;main
<LI><a href="#[13a]">&gt;&gt;</a>&nbsp;&nbsp;&nbsp;DATALOG_SD_Init
</UL>

<P><STRONG><a name="[119]"></a>BSP_LED_On</STRONG> (Thumb, 54 bytes, Stack size 8 bytes, sensortile.o(i.BSP_LED_On))
<BR><BR>[Stack]<UL><LI>Max Depth = 8<LI>Call Chain = BSP_LED_On
</UL>
<BR>[Calls]<UL><LI><a href="#[118]">&gt;&gt;</a>&nbsp;&nbsp;&nbsp;HAL_GPIO_WritePin
</UL>
<BR>[Called By]<UL><LI><a href="#[e6]">&gt;&gt;</a>&nbsp;&nbsp;&nbsp;main
<LI><a href="#[13a]">&gt;&gt;</a>&nbsp;&nbsp;&nbsp;DATALOG_SD_Init
</UL>

<P><STRONG><a name="[273]"></a>BSP_MAGNETO_Get_Axes</STRONG> (Thumb, 54 bytes, Stack size 24 bytes, sensortile_magneto.o(i.BSP_MAGNETO_Get_Axes))
<BR><BR>[Stack]<UL><LI>Max Depth = 24<LI>Call Chain = BSP_MAGNETO_Get_Axes
</UL>
<BR>[Called By]<UL><LI><a href="#[1c8]">&gt;&gt;</a>&nbsp;&nbsp;&nbsp;Magneto_Sensor_Handler
</UL>

<P><STRONG><a name="[277]"></a>BSP_MAGNETO_Get_FS</STRONG> (Thumb, 54 bytes, Stack size 24 bytes, sensortile_magneto.o(i.BSP_MAGNETO_Get_FS))
<BR><BR>[Stack]<UL><LI>Max Depth = 24<LI>Call Chain = BSP_MAGNETO_Get_FS
</UL>
<BR>[Called By]<UL><LI><a href="#[1c8]">&gt;&gt;</a>&nbsp;&nbsp;&nbsp;Magneto_Sensor_Handler
</UL>

<P><STRONG><a name="[271]"></a>BSP_MAGNETO_Get_Instance</STRONG> (Thumb, 24 bytes, Stack size 0 bytes, sensortile_magneto.o(i.BSP_MAGNETO_Get_Instance))
<BR><BR>[Called By]<UL><LI><a href="#[1c8]">&gt;&gt;</a>&nbsp;&nbsp;&nbsp;Magneto_Sensor_Handler
</UL>

<P><STRONG><a name="[275]"></a>BSP_MAGNETO_Get_ODR</STRONG> (Thumb, 54 bytes, Stack size 24 bytes, sensortile_magneto.o(i.BSP_MAGNETO_Get_ODR))
<BR><BR>[Stack]<UL><LI>Max Depth = 24<LI>Call Chain = BSP_MAGNETO_Get_ODR
</UL>
<BR>[Called By]<UL><LI><a href="#[1c8]">&gt;&gt;</a>&nbsp;&nbsp;&nbsp;Magneto_Sensor_Handler
</UL>

<P><STRONG><a name="[274]"></a>BSP_MAGNETO_Get_WhoAmI</STRONG> (Thumb, 54 bytes, Stack size 24 bytes, sensortile_magneto.o(i.BSP_MAGNETO_Get_WhoAmI))
<BR><BR>[Stack]<UL><LI>Max Depth = 24<LI>Call Chain = BSP_MAGNETO_Get_WhoAmI
</UL>
<BR>[Called By]<UL><LI><a href="#[1c8]">&gt;&gt;</a>&nbsp;&nbsp;&nbsp;Magneto_Sensor_Handler
</UL>

<P><STRONG><a name="[122]"></a>BSP_MAGNETO_Init</STRONG> (Thumb, 54 bytes, Stack size 16 bytes, sensortile_magneto.o(i.BSP_MAGNETO_Init))
<BR><BR>[Stack]<UL><LI>Max Depth = 360<LI>Call Chain = BSP_MAGNETO_Init &rArr; BSP_LSM303AGR_MAGNETO_Init &rArr; Sensor_IO_Write &rArr; Sensor_IO_I2C_Write &rArr; I2C_SENSORTILE_WriteData &rArr; I2C_SENSORTILE_Error &rArr; I2C_SENSORTILE_Init &rArr; I2C_SENSORTILE_MspInit &rArr; HAL_RCCEx_PeriphCLKConfig &rArr; RCCEx_PLLSAI2_Config
</UL>
<BR>[Calls]<UL><LI><a href="#[120]">&gt;&gt;</a>&nbsp;&nbsp;&nbsp;BSP_LSM303AGR_MAGNETO_Init
</UL>
<BR>[Called By]<UL><LI><a href="#[303]">&gt;&gt;</a>&nbsp;&nbsp;&nbsp;initializeAllSensors
</UL>

<P><STRONG><a name="[272]"></a>BSP_MAGNETO_IsInitialized</STRONG> (Thumb, 24 bytes, Stack size 0 bytes, sensortile_magneto.o(i.BSP_MAGNETO_IsInitialized))
<BR><BR>[Called By]<UL><LI><a href="#[1c8]">&gt;&gt;</a>&nbsp;&nbsp;&nbsp;Magneto_Sensor_Handler
</UL>

<P><STRONG><a name="[2e8]"></a>BSP_MAGNETO_Sensor_Enable</STRONG> (Thumb, 40 bytes, Stack size 16 bytes, sensortile_magneto.o(i.BSP_MAGNETO_Sensor_Enable))
<BR><BR>[Stack]<UL><LI>Max Depth = 16<LI>Call Chain = BSP_MAGNETO_Sensor_Enable
</UL>
<BR>[Called By]<UL><LI><a href="#[2e5]">&gt;&gt;</a>&nbsp;&nbsp;&nbsp;enableAllSensors
</UL>

<P><STRONG><a name="[279]"></a>BSP_PRESSURE_Get_Instance</STRONG> (Thumb, 24 bytes, Stack size 0 bytes, sensortile_pressure.o(i.BSP_PRESSURE_Get_Instance))
<BR><BR>[Called By]<UL><LI><a href="#[1c9]">&gt;&gt;</a>&nbsp;&nbsp;&nbsp;Pressure_Sensor_Handler
</UL>

<P><STRONG><a name="[27b]"></a>BSP_PRESSURE_Get_Press</STRONG> (Thumb, 54 bytes, Stack size 24 bytes, sensortile_pressure.o(i.BSP_PRESSURE_Get_Press))
<BR><BR>[Stack]<UL><LI>Max Depth = 24<LI>Call Chain = BSP_PRESSURE_Get_Press
</UL>
<BR>[Called By]<UL><LI><a href="#[1c9]">&gt;&gt;</a>&nbsp;&nbsp;&nbsp;Pressure_Sensor_Handler
</UL>

<P><STRONG><a name="[123]"></a>BSP_PRESSURE_Init</STRONG> (Thumb, 54 bytes, Stack size 16 bytes, sensortile_pressure.o(i.BSP_PRESSURE_Init))
[...]
</UL>
<BR>[Calls]<UL><LI><a href="#[11f]">&gt;&gt;</a>&nbsp;&nbsp;&nbsp;HAL_Delay
<LI><a href="#[112]">&gt;&gt;</a>&nbsp;&nbsp;&nbsp;BSP_GYRO_Init
<LI><a href="#[10f]">&gt;&gt;</a>&nbsp;&nbsp;&nbsp;BSP_ACCELERO_Init
<LI><a href="#[123]">&gt;&gt;</a>&nbsp;&nbsp;&nbsp;BSP_PRESSURE_Init
<LI><a href="#[122]">&gt;&gt;</a>&nbsp;&nbsp;&nbsp;BSP_MAGNETO_Init
</UL>
<BR>[Called By]<UL><LI><a href="#[e6]">&gt;&gt;</a>&nbsp;&nbsp;&nbsp;main
</UL>

<P><STRONG><a name="[89]"></a>CDC_Itf_Control</STRONG> (Thumb, 154 bytes, Stack size 8 bytes, usbd_cdc_interface.o(i.CDC_Itf_Control))
<BR><BR>[Stack]<UL><LI>Max Depth = 8<LI>Call Chain = CDC_Itf_Control
</UL>
<BR>[Address Reference Count : 1]<UL><LI> usbd_cdc_interface.o(.data)
</UL>
<P><STRONG><a name="[88]"></a>CDC_Itf_DeInit</STRONG> (Thumb, 4 bytes, Stack size 0 bytes, usbd_cdc_interface.o(i.CDC_Itf_DeInit))
<BR>[Address Reference Count : 1]<UL><LI> usbd_cdc_interface.o(.data)
</UL>
<P><STRONG><a name="[87]"></a>CDC_Itf_Init</STRONG> (Thumb, 84 bytes, Stack size 8 bytes, usbd_cdc_interface.o(i.CDC_Itf_Init))
<BR><BR>[Stack]<UL><LI>Max Depth = 56<LI>Call Chain = CDC_Itf_Init &rArr; HAL_NVIC_SetPriority &rArr; NVIC_SetPriority
</UL>
<BR>[Calls]<UL><LI><a href="#[133]">&gt;&gt;</a>&nbsp;&nbsp;&nbsp;HAL_NVIC_SetPriority
<LI><a href="#[134]">&gt;&gt;</a>&nbsp;&nbsp;&nbsp;HAL_NVIC_EnableIRQ
<LI><a href="#[136]">&gt;&gt;</a>&nbsp;&nbsp;&nbsp;HAL_TIM_Base_Start_IT
<LI><a href="#[135]">&gt;&gt;</a>&nbsp;&nbsp;&nbsp;TIM_Config
<LI><a href="#[137]">&gt;&gt;</a>&nbsp;&nbsp;&nbsp;Error_Handler
<LI><a href="#[138]">&gt;&gt;</a>&nbsp;&nbsp;&nbsp;USBD_CDC_SetTxBuffer
<LI><a href="#[139]">&gt;&gt;</a>&nbsp;&nbsp;&nbsp;USBD_CDC_SetRxBuffer
</UL>
<BR>[Address Reference Count : 1]<UL><LI> usbd_cdc_interface.o(.data)
</UL>
<P><STRONG><a name="[8a]"></a>CDC_Itf_Receive</STRONG> (Thumb, 6 bytes, Stack size 0 bytes, usbd_cdc_interface.o(i.CDC_Itf_Receive))
<BR>[Address Reference Count : 1]<UL><LI> usbd_cdc_interface.o(.data)
</UL>
<P><STRONG><a name="[137]"></a>Error_Handler</STRONG> (Thumb, 2 bytes, Stack size 0 bytes, usbd_cdc_interface.o(i.Error_Handler))
<BR><BR>[Called By]<UL><LI><a href="#[135]">&gt;&gt;</a>&nbsp;&nbsp;&nbsp;TIM_Config
<LI><a href="#[87]">&gt;&gt;</a>&nbsp;&nbsp;&nbsp;CDC_Itf_Init
</UL>

<P><STRONG><a name="[135]"></a>TIM_Config</STRONG> (Thumb, 42 bytes, Stack size 8 bytes, usbd_cdc_interface.o(i.TIM_Config))
<BR><BR>[Stack]<UL><LI>Max Depth = 16<LI>Call Chain = TIM_Config &rArr; HAL_TIM_Base_Init
</UL>
<BR>[Calls]<UL><LI><a href="#[1ac]">&gt;&gt;</a>&nbsp;&nbsp;&nbsp;HAL_TIM_Base_Init
<LI><a href="#[137]">&gt;&gt;</a>&nbsp;&nbsp;&nbsp;Error_Handler
</UL>
<BR>[Called By]<UL><LI><a href="#[87]">&gt;&gt;</a>&nbsp;&nbsp;&nbsp;CDC_Itf_Init
</UL>

<P><STRONG><a name="[2cc]"></a>check_fs</STRONG> (Thumb, 146 bytes, Stack size 16 bytes, ff.o(i.check_fs))
<BR><BR>[Stack]<UL><LI>Max Depth = 80<LI>Call Chain = check_fs &rArr; move_window &rArr; sync_window &rArr; disk_write
</UL>
<BR>[Calls]<UL><LI><a href="#[2cd]">&gt;&gt;</a>&nbsp;&nbsp;&nbsp;move_window
</UL>
<BR>[Called By]<UL><LI><a href="#[2ef]">&gt;&gt;</a>&nbsp;&nbsp;&nbsp;find_volume
</UL>

<P><STRONG><a name="[2d5]"></a>chk_chr</STRONG> (Thumb, 20 bytes, Stack size 0 bytes, ff.o(i.chk_chr))
<BR><BR>[Called By]<UL><LI><a href="#[2d3]">&gt;&gt;</a>&nbsp;&nbsp;&nbsp;create_name
</UL>

<P><STRONG><a name="[2f2]"></a>chk_lock</STRONG> (Thumb, 140 bytes, Stack size 12 bytes, ff.o(i.chk_lock))
<BR><BR>[Stack]<UL><LI>Max Depth = 12<LI>Call Chain = chk_lock
</UL>
<BR>[Called By]<UL><LI><a href="#[144]">&gt;&gt;</a>&nbsp;&nbsp;&nbsp;f_open
</UL>

<P><STRONG><a name="[2ee]"></a>clear_lock</STRONG> (Thumb, 42 bytes, Stack size 8 bytes, ff.o(i.clear_lock))
<BR><BR>[Stack]<UL><LI>Max Depth = 8<LI>Call Chain = clear_lock
</UL>
<BR>[Called By]<UL><LI><a href="#[13c]">&gt;&gt;</a>&nbsp;&nbsp;&nbsp;f_mount
<LI><a href="#[2ef]">&gt;&gt;</a>&nbsp;&nbsp;&nbsp;find_volume
</UL>

<P><STRONG><a name="[2fb]"></a>clmt_clust</STRONG> (Thumb, 56 bytes, Stack size 16 bytes, ff.o(i.clmt_clust))
<BR><BR>[Stack]<UL><LI>Max Depth = 16<LI>Call Chain = clmt_clust
</UL>
<BR>[Called By]<UL><LI><a href="#[10e]">&gt;&gt;</a>&nbsp;&nbsp;&nbsp;f_write
</UL>

<P><STRONG><a name="[2ce]"></a>cmp_lfn</STRONG> (Thumb, 138 bytes, Stack size 32 bytes, ff.o(i.cmp_lfn))
<BR><BR>[Stack]<UL><LI>Max Depth = 32<LI>Call Chain = cmp_lfn
</UL>
<BR>[Calls]<UL><LI><a href="#[2cf]">&gt;&gt;</a>&nbsp;&nbsp;&nbsp;ff_wtoupper
</UL>
<BR>[Called By]<UL><LI><a href="#[2dc]">&gt;&gt;</a>&nbsp;&nbsp;&nbsp;dir_find
</UL>

<P><STRONG><a name="[2d0]"></a>create_chain</STRONG> (Thumb, 234 bytes, Stack size 32 bytes, ff.o(i.create_chain))
<BR><BR>[Stack]<UL><LI>Max Depth = 128<LI>Call Chain = create_chain &rArr; put_fat &rArr; move_window &rArr; sync_window &rArr; disk_write
</UL>
<BR>[Calls]<UL><LI><a href="#[2d2]">&gt;&gt;</a>&nbsp;&nbsp;&nbsp;put_fat
<LI><a href="#[2d1]">&gt;&gt;</a>&nbsp;&nbsp;&nbsp;get_fat
</UL>
<BR>[Called By]<UL><LI><a href="#[10e]">&gt;&gt;</a>&nbsp;&nbsp;&nbsp;f_write
<LI><a href="#[2db]">&gt;&gt;</a>&nbsp;&nbsp;&nbsp;dir_next
</UL>

<P><STRONG><a name="[2d3]"></a>create_name</STRONG> (Thumb, 534 bytes, Stack size 56 bytes, ff.o(i.create_name))
<BR><BR>[Stack]<UL><LI>Max Depth = 68<LI>Call Chain = create_name &rArr; mem_set
</UL>
<BR>[Calls]<UL><LI><a href="#[2d4]">&gt;&gt;</a>&nbsp;&nbsp;&nbsp;ff_convert
<LI><a href="#[2d6]">&gt;&gt;</a>&nbsp;&nbsp;&nbsp;mem_set
<LI><a href="#[2d5]">&gt;&gt;</a>&nbsp;&nbsp;&nbsp;chk_chr
</UL>
<BR>[Called By]<UL><LI><a href="#[2f1]">&gt;&gt;</a>&nbsp;&nbsp;&nbsp;follow_path
</UL>

<P><STRONG><a name="[2ec]"></a>dec_lock</STRONG> (Thumb, 72 bytes, Stack size 12 bytes, ff.o(i.dec_lock))
<BR><BR>[Stack]<UL><LI>Max Depth = 12<LI>Call Chain = dec_lock
</UL>
<BR>[Called By]<UL><LI><a href="#[13e]">&gt;&gt;</a>&nbsp;&nbsp;&nbsp;f_close
</UL>

<P><STRONG><a name="[2d9]"></a>dir_alloc</STRONG> (Thumb, 100 bytes, Stack size 24 bytes, ff.o(i.dir_alloc))
<BR><BR>[Stack]<UL><LI>Max Depth = 176<LI>Call Chain = dir_alloc &rArr; dir_next &rArr; create_chain &rArr; put_fat &rArr; move_window &rArr; sync_window &rArr; disk_write
</UL>
<BR>[Calls]<UL><LI><a href="#[2cd]">&gt;&gt;</a>&nbsp;&nbsp;&nbsp;move_window
<LI><a href="#[2da]">&gt;&gt;</a>&nbsp;&nbsp;&nbsp;dir_sdi
<LI><a href="#[2db]">&gt;&gt;</a>&nbsp;&nbsp;&nbsp;dir_next
</UL>
<BR>[Called By]<UL><LI><a href="#[2e1]">&gt;&gt;</a>&nbsp;&nbsp;&nbsp;dir_register
</UL>

<P><STRONG><a name="[2dc]"></a>dir_find</STRONG> (Thumb, 258 bytes, Stack size 32 bytes, ff.o(i.dir_find))
<BR><BR>[Stack]<UL><LI>Max Depth = 184<LI>Call Chain = dir_find &rArr; dir_next &rArr; create_chain &rArr; put_fat &rArr; move_window &rArr; sync_window &rArr; disk_write
</UL>
<BR>[Calls]<UL><LI><a href="#[2dd]">&gt;&gt;</a>&nbsp;&nbsp;&nbsp;sum_sfn
<LI><a href="#[2cd]">&gt;&gt;</a>&nbsp;&nbsp;&nbsp;move_window
<LI><a href="#[2de]">&gt;&gt;</a>&nbsp;&nbsp;&nbsp;mem_cmp
<LI><a href="#[2da]">&gt;&gt;</a>&nbsp;&nbsp;&nbsp;dir_sdi
<LI><a href="#[2db]">&gt;&gt;</a>&nbsp;&nbsp;&nbsp;dir_next
<LI><a href="#[2ce]">&gt;&gt;</a>&nbsp;&nbsp;&nbsp;cmp_lfn
</UL>
<BR>[Called By]<UL><LI><a href="#[2f1]">&gt;&gt;</a>&nbsp;&nbsp;&nbsp;follow_path
<LI><a href="#[2e1]">&gt;&gt;</a>&nbsp;&nbsp;&nbsp;dir_register
</UL>

<P><STRONG><a name="[2db]"></a>dir_next</STRONG> (Thumb, 346 bytes, Stack size 24 bytes, ff.o(i.dir_next))
<BR><BR>[Stack]<UL><LI>Max Depth = 152<LI>Call Chain = dir_next &rArr; create_chain &rArr; put_fat &rArr; move_window &rArr; sync_window &rArr; disk_write
</UL>
<BR>[Calls]<UL><LI><a href="#[2d1]">&gt;&gt;</a>&nbsp;&nbsp;&nbsp;get_fat
<LI><a href="#[2e0]">&gt;&gt;</a>&nbsp;&nbsp;&nbsp;clust2sect
<LI><a href="#[2df]">&gt;&gt;</a>&nbsp;&nbsp;&nbsp;sync_window
<LI><a href="#[2d6]">&gt;&gt;</a>&nbsp;&nbsp;&nbsp;mem_set
<LI><a href="#[2d0]">&gt;&gt;</a>&nbsp;&nbsp;&nbsp;create_chain
</UL>
<BR>[Called By]<UL><LI><a href="#[2e1]">&gt;&gt;</a>&nbsp;&nbsp;&nbsp;dir_register
<LI><a href="#[2dc]">&gt;&gt;</a>&nbsp;&nbsp;&nbsp;dir_find
<LI><a href="#[2d9]">&gt;&gt;</a>&nbsp;&nbsp;&nbsp;dir_alloc
</UL>

<P><STRONG><a name="[2e1]"></a>dir_register</STRONG> (Thumb, 330 bytes, Stack size 48 bytes, ff.o(i.dir_register))
<BR><BR>[Stack]<UL><LI>Max Depth = 232<LI>Call Chain = dir_register &rArr; dir_find &rArr; dir_next &rArr; create_chain &rArr; put_fat &rArr; move_window &rArr; sync_window &rArr; disk_write
</UL>
<BR>[Calls]<UL><LI><a href="#[2dd]">&gt;&gt;</a>&nbsp;&nbsp;&nbsp;sum_sfn
<LI><a href="#[2cd]">&gt;&gt;</a>&nbsp;&nbsp;&nbsp;move_window
<LI><a href="#[2d6]">&gt;&gt;</a>&nbsp;&nbsp;&nbsp;mem_set
<LI><a href="#[2e2]">&gt;&gt;</a>&nbsp;&nbsp;&nbsp;mem_cpy
<LI><a href="#[2e3]">&gt;&gt;</a>&nbsp;&nbsp;&nbsp;gen_numname
<LI><a href="#[2e4]">&gt;&gt;</a>&nbsp;&nbsp;&nbsp;fit_lfn
<LI><a href="#[2da]">&gt;&gt;</a>&nbsp;&nbsp;&nbsp;dir_sdi
<LI><a href="#[2db]">&gt;&gt;</a>&nbsp;&nbsp;&nbsp;dir_next
<LI><a href="#[2dc]">&gt;&gt;</a>&nbsp;&nbsp;&nbsp;dir_find
<LI><a href="#[2d9]">&gt;&gt;</a>&nbsp;&nbsp;&nbsp;dir_alloc
</UL>
<BR>[Called By]<UL><LI><a href="#[144]">&gt;&gt;</a>&nbsp;&nbsp;&nbsp;f_open
</UL>

<P><STRONG><a name="[2da]"></a>dir_sdi</STRONG> (Thumb, 200 bytes, Stack size 24 bytes, ff.o(i.dir_sdi))
<BR><BR>[Stack]<UL><LI>Max Depth = 120<LI>Call Chain = dir_sdi &rArr; get_fat &rArr; move_window &rArr; sync_window &rArr; disk_write
</UL>
<BR>[Calls]<UL><LI><a href="#[2d1]">&gt;&gt;</a>&nbsp;&nbsp;&nbsp;get_fat
<LI><a href="#[2e0]">&gt;&gt;</a>&nbsp;&nbsp;&nbsp;clust2sect
</UL>
<BR>[Called By]<UL><LI><a href="#[2f1]">&gt;&gt;</a>&nbsp;&nbsp;&nbsp;follow_path
<LI><a href="#[2e1]">&gt;&gt;</a>&nbsp;&nbsp;&nbsp;dir_register
<LI><a href="#[2dc]">&gt;&gt;</a>&nbsp;&nbsp;&nbsp;dir_find
<LI><a href="#[2d9]">&gt;&gt;</a>&nbsp;&nbsp;&nbsp;dir_alloc
</UL>

<P><STRONG><a name="[2f3]"></a>enq_lock</STRONG> (Thumb, 36 bytes, Stack size 0 bytes, ff.o(i.enq_lock))
<BR><BR>[Called By]<UL><LI><a href="#[144]">&gt;&gt;</a>&nbsp;&nbsp;&nbsp;f_open
</UL>

<P><STRONG><a name="[2ef]"></a>find_volume</STRONG> (Thumb, 970 bytes, Stack size 88 bytes, ff.o(i.find_volume))
<BR><BR>[Stack]<UL><LI>Max Depth = 168<LI>Call Chain = find_volume &rArr; check_fs &rArr; move_window &rArr; sync_window &rArr; disk_write
</UL>
<BR>[Calls]<UL><LI><a href="#[2cd]">&gt;&gt;</a>&nbsp;&nbsp;&nbsp;move_window
<LI><a href="#[2ed]">&gt;&gt;</a>&nbsp;&nbsp;&nbsp;get_ldnumber
<LI><a href="#[2ee]">&gt;&gt;</a>&nbsp;&nbsp;&nbsp;clear_lock
<LI><a href="#[2cc]">&gt;&gt;</a>&nbsp;&nbsp;&nbsp;check_fs
<LI><a href="#[2ff]">&gt;&gt;</a>&nbsp;&nbsp;&nbsp;disk_status
<LI><a href="#[300]">&gt;&gt;</a>&nbsp;&nbsp;&nbsp;disk_initialize
</UL>
<BR>[Called By]<UL><LI><a href="#[144]">&gt;&gt;</a>&nbsp;&nbsp;&nbsp;f_open
<LI><a href="#[13c]">&gt;&gt;</a>&nbsp;&nbsp;&nbsp;f_mount
</UL>

<P><STRONG><a name="[2e4]"></a>fit_lfn</STRONG> (Thumb, 122 bytes, Stack size 20 bytes, ff.o(i.fit_lfn))
<BR><BR>[Stack]<UL><LI>Max Depth = 20<LI>Call Chain = fit_lfn
</UL>
<BR>[Called By]<UL><LI><a href="#[2e1]">&gt;&gt;</a>&nbsp;&nbsp;&nbsp;dir_register
</UL>

<P><STRONG><a name="[2f1]"></a>follow_path</STRONG> (Thumb, 156 bytes, Stack size 32 bytes, ff.o(i.follow_path))
<BR><BR>[Stack]<UL><LI>Max Depth = 216<LI>Call Chain = follow_path &rArr; dir_find &rArr; dir_next &rArr; create_chain &rArr; put_fat &rArr; move_window &rArr; sync_window &rArr; disk_write
</UL>
<BR>[Calls]<UL><LI><a href="#[2f4]">&gt;&gt;</a>&nbsp;&nbsp;&nbsp;ld_clust
<LI><a href="#[2da]">&gt;&gt;</a>&nbsp;&nbsp;&nbsp;dir_sdi
<LI><a href="#[2dc]">&gt;&gt;</a>&nbsp;&nbsp;&nbsp;dir_find
<LI><a href="#[2d3]">&gt;&gt;</a>&nbsp;&nbsp;&nbsp;create_name
</UL>
<BR>[Called By]<UL><LI><a href="#[144]">&gt;&gt;</a>&nbsp;&nbsp;&nbsp;f_open
</UL>

<P><STRONG><a name="[2e3]"></a>gen_numname</STRONG> (Thumb, 176 bytes, Stack size 64 bytes, ff.o(i.gen_numname))
<BR><BR>[Stack]<UL><LI>Max Depth = 80<LI>Call Chain = gen_numname &rArr; mem_cpy
</UL>
<BR>[Calls]<UL><LI><a href="#[2e2]">&gt;&gt;</a>&nbsp;&nbsp;&nbsp;mem_cpy
</UL>
<BR>[Called By]<UL><LI><a href="#[2e1]">&gt;&gt;</a>&nbsp;&nbsp;&nbsp;dir_register
</UL>

<P><STRONG><a name="[2ed]"></a>get_ldnumber</STRONG> (Thumb, 72 bytes, Stack size 16 bytes, ff.o(i.get_ldnumber))
<BR><BR>[Stack]<UL><LI>Max Depth = 16<LI>Call Chain = get_ldnumber
</UL>
<BR>[Called By]<UL><LI><a href="#[13c]">&gt;&gt;</a>&nbsp;&nbsp;&nbsp;f_mount
<LI><a href="#[2ef]">&gt;&gt;</a>&nbsp;&nbsp;&nbsp;find_volume
</UL>

<P><STRONG><a name="[2f7]"></a>inc_lock</STRONG> (Thumb, 226 bytes, Stack size 12 bytes, ff.o(i.inc_lock))
<BR><BR>[Stack]<UL><LI>Max Depth = 12<LI>Call Chain = inc_lock
</UL>
<BR>[Called By]<UL><LI><a href="#[144]">&gt;&gt;</a>&nbsp;&nbsp;&nbsp;f_open
</UL>

<P><STRONG><a name="[2f4]"></a>ld_clust</STRONG> (Thumb, 34 bytes, Stack size 8 bytes, ff.o(i.ld_clust))
<BR><BR>[Stack]<UL><LI>Max Depth = 8<LI>Call Chain = ld_clust
</UL>
<BR>[Called By]<UL><LI><a href="#[144]">&gt;&gt;</a>&nbsp;&nbsp;&nbsp;f_open
<LI><a href="#[2f1]">&gt;&gt;</a>&nbsp;&nbsp;&nbsp;follow_path
</UL>

<P><STRONG><a name="[2de]"></a>mem_cmp</STRONG> (Thumb, 38 bytes, Stack size 20 bytes, ff.o(i.mem_cmp))
<BR><BR>[Stack]<UL><LI>Max Depth = 20<LI>Call Chain = mem_cmp
</UL>
<BR>[Called By]<UL><LI><a href="#[2dc]">&gt;&gt;</a>&nbsp;&nbsp;&nbsp;dir_find
</UL>

<P><STRONG><a name="[2e2]"></a>mem_cpy</STRONG> (Thumb, 26 bytes, Stack size 16 bytes, ff.o(i.mem_cpy))
<BR><BR>[Stack]<UL><LI>Max Depth = 16<LI>Call Chain = mem_cpy
</UL>
<BR>[Called By]<UL><LI><a href="#[10e]">&gt;&gt;</a>&nbsp;&nbsp;&nbsp;f_write
<LI><a href="#[2e3]">&gt;&gt;</a>&nbsp;&nbsp;&nbsp;gen_numname
<LI><a href="#[2e1]">&gt;&gt;</a>&nbsp;&nbsp;&nbsp;dir_register
</UL>

<P><STRONG><a name="[2d6]"></a>mem_set</STRONG> (Thumb, 20 bytes, Stack size 12 bytes, ff.o(i.mem_set))
<BR><BR>[Stack]<UL><LI>Max Depth = 12<LI>Call Chain = mem_set
</UL>
<BR>[Called By]<UL><LI><a href="#[2fa]">&gt;&gt;</a>&nbsp;&nbsp;&nbsp;sync_fs
<LI><a href="#[2e1]">&gt;&gt;</a>&nbsp;&nbsp;&nbsp;dir_register
<LI><a href="#[2db]">&gt;&gt;</a>&nbsp;&nbsp;&nbsp;dir_next
<LI><a href="#[2d3]">&gt;&gt;</a>&nbsp;&nbsp;&nbsp;create_name
</UL>

<P><STRONG><a name="[2cd]"></a>move_window</STRONG> (Thumb, 56 bytes, Stack size 16 bytes, ff.o(i.move_window))
<BR><BR>[Stack]<UL><LI>Max Depth = 64<LI>Call Chain = move_window &rArr; sync_window &rArr; disk_write
</UL>
<BR>[Calls]<UL><LI><a href="#[2df]">&gt;&gt;</a>&nbsp;&nbsp;&nbsp;sync_window
<LI><a href="#[2fc]">&gt;&gt;</a>&nbsp;&nbsp;&nbsp;disk_read
</UL>
<BR>[Called By]<UL><LI><a href="#[144]">&gt;&gt;</a>&nbsp;&nbsp;&nbsp;f_open
<LI><a href="#[2d2]">&gt;&gt;</a>&nbsp;&nbsp;&nbsp;put_fat
<LI><a href="#[2d1]">&gt;&gt;</a>&nbsp;&nbsp;&nbsp;get_fat
<LI><a href="#[2ea]">&gt;&gt;</a>&nbsp;&nbsp;&nbsp;f_sync
<LI><a href="#[2ef]">&gt;&gt;</a>&nbsp;&nbsp;&nbsp;find_volume
<LI><a href="#[2e1]">&gt;&gt;</a>&nbsp;&nbsp;&nbsp;dir_register
<LI><a href="#[2dc]">&gt;&gt;</a>&nbsp;&nbsp;&nbsp;dir_find
<LI><a href="#[2d9]">&gt;&gt;</a>&nbsp;&nbsp;&nbsp;dir_alloc
<LI><a href="#[2cc]">&gt;&gt;</a>&nbsp;&nbsp;&nbsp;check_fs
</UL>

<P><STRONG><a name="[2f6]"></a>remove_chain</STRONG> (Thumb, 122 bytes, Stack size 24 bytes, ff.o(i.remove_chain))
<BR><BR>[Stack]<UL><LI>Max Depth = 120<LI>Call Chain = remove_chain &rArr; put_fat &rArr; move_window &rArr; sync_window &rArr; disk_write
</UL>
<BR>[Calls]<UL><LI><a href="#[2d2]">&gt;&gt;</a>&nbsp;&nbsp;&nbsp;put_fat
<LI><a href="#[2d1]">&gt;&gt;</a>&nbsp;&nbsp;&nbsp;get_fat
</UL>
<BR>[Called By]<UL><LI><a href="#[144]">&gt;&gt;</a>&nbsp;&nbsp;&nbsp;f_open
</UL>

<P><STRONG><a name="[2f5]"></a>st_clust</STRONG> (Thumb, 16 bytes, Stack size 0 bytes, ff.o(i.st_clust))
<BR><BR>[Called By]<UL><LI><a href="#[144]">&gt;&gt;</a>&nbsp;&nbsp;&nbsp;f_open
<LI><a href="#[2ea]">&gt;&gt;</a>&nbsp;&nbsp;&nbsp;f_sync
</UL>

<P><STRONG><a name="[2dd]"></a>sum_sfn</STRONG> (Thumb, 32 bytes, Stack size 12 bytes, ff.o(i.sum_sfn))
<BR><BR>[Stack]<UL><LI>Max Depth = 12<LI>Call Chain = sum_sfn
</UL>
<BR>[Called By]<UL><LI><a href="#[2e1]">&gt;&gt;</a>&nbsp;&nbsp;&nbsp;dir_register
<LI><a href="#[2dc]">&gt;&gt;</a>&nbsp;&nbsp;&nbsp;dir_find
</UL>

<P><STRONG><a name="[2fa]"></a>sync_fs</STRONG> (Thumb, 244 bytes, Stack size 16 bytes, ff.o(i.sync_fs))
<BR><BR>[Stack]<UL><LI>Max Depth = 64<LI>Call Chain = sync_fs &rArr; sync_window &rArr; disk_write
</UL>
<BR>[Calls]<UL><LI><a href="#[2df]">&gt;&gt;</a>&nbsp;&nbsp;&nbsp;sync_window
<LI><a href="#[2d6]">&gt;&gt;</a>&nbsp;&nbsp;&nbsp;mem_set
<LI><a href="#[2f9]">&gt;&gt;</a>&nbsp;&nbsp;&nbsp;disk_write
<LI><a href="#[308]">&gt;&gt;</a>&nbsp;&nbsp;&nbsp;disk_ioctl
</UL>
<BR>[Called By]<UL><LI><a href="#[2ea]">&gt;&gt;</a>&nbsp;&nbsp;&nbsp;f_sync
</UL>

<P><STRONG><a name="[2df]"></a>sync_window</STRONG> (Thumb, 96 bytes, Stack size 24 bytes, ff.o(i.sync_window))
<BR><BR>[Stack]<UL><LI>Max Depth = 48<LI>Call Chain = sync_window &rArr; disk_write
</UL>
<BR>[Calls]<UL><LI><a href="#[2f9]">&gt;&gt;</a>&nbsp;&nbsp;&nbsp;disk_write
</UL>
<BR>[Called By]<UL><LI><a href="#[2fa]">&gt;&gt;</a>&nbsp;&nbsp;&nbsp;sync_fs
<LI><a href="#[2cd]">&gt;&gt;</a>&nbsp;&nbsp;&nbsp;move_window
<LI><a href="#[2db]">&gt;&gt;</a>&nbsp;&nbsp;&nbsp;dir_next
</UL>

<P><STRONG><a name="[2eb]"></a>validate</STRONG> (Thumb, 66 bytes, Stack size 16 bytes, ff.o(i.validate))
<BR><BR>[Stack]<UL><LI>Max Depth = 32<LI>Call Chain = validate &rArr; disk_status
</UL>
<BR>[Calls]<UL><LI><a href="#[2ff]">&gt;&gt;</a>&nbsp;&nbsp;&nbsp;disk_status
</UL>
<BR>[Called By]<UL><LI><a href="#[10e]">&gt;&gt;</a>&nbsp;&nbsp;&nbsp;f_write
<LI><a href="#[13e]">&gt;&gt;</a>&nbsp;&nbsp;&nbsp;f_close
<LI><a href="#[2ea]">&gt;&gt;</a>&nbsp;&nbsp;&nbsp;f_sync
</UL>

<P><STRONG><a name="[2c8]"></a>_fp_digits</STRONG> (Thumb, 334 bytes, Stack size 56 bytes, printfa.o(i._fp_digits), UNUSED)
<BR><BR>[Calls]<UL><LI><a href="#[fa]">&gt;&gt;</a>&nbsp;&nbsp;&nbsp;__aeabi_dmul
<LI><a href="#[105]">&gt;&gt;</a>&nbsp;&nbsp;&nbsp;__aeabi_d2ulz
<LI><a href="#[f3]">&gt;&gt;</a>&nbsp;&nbsp;&nbsp;__aeabi_uldivmod
<LI><a href="#[103]">&gt;&gt;</a>&nbsp;&nbsp;&nbsp;__aeabi_ddiv
<LI><a href="#[ff]">&gt;&gt;</a>&nbsp;&nbsp;&nbsp;__aeabi_dadd
<LI><a href="#[2c3]">&gt;&gt;</a>&nbsp;&nbsp;&nbsp;__aeabi_cdrcmple
</UL>
<BR>[Called By]<UL><LI><a href="#[2b7]">&gt;&gt;</a>&nbsp;&nbsp;&nbsp;_printf_core
</UL>

<P><STRONG><a name="[2b7]"></a>_printf_core</STRONG> (Thumb, 1744 bytes, Stack size 136 bytes, printfa.o(i._printf_core), UNUSED)
<BR><BR>[Calls]<UL><LI><a href="#[2cb]">&gt;&gt;</a>&nbsp;&nbsp;&nbsp;__aeabi_uidivmod
<LI><a href="#[2c9]">&gt;&gt;</a>&nbsp;&nbsp;&nbsp;_printf_pre_padding
<LI><a href="#[2ca]">&gt;&gt;</a>&nbsp;&nbsp;&nbsp;_printf_post_padding
<LI><a href="#[2c8]">&gt;&gt;</a>&nbsp;&nbsp;&nbsp;_fp_digits
<LI><a href="#[f3]">&gt;&gt;</a>&nbsp;&nbsp;&nbsp;__aeabi_uldivmod
</UL>
<BR>[Called By]<UL><LI><a href="#[2b8]">&gt;&gt;</a>&nbsp;&nbsp;&nbsp;__0sprintf
<LI><a href="#[2b6]">&gt;&gt;</a>&nbsp;&nbsp;&nbsp;__0printf
</UL>

<P><STRONG><a name="[2ca]"></a>_printf_post_padding</STRONG> (Thumb, 36 bytes, Stack size 24 bytes, printfa.o(i._printf_post_padding), UNUSED)
<BR><BR>[Called By]<UL><LI><a href="#[2b7]">&gt;&gt;</a>&nbsp;&nbsp;&nbsp;_printf_core
</UL>

<P><STRONG><a name="[2c9]"></a>_printf_pre_padding</STRONG> (Thumb, 46 bytes, Stack size 24 bytes, printfa.o(i._printf_pre_padding), UNUSED)
<BR><BR>[Called By]<UL><LI><a href="#[2b7]">&gt;&gt;</a>&nbsp;&nbsp;&nbsp;_printf_core
</UL>

<P><STRONG><a name="[eb]"></a>_sputc</STRONG> (Thumb, 10 bytes, Stack size 0 bytes, printfa.o(i._sputc))
<BR><BR>[Called By]<UL><LI><a href="#[2b8]">&gt;&gt;</a>&nbsp;&nbsp;&nbsp;__0sprintf
</UL>
<BR>[Address Reference Count : 1]<UL><LI> printfa.o(i.__0sprintf)
</UL><P>
<H3>
Undefined Global Symbols
</H3><HR></body></html>
